Component: ARM Compiler 5.06 update 6 (build 750) Tool: armlink [4d35ed]

==============================================================================

Section Cross References

    startup_stm32f042x6.o(RESET) refers to startup_stm32f042x6.o(STACK) for __initial_sp
    startup_stm32f042x6.o(RESET) refers to startup_stm32f042x6.o(.text) for Reset_Handler
    startup_stm32f042x6.o(RESET) refers to stm32f0xx_it.o(i.NMI_Handler) for NMI_Handler
    startup_stm32f042x6.o(RESET) refers to stm32f0xx_it.o(i.HardFault_Handler) for HardFault_Handler
    startup_stm32f042x6.o(RESET) refers to stm32f0xx_it.o(i.SVC_Handler) for SVC_Handler
    startup_stm32f042x6.o(RESET) refers to stm32f0xx_it.o(i.PendSV_Handler) for PendSV_Handler
    startup_stm32f042x6.o(RESET) refers to stm32f0xx_it.o(i.SysTick_Handler) for SysTick_Handler
    startup_stm32f042x6.o(RESET) refers to stm32f0xx_it.o(i.EXTI0_1_IRQHandler) for EXTI0_1_IRQHandler
    startup_stm32f042x6.o(RESET) refers to stm32f0xx_it.o(i.SPI1_IRQHandler) for SPI1_IRQHandler
    startup_stm32f042x6.o(.text) refers to startup_stm32f042x6.o(STACK) for __initial_sp
    startup_stm32f042x6.o(.text) refers to system_stm32f0xx.o(i.SystemInit) for SystemInit
    startup_stm32f042x6.o(.text) refers to entry.o(.ARM.Collect$$$$00000000) for __main
    adb.o(i.adb_init) refers to adb.o(i.adb_reset) for adb_reset
    adb.o(i.adb_init) refers to adb.o(.data) for .data
    adb.o(i.adb_listen_16b) refers to stm32f0xx_hal_gpio.o(i.HAL_GPIO_ReadPin) for HAL_GPIO_ReadPin
    adb.o(i.adb_listen_16b) refers to adb.o(i.wait_until_change) for wait_until_change
    adb.o(i.adb_listen_16b) refers to stm32f0xx_hal_gpio.o(i.HAL_GPIO_WritePin) for HAL_GPIO_WritePin
    adb.o(i.adb_listen_16b) refers to adb.o(i.adb_read_bit) for adb_read_bit
    adb.o(i.adb_listen_16b) refers to adb.o(.data) for .data
    adb.o(i.adb_read_bit) refers to stm32f0xx_hal_gpio.o(i.HAL_GPIO_ReadPin) for HAL_GPIO_ReadPin
    adb.o(i.adb_read_bit) refers to adb.o(i.wait_until_change) for wait_until_change
    adb.o(i.adb_read_bit) refers to adb.o(.data) for .data
    adb.o(i.adb_recv_cmd) refers to adb.o(i.look_for_atten) for look_for_atten
    adb.o(i.adb_recv_cmd) refers to adb.o(i.wait_until_change) for wait_until_change
    adb.o(i.adb_recv_cmd) refers to stm32f0xx_hal_gpio.o(i.HAL_GPIO_WritePin) for HAL_GPIO_WritePin
    adb.o(i.adb_recv_cmd) refers to adb.o(i.adb_read_bit) for adb_read_bit
    adb.o(i.adb_recv_cmd) refers to delay_us.o(i.micros) for micros
    adb.o(i.adb_recv_cmd) refers to adb.o(.data) for .data
    adb.o(i.adb_release_lines) refers to stm32f0xx_hal_gpio.o(i.HAL_GPIO_WritePin) for HAL_GPIO_WritePin
    adb.o(i.adb_release_lines) refers to adb.o(.data) for .data
    adb.o(i.adb_reset) refers to adb.o(i.adb_release_lines) for adb_release_lines
    adb.o(i.adb_reset) refers to stm32f0xx_hal_gpio.o(i.HAL_GPIO_WritePin) for HAL_GPIO_WritePin
    adb.o(i.adb_reset) refers to adb.o(.data) for .data
    adb.o(i.adb_send_response_16b) refers to stm32f0xx_hal_gpio.o(i.HAL_GPIO_WritePin) for HAL_GPIO_WritePin
    adb.o(i.adb_send_response_16b) refers to delay_us.o(i.delay_us) for delay_us
    adb.o(i.adb_send_response_16b) refers to adb.o(i.adb_write_16) for adb_write_16
    adb.o(i.adb_send_response_16b) refers to adb.o(.data) for .data
    adb.o(i.adb_write_16) refers to adb.o(i.adb_write_byte) for adb_write_byte
    adb.o(i.adb_write_byte) refers to stm32f0xx_hal_gpio.o(i.HAL_GPIO_WritePin) for HAL_GPIO_WritePin
    adb.o(i.adb_write_byte) refers to delay_us.o(i.delay_us) for delay_us
    adb.o(i.adb_write_byte) refers to stm32f0xx_hal_gpio.o(i.HAL_GPIO_ReadPin) for HAL_GPIO_ReadPin
    adb.o(i.adb_write_byte) refers to adb.o(.data) for .data
    adb.o(i.look_for_atten) refers to stm32f0xx_hal_gpio.o(i.HAL_GPIO_ReadPin) for HAL_GPIO_ReadPin
    adb.o(i.look_for_atten) refers to adb.o(i.wait_until_change) for wait_until_change
    adb.o(i.look_for_atten) refers to adb.o(.data) for .data
    adb.o(i.parse_adb_cmd) refers to rand.o(.text) for rand
    adb.o(i.parse_adb_cmd) refers to idiv.o(.text) for __aeabi_idivmod
    adb.o(i.parse_adb_cmd) refers to adb.o(i.adb_send_response_16b) for adb_send_response_16b
    adb.o(i.parse_adb_cmd) refers to adb.o(i.adb_listen_16b) for adb_listen_16b
    adb.o(i.parse_adb_cmd) refers to stm32f0xx_hal_gpio.o(i.HAL_GPIO_WritePin) for HAL_GPIO_WritePin
    adb.o(i.parse_adb_cmd) refers to adb.o(.data) for .data
    adb.o(i.send_srq) refers to stm32f0xx_hal_gpio.o(i.HAL_GPIO_WritePin) for HAL_GPIO_WritePin
    adb.o(i.send_srq) refers to delay_us.o(i.delay_us) for delay_us
    adb.o(i.send_srq) refers to adb.o(.data) for .data
    adb.o(i.wait_until_change) refers to delay_us.o(i.micros) for micros
    adb.o(i.wait_until_change) refers to stm32f0xx_hal_gpio.o(i.HAL_GPIO_ReadPin) for HAL_GPIO_ReadPin
    adb.o(i.wait_until_change) refers to adb.o(.data) for .data
    delay_us.o(i.delay_us) refers to delay_us.o(i.micros) for micros
[...]
    Removing stm32f0xx_hal_spi.o(i.SPI_AbortRx_ISR), (132 bytes).
    Removing stm32f0xx_hal_spi.o(i.SPI_AbortTx_ISR), (128 bytes).
    Removing stm32f0xx_hal_spi.o(i.SPI_CloseRx_ISR), (66 bytes).
    Removing stm32f0xx_hal_spi.o(i.SPI_CloseTx_ISR), (80 bytes).
    Removing stm32f0xx_hal_spi.o(i.SPI_DMAError), (34 bytes).
    Removing stm32f0xx_hal_spi.o(i.SPI_DMAHalfReceiveCplt), (10 bytes).
    Removing stm32f0xx_hal_spi.o(i.SPI_DMAHalfTransmitCplt), (10 bytes).
    Removing stm32f0xx_hal_spi.o(i.SPI_DMAHalfTransmitReceiveCplt), (10 bytes).
    Removing stm32f0xx_hal_spi.o(i.SPI_DMAReceiveCplt), (88 bytes).
    Removing stm32f0xx_hal_spi.o(i.SPI_DMARxAbortCallback), (134 bytes).
    Removing stm32f0xx_hal_spi.o(i.SPI_DMATransmitCplt), (104 bytes).
    Removing stm32f0xx_hal_spi.o(i.SPI_DMATransmitReceiveCplt), (94 bytes).
    Removing stm32f0xx_hal_spi.o(i.SPI_DMATxAbortCallback), (128 bytes).
    Removing stm32f0xx_hal_spi.o(i.SPI_EndRxTransaction), (120 bytes).
    Removing stm32f0xx_hal_spi.o(i.SPI_RxISR_16BIT), (38 bytes).
    Removing stm32f0xx_hal_spi.o(i.SPI_RxISR_8BIT), (36 bytes).
    Removing stm32f0xx_hal_spi.o(i.SPI_TxISR_16BIT), (34 bytes).
    Removing stm32f0xx_hal_spi.o(i.SPI_TxISR_8BIT), (32 bytes).
    Removing stm32f0xx_hal_spi_ex.o(.rev16_text), (4 bytes).
    Removing stm32f0xx_hal_spi_ex.o(.revsh_text), (4 bytes).
    Removing stm32f0xx_hal_spi_ex.o(i.HAL_SPIEx_FlushRxFifo), (36 bytes).
    Removing stm32f0xx_hal_tim.o(.rev16_text), (4 bytes).
    Removing stm32f0xx_hal_tim.o(.revsh_text), (4 bytes).
    Removing stm32f0xx_hal_tim.o(i.HAL_TIM_Base_DeInit), (52 bytes).
    Removing stm32f0xx_hal_tim.o(i.HAL_TIM_Base_GetState), (6 bytes).
    Removing stm32f0xx_hal_tim.o(i.HAL_TIM_Base_MspDeInit), (2 bytes).
    Removing stm32f0xx_hal_tim.o(i.HAL_TIM_Base_MspInit), (2 bytes).
    Removing stm32f0xx_hal_tim.o(i.HAL_TIM_Base_Start_DMA), (100 bytes).
    Removing stm32f0xx_hal_tim.o(i.HAL_TIM_Base_Start_IT), (22 bytes).
    Removing stm32f0xx_hal_tim.o(i.HAL_TIM_Base_Stop), (48 bytes).
    Removing stm32f0xx_hal_tim.o(i.HAL_TIM_Base_Stop_DMA), (52 bytes).
    Removing stm32f0xx_hal_tim.o(i.HAL_TIM_Base_Stop_IT), (44 bytes).
    Removing stm32f0xx_hal_tim.o(i.HAL_TIM_ConfigOCrefClear), (188 bytes).
    Removing stm32f0xx_hal_tim.o(i.HAL_TIM_ConfigTI1Input), (16 bytes).
    Removing stm32f0xx_hal_tim.o(i.HAL_TIM_DMABurst_MultiReadStart), (264 bytes).
    Removing stm32f0xx_hal_tim.o(i.HAL_TIM_DMABurst_MultiWriteStart), (264 bytes).
    Removing stm32f0xx_hal_tim.o(i.HAL_TIM_DMABurst_ReadStart), (18 bytes).
    Removing stm32f0xx_hal_tim.o(i.HAL_TIM_DMABurst_ReadStop), (100 bytes).
    Removing stm32f0xx_hal_tim.o(i.HAL_TIM_DMABurst_WriteStart), (18 bytes).
    Removing stm32f0xx_hal_tim.o(i.HAL_TIM_DMABurst_WriteStop), (100 bytes).
    Removing stm32f0xx_hal_tim.o(i.HAL_TIM_Encoder_DeInit), (52 bytes).
    Removing stm32f0xx_hal_tim.o(i.HAL_TIM_Encoder_GetState), (6 bytes).
    Removing stm32f0xx_hal_tim.o(i.HAL_TIM_Encoder_Init), (152 bytes).
    Removing stm32f0xx_hal_tim.o(i.HAL_TIM_Encoder_MspDeInit), (2 bytes).
    Removing stm32f0xx_hal_tim.o(i.HAL_TIM_Encoder_MspInit), (2 bytes).
    Removing stm32f0xx_hal_tim.o(i.HAL_TIM_Encoder_Start), (52 bytes).
    Removing stm32f0xx_hal_tim.o(i.HAL_TIM_Encoder_Start_DMA), (284 bytes).
    Removing stm32f0xx_hal_tim.o(i.HAL_TIM_Encoder_Start_IT), (92 bytes).
    Removing stm32f0xx_hal_tim.o(i.HAL_TIM_Encoder_Stop), (72 bytes).
    Removing stm32f0xx_hal_tim.o(i.HAL_TIM_Encoder_Stop_DMA), (120 bytes).
    Removing stm32f0xx_hal_tim.o(i.HAL_TIM_Encoder_Stop_IT), (120 bytes).
    Removing stm32f0xx_hal_tim.o(i.HAL_TIM_ErrorCallback), (2 bytes).
    Removing stm32f0xx_hal_tim.o(i.HAL_TIM_GenerateEvent), (36 bytes).
    Removing stm32f0xx_hal_tim.o(i.HAL_TIM_IC_CaptureCallback), (2 bytes).
    Removing stm32f0xx_hal_tim.o(i.HAL_TIM_IC_ConfigChannel), (288 bytes).
    Removing stm32f0xx_hal_tim.o(i.HAL_TIM_IC_DeInit), (52 bytes).
    Removing stm32f0xx_hal_tim.o(i.HAL_TIM_IC_GetState), (6 bytes).
    Removing stm32f0xx_hal_tim.o(i.HAL_TIM_IC_Init), (52 bytes).
    Removing stm32f0xx_hal_tim.o(i.HAL_TIM_IC_MspDeInit), (2 bytes).
    Removing stm32f0xx_hal_tim.o(i.HAL_TIM_IC_MspInit), (2 bytes).
    Removing stm32f0xx_hal_tim.o(i.HAL_TIM_IC_Start), (26 bytes).
    Removing stm32f0xx_hal_tim.o(i.HAL_TIM_IC_Start_DMA), (212 bytes).
    Removing stm32f0xx_hal_tim.o(i.HAL_TIM_IC_Start_IT), (72 bytes).
    Removing stm32f0xx_hal_tim.o(i.HAL_TIM_IC_Stop), (48 bytes).
    Removing stm32f0xx_hal_tim.o(i.HAL_TIM_IC_Stop_DMA), (108 bytes).
    Removing stm32f0xx_hal_tim.o(i.HAL_TIM_IC_Stop_IT), (92 bytes).
    Removing stm32f0xx_hal_tim.o(i.HAL_TIM_IRQHandler), (354 bytes).
    Removing stm32f0xx_hal_tim.o(i.HAL_TIM_OC_ConfigChannel), (80 bytes).
    Removing stm32f0xx_hal_tim.o(i.HAL_TIM_OC_DeInit), (52 bytes).
    Removing stm32f0xx_hal_tim.o(i.HAL_TIM_OC_DelayElapsedCallback), (2 bytes).
    Removing stm32f0xx_hal_tim.o(i.HAL_TIM_OC_GetState), (6 bytes).
    Removing stm32f0xx_hal_tim.o(i.HAL_TIM_OC_Init), (52 bytes).
    Removing stm32f0xx_hal_tim.o(i.HAL_TIM_OC_MspDeInit), (2 bytes).
    Removing stm32f0xx_hal_tim.o(i.HAL_TIM_OC_MspInit), (2 bytes).
    Removing stm32f0xx_hal_tim.o(i.HAL_TIM_OC_Start), (68 bytes).
    Removing stm32f0xx_hal_tim.o(i.HAL_TIM_OC_Start_DMA), (264 bytes).
    Removing stm32f0xx_hal_tim.o(i.HAL_TIM_OC_Start_IT), (116 bytes).
    Removing stm32f0xx_hal_tim.o(i.HAL_TIM_OC_Stop), (100 bytes).
    Removing stm32f0xx_hal_tim.o(i.HAL_TIM_OC_Stop_DMA), (160 bytes).
    Removing stm32f0xx_hal_tim.o(i.HAL_TIM_OC_Stop_IT), (148 bytes).
    Removing stm32f0xx_hal_tim.o(i.HAL_TIM_OnePulse_ConfigChannel), (214 bytes).
    Removing stm32f0xx_hal_tim.o(i.HAL_TIM_OnePulse_DeInit), (52 bytes).
    Removing stm32f0xx_hal_tim.o(i.HAL_TIM_OnePulse_GetState), (6 bytes).
    Removing stm32f0xx_hal_tim.o(i.HAL_TIM_OnePulse_Init), (72 bytes).
    Removing stm32f0xx_hal_tim.o(i.HAL_TIM_OnePulse_MspDeInit), (2 bytes).
    Removing stm32f0xx_hal_tim.o(i.HAL_TIM_OnePulse_MspInit), (2 bytes).
    Removing stm32f0xx_hal_tim.o(i.HAL_TIM_OnePulse_Start), (72 bytes).
    Removing stm32f0xx_hal_tim.o(i.HAL_TIM_OnePulse_Start_IT), (92 bytes).
    Removing stm32f0xx_hal_tim.o(i.HAL_TIM_OnePulse_Stop), (112 bytes).
    Removing stm32f0xx_hal_tim.o(i.HAL_TIM_OnePulse_Stop_IT), (132 bytes).
    Removing stm32f0xx_hal_tim.o(i.HAL_TIM_PWM_ConfigChannel), (208 bytes).
    Removing stm32f0xx_hal_tim.o(i.HAL_TIM_PWM_DeInit), (52 bytes).
    Removing stm32f0xx_hal_tim.o(i.HAL_TIM_PWM_GetState), (6 bytes).
    Removing stm32f0xx_hal_tim.o(i.HAL_TIM_PWM_Init), (52 bytes).
    Removing stm32f0xx_hal_tim.o(i.HAL_TIM_PWM_MspDeInit), (2 bytes).
    Removing stm32f0xx_hal_tim.o(i.HAL_TIM_PWM_MspInit), (2 bytes).
    Removing stm32f0xx_hal_tim.o(i.HAL_TIM_PWM_PulseFinishedCallback), (2 bytes).
    Removing stm32f0xx_hal_tim.o(i.HAL_TIM_PWM_Start), (68 bytes).
    Removing stm32f0xx_hal_tim.o(i.HAL_TIM_PWM_Start_DMA), (264 bytes).
    Removing stm32f0xx_hal_tim.o(i.HAL_TIM_PWM_Start_IT), (116 bytes).
    Removing stm32f0xx_hal_tim.o(i.HAL_TIM_PWM_Stop), (108 bytes).
    Removing stm32f0xx_hal_tim.o(i.HAL_TIM_PWM_Stop_DMA), (160 bytes).
    Removing stm32f0xx_hal_tim.o(i.HAL_TIM_PWM_Stop_IT), (148 bytes).
    Removing stm32f0xx_hal_tim.o(i.HAL_TIM_PeriodElapsedCallback), (2 bytes).
    Removing stm32f0xx_hal_tim.o(i.HAL_TIM_ReadCapturedValue), (70 bytes).
    Removing stm32f0xx_hal_tim.o(i.HAL_TIM_SlaveConfigSynchronization), (60 bytes).
    Removing stm32f0xx_hal_tim.o(i.HAL_TIM_SlaveConfigSynchronization_IT), (60 bytes).
    Removing stm32f0xx_hal_tim.o(i.HAL_TIM_TriggerCallback), (2 bytes).
    Removing stm32f0xx_hal_tim.o(i.TIM_CCxChannelCmd), (22 bytes).
    Removing stm32f0xx_hal_tim.o(i.TIM_DMACaptureCplt), (62 bytes).
    Removing stm32f0xx_hal_tim.o(i.TIM_DMADelayPulseCplt), (62 bytes).
    Removing stm32f0xx_hal_tim.o(i.TIM_DMAError), (16 bytes).
    Removing stm32f0xx_hal_tim.o(i.TIM_DMAPeriodElapsedCplt), (16 bytes).
    Removing stm32f0xx_hal_tim.o(i.TIM_DMATriggerCplt), (16 bytes).
    Removing stm32f0xx_hal_tim.o(i.TIM_OC1_SetConfig), (120 bytes).
    Removing stm32f0xx_hal_tim.o(i.TIM_OC2_SetConfig), (116 bytes).
    Removing stm32f0xx_hal_tim.o(i.TIM_OC3_SetConfig), (120 bytes).
    Removing stm32f0xx_hal_tim.o(i.TIM_OC4_SetConfig), (96 bytes).
    Removing stm32f0xx_hal_tim.o(i.TIM_SlaveTimer_SetConfig), (122 bytes).
    Removing stm32f0xx_hal_tim.o(i.TIM_TI1_SetConfig), (76 bytes).
    Removing stm32f0xx_hal_tim.o(i.TIM_TI2_SetConfig), (52 bytes).
    Removing stm32f0xx_hal_tim_ex.o(.rev16_text), (4 bytes).
    Removing stm32f0xx_hal_tim_ex.o(.revsh_text), (4 bytes).
    Removing stm32f0xx_hal_tim_ex.o(i.HAL_TIMEx_BreakCallback), (2 bytes).
    Removing stm32f0xx_hal_tim_ex.o(i.HAL_TIMEx_CommutationCallback), (2 bytes).
    Removing stm32f0xx_hal_tim_ex.o(i.HAL_TIMEx_ConfigBreakDeadTime), (96 bytes).
    Removing stm32f0xx_hal_tim_ex.o(i.HAL_TIMEx_ConfigCommutationEvent), (88 bytes).
    Removing stm32f0xx_hal_tim_ex.o(i.HAL_TIMEx_ConfigCommutationEvent_DMA), (120 bytes).
    Removing stm32f0xx_hal_tim_ex.o(i.HAL_TIMEx_ConfigCommutationEvent_IT), (98 bytes).
    Removing stm32f0xx_hal_tim_ex.o(i.HAL_TIMEx_HallSensor_DeInit), (52 bytes).
    Removing stm32f0xx_hal_tim_ex.o(i.HAL_TIMEx_HallSensor_GetState), (6 bytes).
    Removing stm32f0xx_hal_tim_ex.o(i.HAL_TIMEx_HallSensor_Init), (184 bytes).
    Removing stm32f0xx_hal_tim_ex.o(i.HAL_TIMEx_HallSensor_MspDeInit), (2 bytes).
    Removing stm32f0xx_hal_tim_ex.o(i.HAL_TIMEx_HallSensor_MspInit), (2 bytes).
    Removing stm32f0xx_hal_tim_ex.o(i.HAL_TIMEx_HallSensor_Start), (28 bytes).
    Removing stm32f0xx_hal_tim_ex.o(i.HAL_TIMEx_HallSensor_Start_DMA), (116 bytes).
    Removing stm32f0xx_hal_tim_ex.o(i.HAL_TIMEx_HallSensor_Start_IT), (38 bytes).
    Removing stm32f0xx_hal_tim_ex.o(i.HAL_TIMEx_HallSensor_Stop), (48 bytes).
    Removing stm32f0xx_hal_tim_ex.o(i.HAL_TIMEx_HallSensor_Stop_DMA), (60 bytes).
    Removing stm32f0xx_hal_tim_ex.o(i.HAL_TIMEx_HallSensor_Stop_IT), (60 bytes).
    Removing stm32f0xx_hal_tim_ex.o(i.HAL_TIMEx_OCN_Start), (38 bytes).
    Removing stm32f0xx_hal_tim_ex.o(i.HAL_TIMEx_OCN_Start_DMA), (232 bytes).
    Removing stm32f0xx_hal_tim_ex.o(i.HAL_TIMEx_OCN_Start_IT), (94 bytes).
    Removing stm32f0xx_hal_tim_ex.o(i.HAL_TIMEx_OCN_Stop), (76 bytes).
    Removing stm32f0xx_hal_tim_ex.o(i.HAL_TIMEx_OCN_Stop_DMA), (136 bytes).
    Removing stm32f0xx_hal_tim_ex.o(i.HAL_TIMEx_OCN_Stop_IT), (136 bytes).
    Removing stm32f0xx_hal_tim_ex.o(i.HAL_TIMEx_OnePulseN_Start), (28 bytes).
    Removing stm32f0xx_hal_tim_ex.o(i.HAL_TIMEx_OnePulseN_Start_IT), (48 bytes).
    Removing stm32f0xx_hal_tim_ex.o(i.HAL_TIMEx_OnePulseN_Stop), (76 bytes).
    Removing stm32f0xx_hal_tim_ex.o(i.HAL_TIMEx_OnePulseN_Stop_IT), (96 bytes).
    Removing stm32f0xx_hal_tim_ex.o(i.HAL_TIMEx_PWMN_Start), (38 bytes).
    Removing stm32f0xx_hal_tim_ex.o(i.HAL_TIMEx_PWMN_Start_DMA), (232 bytes).
    Removing stm32f0xx_hal_tim_ex.o(i.HAL_TIMEx_PWMN_Start_IT), (94 bytes).
    Removing stm32f0xx_hal_tim_ex.o(i.HAL_TIMEx_PWMN_Stop), (76 bytes).
    Removing stm32f0xx_hal_tim_ex.o(i.HAL_TIMEx_PWMN_Stop_DMA), (136 bytes).
    Removing stm32f0xx_hal_tim_ex.o(i.HAL_TIMEx_PWMN_Stop_IT), (136 bytes).
    Removing stm32f0xx_hal_tim_ex.o(i.HAL_TIMEx_RemapConfig), (30 bytes).
    Removing stm32f0xx_hal_tim_ex.o(i.TIMEx_DMACommutationCplt), (16 bytes).
    Removing stm32f0xx_hal_tim_ex.o(i.TIM_CCxNChannelCmd), (22 bytes).
    Removing stm32f0xx_hal_uart.o(.rev16_text), (4 bytes).
    Removing stm32f0xx_hal_uart.o(.revsh_text), (4 bytes).
    Removing stm32f0xx_hal_uart.o(i.HAL_HalfDuplex_EnableReceiver), (54 bytes).
    Removing stm32f0xx_hal_uart.o(i.HAL_HalfDuplex_EnableTransmitter), (54 bytes).
    Removing stm32f0xx_hal_uart.o(i.HAL_MultiProcessor_DisableMuteMode), (46 bytes).
    Removing stm32f0xx_hal_uart.o(i.HAL_MultiProcessor_EnableMuteMode), (46 bytes).
    Removing stm32f0xx_hal_uart.o(i.HAL_MultiProcessor_EnterMuteMode), (12 bytes).
    Removing stm32f0xx_hal_uart.o(i.HAL_MultiProcessor_Init), (144 bytes).
    Removing stm32f0xx_hal_uart.o(i.HAL_UART_Abort), (120 bytes).
    Removing stm32f0xx_hal_uart.o(i.HAL_UART_AbortCpltCallback), (2 bytes).
    Removing stm32f0xx_hal_uart.o(i.HAL_UART_AbortReceive), (80 bytes).
    Removing stm32f0xx_hal_uart.o(i.HAL_UART_AbortReceiveCpltCallback), (2 bytes).
    Removing stm32f0xx_hal_uart.o(i.HAL_UART_AbortReceive_IT), (116 bytes).
    Removing stm32f0xx_hal_uart.o(i.HAL_UART_AbortTransmit), (62 bytes).
    Removing stm32f0xx_hal_uart.o(i.HAL_UART_AbortTransmitCpltCallback), (2 bytes).
    Removing stm32f0xx_hal_uart.o(i.HAL_UART_AbortTransmit_IT), (92 bytes).
    Removing stm32f0xx_hal_uart.o(i.HAL_UART_Abort_IT), (196 bytes).
    Removing stm32f0xx_hal_uart.o(i.HAL_UART_DMAPause), (94 bytes).
    Removing stm32f0xx_hal_uart.o(i.HAL_UART_DMAResume), (86 bytes).
    Removing stm32f0xx_hal_uart.o(i.HAL_UART_DMAStop), (88 bytes).
    Removing stm32f0xx_hal_uart.o(i.HAL_UART_DeInit), (62 bytes).
    Removing stm32f0xx_hal_uart.o(i.HAL_UART_ErrorCallback), (2 bytes).
    Removing stm32f0xx_hal_uart.o(i.HAL_UART_GetError), (4 bytes).
    Removing stm32f0xx_hal_uart.o(i.HAL_UART_GetState), (12 bytes).
    Removing stm32f0xx_hal_uart.o(i.HAL_UART_IRQHandler), (308 bytes).
    Removing stm32f0xx_hal_uart.o(i.HAL_UART_Init), (108 bytes).
    Removing stm32f0xx_hal_uart.o(i.HAL_UART_MspDeInit), (2 bytes).
    Removing stm32f0xx_hal_uart.o(i.HAL_UART_MspInit), (2 bytes).
    Removing stm32f0xx_hal_uart.o(i.HAL_UART_Receive), (256 bytes).
    Removing stm32f0xx_hal_uart.o(i.HAL_UART_Receive_DMA), (164 bytes).
    Removing stm32f0xx_hal_uart.o(i.HAL_UART_Receive_IT), (160 bytes).
    Removing stm32f0xx_hal_uart.o(i.HAL_UART_RxCpltCallback), (2 bytes).
    Removing stm32f0xx_hal_uart.o(i.HAL_UART_RxHalfCpltCallback), (2 bytes).
    Removing stm32f0xx_hal_uart.o(i.HAL_UART_Transmit_DMA), (152 bytes).
    Removing stm32f0xx_hal_uart.o(i.HAL_UART_Transmit_IT), (88 bytes).
    Removing stm32f0xx_hal_uart.o(i.HAL_UART_TxCpltCallback), (2 bytes).
    Removing stm32f0xx_hal_uart.o(i.HAL_UART_TxHalfCpltCallback), (2 bytes).
    Removing stm32f0xx_hal_uart.o(i.UART_DMAAbortOnError), (20 bytes).
    Removing stm32f0xx_hal_uart.o(i.UART_DMAError), (74 bytes).
    Removing stm32f0xx_hal_uart.o(i.UART_DMAReceiveCplt), (64 bytes).
    Removing stm32f0xx_hal_uart.o(i.UART_DMARxAbortCallback), (54 bytes).
    Removing stm32f0xx_hal_uart.o(i.UART_DMARxHalfCplt), (10 bytes).
    Removing stm32f0xx_hal_uart.o(i.UART_DMARxOnlyAbortCallback), (28 bytes).
    Removing stm32f0xx_hal_uart.o(i.UART_DMATransmitCplt), (48 bytes).
    Removing stm32f0xx_hal_uart.o(i.UART_DMATxAbortCallback), (54 bytes).
    Removing stm32f0xx_hal_uart.o(i.UART_DMATxHalfCplt), (10 bytes).
    Removing stm32f0xx_hal_uart.o(i.UART_DMATxOnlyAbortCallback), (22 bytes).
    Removing stm32f0xx_hal_uart.o(i.UART_EndRxTransfer), (30 bytes).
    Removing stm32f0xx_hal_uart.o(i.UART_EndTransmit_IT), (26 bytes).
    Removing stm32f0xx_hal_uart.o(i.UART_EndTxTransfer), (18 bytes).
    Removing stm32f0xx_hal_uart.o(i.UART_Receive_IT), (122 bytes).
    Removing stm32f0xx_hal_uart.o(i.UART_Transmit_IT), (102 bytes).
    Removing stm32f0xx_hal_uart_ex.o(.rev16_text), (4 bytes).
    Removing stm32f0xx_hal_uart_ex.o(.revsh_text), (4 bytes).
    Removing stm32f0xx_hal_uart_ex.o(i.HAL_LIN_Init), (146 bytes).
    Removing stm32f0xx_hal_uart_ex.o(i.HAL_LIN_SendBreak), (42 bytes).
    Removing stm32f0xx_hal_uart_ex.o(i.HAL_MultiProcessorEx_AddressLength_Set), (54 bytes).
    Removing stm32f0xx_hal_uart_ex.o(i.HAL_RS485Ex_Init), (144 bytes).
    Removing stm32f0xx_hal_uart_ex.o(i.HAL_UARTEx_DisableStopMode), (42 bytes).
    Removing stm32f0xx_hal_uart_ex.o(i.HAL_UARTEx_EnableStopMode), (42 bytes).
    Removing stm32f0xx_hal_uart_ex.o(i.HAL_UARTEx_StopModeWakeUpSourceConfig), (152 bytes).
    Removing stm32f0xx_hal_uart_ex.o(i.HAL_UARTEx_WakeupCallback), (2 bytes).
    Removing system_stm32f0xx.o(.rev16_text), (4 bytes).
    Removing system_stm32f0xx.o(.revsh_text), (4 bytes).
    Removing system_stm32f0xx.o(i.SystemCoreClockUpdate), (112 bytes).
    Removing dadd.o(.text), (356 bytes).
    Removing dmul.o(.text), (208 bytes).
    Removing ddiv.o(.text), (240 bytes).
    Removing dfixul.o(.text), (64 bytes).
    Removing cdrcmple.o(.text), (40 bytes).
    Removing depilogue.o(.text), (190 bytes).
    Removing stm32f0xx_hal_dma.o(i.__ARM_common_switch8), (26 bytes).
    Removing depilogue.o(i.__ARM_clz), (46 bytes).

486 unused section(s) (total 34654 bytes) removed from the image.

==============================================================================

Image Symbol Table

    Local Symbols

    Symbol Name                              Value     Ov Type        Size  Object(Section)

    ../Drivers/STM32F0xx_HAL_Driver/Src/stm32f0xx_hal.c 0x00000000   Number         0  stm32f0xx_hal.o ABSOLUTE
    ../Drivers/STM32F0xx_HAL_Driver/Src/stm32f0xx_hal_cortex.c 0x00000000   Number         0  stm32f0xx_hal_cortex.o ABSOLUTE
    ../Drivers/STM32F0xx_HAL_Driver/Src/stm32f0xx_hal_dma.c 0x00000000   Number         0  stm32f0xx_hal_dma.o ABSOLUTE
    ../Drivers/STM32F0xx_HAL_Driver/Src/stm32f0xx_hal_flash.c 0x00000000   Number         0  stm32f0xx_hal_flash.o ABSOLUTE
    ../Drivers/STM32F0xx_HAL_Driver/Src/stm32f0xx_hal_flash_ex.c 0x00000000   Number         0  stm32f0xx_hal_flash_ex.o ABSOLUTE
    ../Drivers/STM32F0xx_HAL_Driver/Src/stm32f0xx_hal_gpio.c 0x00000000   Number         0  stm32f0xx_hal_gpio.o ABSOLUTE
    ../Drivers/STM32F0xx_HAL_Driver/Src/stm32f0xx_hal_i2c.c 0x00000000   Number         0  stm32f0xx_hal_i2c.o ABSOLUTE
    ../Drivers/STM32F0xx_HAL_Driver/Src/stm32f0xx_hal_i2c_ex.c 0x00000000   Number         0  stm32f0xx_hal_i2c_ex.o ABSOLUTE
    ../Drivers/STM32F0xx_HAL_Driver/Src/stm32f0xx_hal_iwdg.c 0x00000000   Number         0  stm32f0xx_hal_iwdg.o ABSOLUTE
    ../Drivers/STM32F0xx_HAL_Driver/Src/stm32f0xx_hal_pwr.c 0x00000000   Number         0  stm32f0xx_hal_pwr.o ABSOLUTE
    ../Drivers/STM32F0xx_HAL_Driver/Src/stm32f0xx_hal_pwr_ex.c 0x00000000   Number         0  stm32f0xx_hal_pwr_ex.o ABSOLUTE
    ../Drivers/STM32F0xx_HAL_Driver/Src/stm32f0xx_hal_rcc.c 0x00000000   Number         0  stm32f0xx_hal_rcc.o ABSOLUTE
    ../Drivers/STM32F0xx_HAL_Driver/Src/stm32f0xx_hal_rcc_ex.c 0x00000000   Number         0  stm32f0xx_hal_rcc_ex.o ABSOLUTE
    ../Drivers/STM32F0xx_HAL_Driver/Src/stm32f0xx_hal_spi.c 0x00000000   Number         0  stm32f0xx_hal_spi.o ABSOLUTE
    ../Drivers/STM32F0xx_HAL_Driver/Src/stm32f0xx_hal_spi_ex.c 0x00000000   Number         0  stm32f0xx_hal_spi_ex.o ABSOLUTE
    ../Drivers/STM32F0xx_HAL_Driver/Src/stm32f0xx_hal_tim.c 0x00000000   Number         0  stm32f0xx_hal_tim.o ABSOLUTE
    ../Drivers/STM32F0xx_HAL_Driver/Src/stm32f0xx_hal_tim_ex.c 0x00000000   Number         0  stm32f0xx_hal_tim_ex.o ABSOLUTE
    ../Drivers/STM32F0xx_HAL_Driver/Src/stm32f0xx_hal_uart.c 0x00000000   Number         0  stm32f0xx_hal_uart.o ABSOLUTE
    ../Drivers/STM32F0xx_HAL_Driver/Src/stm32f0xx_hal_uart_ex.c 0x00000000   Number         0  stm32f0xx_hal_uart_ex.o ABSOLUTE
    ../Src/main.c                            0x00000000   Number         0  main.o ABSOLUTE
    ../Src/stm32f0xx_hal_msp.c               0x00000000   Number         0  stm32f0xx_hal_msp.o ABSOLUTE
    ../Src/stm32f0xx_it.c                    0x00000000   Number         0  stm32f0xx_it.o ABSOLUTE
    ../Src/system_stm32f0xx.c                0x00000000   Number         0  system_stm32f0xx.o ABSOLUTE
    ../clib/microlib/division.c              0x00000000   Number         0  idiv.o ABSOLUTE
    ../clib/microlib/division.c              0x00000000   Number         0  uidiv.o ABSOLUTE
    ../clib/microlib/division.c              0x00000000   Number         0  uldiv.o ABSOLUTE
    ../clib/microlib/init/entry.s            0x00000000   Number         0  entry10b.o ABSOLUTE
    ../clib/microlib/init/entry.s            0x00000000   Number         0  entry7a.o ABSOLUTE
    ../clib/microlib/init/entry.s            0x00000000   Number         0  entry5.o ABSOLUTE
    ../clib/microlib/init/entry.s            0x00000000   Number         0  entry8a.o ABSOLUTE
    ../clib/microlib/init/entry.s            0x00000000   Number         0  entry9b.o ABSOLUTE
    ../clib/microlib/init/entry.s            0x00000000   Number         0  entry2.o ABSOLUTE
    ../clib/microlib/init/entry.s            0x00000000   Number         0  entry9a.o ABSOLUTE
    ../clib/microlib/init/entry.s            0x00000000   Number         0  entry10a.o ABSOLUTE
    ../clib/microlib/init/entry.s            0x00000000   Number         0  entry11b.o ABSOLUTE
    ../clib/microlib/init/entry.s            0x00000000   Number         0  entry7b.o ABSOLUTE
    ../clib/microlib/init/entry.s            0x00000000   Number         0  entry.o ABSOLUTE
    ../clib/microlib/init/entry.s            0x00000000   Number         0  entry11a.o ABSOLUTE
    ../clib/microlib/init/entry.s            0x00000000   Number         0  entry8b.o ABSOLUTE
    ../clib/microlib/longlong.c              0x00000000   Number         0  llushr.o ABSOLUTE
    ../clib/microlib/longlong.c              0x00000000   Number         0  llshl.o ABSOLUTE
    ../clib/microlib/longlong.c              0x00000000   Number         0  llsshr.o ABSOLUTE
    ../clib/microlib/malloc/malloc.c         0x00000000   Number         0  malloc.o ABSOLUTE
    ../clib/microlib/malloc/malloc.c         0x00000000   Number         0  mallocr.o ABSOLUTE
    ../clib/microlib/malloc/malloc.c         0x00000000   Number         0  malloca.o ABSOLUTE
    ../clib/microlib/malloc/malloc.c         0x00000000   Number         0  mallocra.o ABSOLUTE
    ../clib/microlib/malloc/mvars.c          0x00000000   Number         0  mvars.o ABSOLUTE
    ../clib/microlib/printf/printf.c         0x00000000   Number         0  printfb.o ABSOLUTE
    ../clib/microlib/printf/printf.c         0x00000000   Number         0  printfa.o ABSOLUTE
    ../clib/microlib/printf/printf.c         0x00000000   Number         0  printf8.o ABSOLUTE
    ../clib/microlib/printf/printf.c         0x00000000   Number         0  printf7.o ABSOLUTE
    ../clib/microlib/printf/printf.c         0x00000000   Number         0  printf6.o ABSOLUTE
    ../clib/microlib/printf/printf.c         0x00000000   Number         0  printf5.o ABSOLUTE
    ../clib/microlib/printf/printf.c         0x00000000   Number         0  printf4.o ABSOLUTE
    ../clib/microlib/printf/printf.c         0x00000000   Number         0  printf3.o ABSOLUTE
    ../clib/microlib/printf/printf.c         0x00000000   Number         0  printf2.o ABSOLUTE
    ../clib/microlib/printf/printf.c         0x00000000   Number         0  printf1.o ABSOLUTE
    ../clib/microlib/printf/printf.c         0x00000000   Number         0  printf0.o ABSOLUTE
    ../clib/microlib/printf/stubs.s          0x00000000   Number         0  stubs.o ABSOLUTE
    ../clib/microlib/stdio/streams.c         0x00000000   Number         0  stdout.o ABSOLUTE
    ../clib/microlib/stdlib/rand.c           0x00000000   Number         0  rand.o ABSOLUTE
    ../clib/microlib/string/memcpy.c         0x00000000   Number         0  memcpyb.o ABSOLUTE
    ../clib/microlib/string/memcpy.c         0x00000000   Number         0  memcpya.o ABSOLUTE
    ../clib/microlib/string/memset.c         0x00000000   Number         0  memseta.o ABSOLUTE
    ../clib/microlib/stubs.s                 0x00000000   Number         0  iusefp.o ABSOLUTE
    ../fplib/microlib/fpadd.c                0x00000000   Number         0  dadd.o ABSOLUTE
    ../fplib/microlib/fpdiv.c                0x00000000   Number         0  ddiv.o ABSOLUTE
    ../fplib/microlib/fpepilogue.c           0x00000000   Number         0  depilogue.o ABSOLUTE
    ../fplib/microlib/fpfix.c                0x00000000   Number         0  dfixul.o ABSOLUTE
    ../fplib/microlib/fpmul.c                0x00000000   Number         0  dmul.o ABSOLUTE
    ..\Drivers\STM32F0xx_HAL_Driver\Src\stm32f0xx_hal.c 0x00000000   Number         0  stm32f0xx_hal.o ABSOLUTE
    ..\Drivers\STM32F0xx_HAL_Driver\Src\stm32f0xx_hal_cortex.c 0x00000000   Number         0  stm32f0xx_hal_cortex.o ABSOLUTE
    ..\Drivers\STM32F0xx_HAL_Driver\Src\stm32f0xx_hal_dma.c 0x00000000   Number         0  stm32f0xx_hal_dma.o ABSOLUTE
    ..\Drivers\STM32F0xx_HAL_Driver\Src\stm32f0xx_hal_flash.c 0x00000000   Number         0  stm32f0xx_hal_flash.o ABSOLUTE
    ..\Drivers\STM32F0xx_HAL_Driver\Src\stm32f0xx_hal_flash_ex.c 0x00000000   Number         0  stm32f0xx_hal_flash_ex.o ABSOLUTE
    ..\Drivers\STM32F0xx_HAL_Driver\Src\stm32f0xx_hal_gpio.c 0x00000000   Number         0  stm32f0xx_hal_gpio.o ABSOLUTE
    ..\Drivers\STM32F0xx_HAL_Driver\Src\stm32f0xx_hal_i2c.c 0x00000000   Number         0  stm32f0xx_hal_i2c.o ABSOLUTE
    ..\Drivers\STM32F0xx_HAL_Driver\Src\stm32f0xx_hal_i2c_ex.c 0x00000000   Number         0  stm32f0xx_hal_i2c_ex.o ABSOLUTE
    ..\Drivers\STM32F0xx_HAL_Driver\Src\stm32f0xx_hal_iwdg.c 0x00000000   Number         0  stm32f0xx_hal_iwdg.o ABSOLUTE
    ..\Drivers\STM32F0xx_HAL_Driver\Src\stm32f0xx_hal_pwr.c 0x00000000   Number         0  stm32f0xx_hal_pwr.o ABSOLUTE
    ..\Drivers\STM32F0xx_HAL_Driver\Src\stm32f0xx_hal_pwr_ex.c 0x00000000   Number         0  stm32f0xx_hal_pwr_ex.o ABSOLUTE
    ..\Drivers\STM32F0xx_HAL_Driver\Src\stm32f0xx_hal_rcc.c 0x00000000   Number         0  stm32f0xx_hal_rcc.o ABSOLUTE
    ..\Drivers\STM32F0xx_HAL_Driver\Src\stm32f0xx_hal_rcc_ex.c 0x00000000   Number         0  stm32f0xx_hal_rcc_ex.o ABSOLUTE
    ..\Drivers\STM32F0xx_HAL_Driver\Src\stm32f0xx_hal_spi.c 0x00000000   Number         0  stm32f0xx_hal_spi.o ABSOLUTE
    ..\Drivers\STM32F0xx_HAL_Driver\Src\stm32f0xx_hal_spi_ex.c 0x00000000   Number         0  stm32f0xx_hal_spi_ex.o ABSOLUTE
    ..\Drivers\STM32F0xx_HAL_Driver\Src\stm32f0xx_hal_tim.c 0x00000000   Number         0  stm32f0xx_hal_tim.o ABSOLUTE
    ..\Drivers\STM32F0xx_HAL_Driver\Src\stm32f0xx_hal_tim_ex.c 0x00000000   Number         0  stm32f0xx_hal_tim_ex.o ABSOLUTE
    ..\Drivers\STM32F0xx_HAL_Driver\Src\stm32f0xx_hal_uart.c 0x00000000   Number         0  stm32f0xx_hal_uart.o ABSOLUTE
    ..\Drivers\STM32F0xx_HAL_Driver\Src\stm32f0xx_hal_uart_ex.c 0x00000000   Number         0  stm32f0xx_hal_uart_ex.o ABSOLUTE
    ..\Src\adb.c                             0x00000000   Number         0  adb.o ABSOLUTE
    ..\Src\delay_us.c                        0x00000000   Number         0  delay_us.o ABSOLUTE
    ..\Src\helpers.c                         0x00000000   Number         0  helpers.o ABSOLUTE
    ..\Src\main.c                            0x00000000   Number         0  main.o ABSOLUTE
    ..\Src\stm32f0xx_hal_msp.c               0x00000000   Number         0  stm32f0xx_hal_msp.o ABSOLUTE
    ..\Src\stm32f0xx_it.c                    0x00000000   Number         0  stm32f0xx_it.o ABSOLUTE
    ..\Src\system_stm32f0xx.c                0x00000000   Number         0  system_stm32f0xx.o ABSOLUTE
    ..\\Src\\adb.c                           0x00000000   Number         0  adb.o ABSOLUTE
    ..\\Src\\delay_us.c                      0x00000000   Number         0  delay_us.o ABSOLUTE
    ..\\Src\\helpers.c                       0x00000000   Number         0  helpers.o ABSOLUTE
    cdrcmple.s                               0x00000000   Number         0  cdrcmple.o ABSOLUTE
    dc.s                                     0x00000000   Number         0  dc.o ABSOLUTE
    handlers.s                               0x00000000   Number         0  handlers.o ABSOLUTE
    init.s                                   0x00000000   Number         0  init.o ABSOLUTE
    startup_stm32f042x6.s                    0x00000000   Number         0  startup_stm32f042x6.o ABSOLUTE
    RESET                                    0x08000000   Section      192  startup_stm32f042x6.o(RESET)
    .ARM.Collect$$$$00000000                 0x080000c0   Section        0  entry.o(.ARM.Collect$$$$00000000)
    .ARM.Collect$$$$00000001                 0x080000c0   Section        4  entry2.o(.ARM.Collect$$$$00000001)
    .ARM.Collect$$$$00000004                 0x080000c4   Section        4  entry5.o(.ARM.Collect$$$$00000004)
    .ARM.Collect$$$$00000008                 0x080000c8   Section        0  entry7b.o(.ARM.Collect$$$$00000008)
    .ARM.Collect$$$$0000000A                 0x080000c8   Section        0  entry8b.o(.ARM.Collect$$$$0000000A)
    .ARM.Collect$$$$0000000B                 0x080000c8   Section        8  entry9a.o(.ARM.Collect$$$$0000000B)
    .ARM.Collect$$$$0000000D                 0x080000d0   Section        0  entry10a.o(.ARM.Collect$$$$0000000D)
    .ARM.Collect$$$$0000000F                 0x080000d0   Section        0  entry11a.o(.ARM.Collect$$$$0000000F)
    .ARM.Collect$$$$00002712                 0x080000d0   Section        4  entry2.o(.ARM.Collect$$$$00002712)
    __lit__00000000                          0x080000d0   Data           4  entry2.o(.ARM.Collect$$$$00002712)
    .text                                    0x080000d4   Section       88  startup_stm32f042x6.o(.text)
    .text                                    0x0800012c   Section        0  uidiv.o(.text)
    .text                                    0x08000158   Section        0  idiv.o(.text)
    .text                                    0x08000180   Section        0  rand.o(.text)
    .text                                    0x080001a4   Section        0  memseta.o(.text)
    .text                                    0x080001c8   Section       36  init.o(.text)
    i.EXTI0_1_IRQHandler                     0x080001ec   Section        0  stm32f0xx_it.o(i.EXTI0_1_IRQHandler)
    i.HAL_DMA_Abort_IT                       0x080001f6   Section        0  stm32f0xx_hal_dma.o(i.HAL_DMA_Abort_IT)
    i.HAL_Delay                              0x0800023e   Section        0  stm32f0xx_hal.o(i.HAL_Delay)
    i.HAL_GPIO_EXTI_Callback                 0x0800025c   Section        0  main.o(i.HAL_GPIO_EXTI_Callback)
    i.HAL_GPIO_EXTI_IRQHandler               0x08000290   Section        0  stm32f0xx_hal_gpio.o(i.HAL_GPIO_EXTI_IRQHandler)
    i.HAL_GPIO_Init                          0x080002a8   Section        0  stm32f0xx_hal_gpio.o(i.HAL_GPIO_Init)
    i.HAL_GPIO_ReadPin                       0x080003e4   Section        0  stm32f0xx_hal_gpio.o(i.HAL_GPIO_ReadPin)
    i.HAL_GPIO_TogglePin                     0x080003ee   Section        0  stm32f0xx_hal_gpio.o(i.HAL_GPIO_TogglePin)
    i.HAL_GPIO_WritePin                      0x080003f6   Section        0  stm32f0xx_hal_gpio.o(i.HAL_GPIO_WritePin)
    i.HAL_GetTick                            0x08000404   Section        0  stm32f0xx_hal.o(i.HAL_GetTick)
    i.HAL_HalfDuplex_Init                    0x08000410   Section        0  stm32f0xx_hal_uart.o(i.HAL_HalfDuplex_Init)
    i.HAL_IWDG_Init                          0x08000488   Section        0  stm32f0xx_hal_iwdg.o(i.HAL_IWDG_Init)
    i.HAL_IWDG_Refresh                       0x080004ec   Section        0  stm32f0xx_hal_iwdg.o(i.HAL_IWDG_Refresh)
    i.HAL_IncTick                            0x080004fc   Section        0  stm32f0xx_hal.o(i.HAL_IncTick)
    i.HAL_Init                               0x0800050c   Section        0  stm32f0xx_hal.o(i.HAL_Init)
    i.HAL_InitTick                           0x0800052c   Section        0  stm32f0xx_hal.o(i.HAL_InitTick)
    i.HAL_MspInit                            0x08000550   Section        0  stm32f0xx_hal_msp.o(i.HAL_MspInit)
    i.HAL_NVIC_EnableIRQ                     0x080005a4   Section        0  stm32f0xx_hal_cortex.o(i.HAL_NVIC_EnableIRQ)
    i.HAL_NVIC_SetPriority                   0x080005b8   Section        0  stm32f0xx_hal_cortex.o(i.HAL_NVIC_SetPriority)
    i.HAL_RCC_ClockConfig                    0x080005c0   Section        0  stm32f0xx_hal_rcc.o(i.HAL_RCC_ClockConfig)
    i.HAL_RCC_GetHCLKFreq                    0x08000714   Section        0  stm32f0xx_hal_rcc.o(i.HAL_RCC_GetHCLKFreq)
    i.HAL_RCC_GetPCLK1Freq                   0x08000720   Section        0  stm32f0xx_hal_rcc.o(i.HAL_RCC_GetPCLK1Freq)
    i.HAL_RCC_GetSysClockFreq                0x08000740   Section        0  stm32f0xx_hal_rcc.o(i.HAL_RCC_GetSysClockFreq)
    i.HAL_RCC_OscConfig                      0x080007c8   Section        0  stm32f0xx_hal_rcc.o(i.HAL_RCC_OscConfig)
    i.HAL_SPI_ErrorCallback                  0x08000ba0   Section        0  stm32f0xx_hal_spi.o(i.HAL_SPI_ErrorCallback)
    i.HAL_SPI_IRQHandler                     0x08000ba4   Section        0  stm32f0xx_hal_spi.o(i.HAL_SPI_IRQHandler)
    i.HAL_SPI_Init                           0x08000c78   Section        0  stm32f0xx_hal_spi.o(i.HAL_SPI_Init)
    i.HAL_SPI_MspInit                        0x08000d30   Section        0  stm32f0xx_hal_msp.o(i.HAL_SPI_MspInit)
    i.HAL_SPI_RxCpltCallback                 0x08000d84   Section        0  stm32f0xx_hal_spi.o(i.HAL_SPI_RxCpltCallback)
    i.HAL_SPI_TransmitReceive_IT             0x08000d88   Section        0  stm32f0xx_hal_spi.o(i.HAL_SPI_TransmitReceive_IT)
    i.HAL_SPI_TxRxCpltCallback               0x08000e5c   Section        0  main.o(i.HAL_SPI_TxRxCpltCallback)
    i.HAL_SYSTICK_CLKSourceConfig            0x08000f94   Section        0  stm32f0xx_hal_cortex.o(i.HAL_SYSTICK_CLKSourceConfig)
    i.HAL_SYSTICK_Callback                   0x08000fac   Section        0  stm32f0xx_hal_cortex.o(i.HAL_SYSTICK_Callback)
    i.HAL_SYSTICK_Config                     0x08000fb0   Section        0  stm32f0xx_hal_cortex.o(i.HAL_SYSTICK_Config)
    i.HAL_SYSTICK_IRQHandler                 0x08000fe0   Section        0  stm32f0xx_hal_cortex.o(i.HAL_SYSTICK_IRQHandler)
    i.HAL_TIMEx_MasterConfigSynchronization  0x08000fe8   Section        0  stm32f0xx_hal_tim_ex.o(i.HAL_TIMEx_MasterConfigSynchronization)
    i.HAL_TIM_Base_Init                      0x08001030   Section        0  stm32f0xx_hal_tim.o(i.HAL_TIM_Base_Init)
    i.HAL_TIM_Base_MspInit                   0x08001064   Section        0  stm32f0xx_hal_msp.o(i.HAL_TIM_Base_MspInit)
    i.HAL_TIM_Base_Start                     0x08001088   Section        0  stm32f0xx_hal_tim.o(i.HAL_TIM_Base_Start)
    i.HAL_TIM_ConfigClockSource              0x080010a0   Section        0  stm32f0xx_hal_tim.o(i.HAL_TIM_ConfigClockSource)
    i.HAL_UART_MspInit                       0x08001190   Section        0  stm32f0xx_hal_msp.o(i.HAL_UART_MspInit)
    i.HAL_UART_Transmit                      0x080011d8   Section        0  stm32f0xx_hal_uart.o(i.HAL_UART_Transmit)
    i.HardFault_Handler                      0x080012a0   Section        0  stm32f0xx_it.o(i.HardFault_Handler)
    i.MX_GPIO_Init                           0x080012a4   Section        0  main.o(i.MX_GPIO_Init)
    MX_GPIO_Init                             0x080012a5   Thumb Code   288  main.o(i.MX_GPIO_Init)
    i.MX_SPI1_Init                           0x080013d8   Section        0  main.o(i.MX_SPI1_Init)
    MX_SPI1_Init                             0x080013d9   Thumb Code    52  main.o(i.MX_SPI1_Init)
    i.MX_TIM2_Init                           0x08001414   Section        0  main.o(i.MX_TIM2_Init)
    MX_TIM2_Init                             0x08001415   Thumb Code    80  main.o(i.MX_TIM2_Init)
    i.MX_USART2_UART_Init                    0x08001468   Section        0  main.o(i.MX_USART2_UART_Init)
    MX_USART2_UART_Init                      0x08001469   Thumb Code    46  main.o(i.MX_USART2_UART_Init)
    i.NMI_Handler                            0x080014a0   Section        0  stm32f0xx_it.o(i.NMI_Handler)
    i.NVIC_SetPriority                       0x080014a4   Section        0  stm32f0xx_hal_cortex.o(i.NVIC_SetPriority)
    NVIC_SetPriority                         0x080014a5   Thumb Code    60  stm32f0xx_hal_cortex.o(i.NVIC_SetPriority)
    i.PendSV_Handler                         0x080014e8   Section        0  stm32f0xx_it.o(i.PendSV_Handler)
    i.SPI1_IRQHandler                        0x080014ec   Section        0  stm32f0xx_it.o(i.SPI1_IRQHandler)
    i.SPI_2linesRxISR_16BIT                  0x080014fc   Section        0  stm32f0xx_hal_spi.o(i.SPI_2linesRxISR_16BIT)
    SPI_2linesRxISR_16BIT                    0x080014fd   Thumb Code    54  stm32f0xx_hal_spi.o(i.SPI_2linesRxISR_16BIT)
    i.SPI_2linesRxISR_8BIT                   0x08001532   Section        0  stm32f0xx_hal_spi.o(i.SPI_2linesRxISR_8BIT)
    SPI_2linesRxISR_8BIT                     0x08001533   Thumb Code    94  stm32f0xx_hal_spi.o(i.SPI_2linesRxISR_8BIT)
    i.SPI_2linesTxISR_16BIT                  0x08001590   Section        0  stm32f0xx_hal_spi.o(i.SPI_2linesTxISR_16BIT)
    SPI_2linesTxISR_16BIT                    0x08001591   Thumb Code    52  stm32f0xx_hal_spi.o(i.SPI_2linesTxISR_16BIT)
    i.SPI_2linesTxISR_8BIT                   0x080015c4   Section        0  stm32f0xx_hal_spi.o(i.SPI_2linesTxISR_8BIT)
    SPI_2linesTxISR_8BIT                     0x080015c5   Thumb Code    72  stm32f0xx_hal_spi.o(i.SPI_2linesTxISR_8BIT)
    i.SPI_CloseRxTx_ISR                      0x0800160c   Section        0  stm32f0xx_hal_spi.o(i.SPI_CloseRxTx_ISR)
    SPI_CloseRxTx_ISR                        0x0800160d   Thumb Code    82  stm32f0xx_hal_spi.o(i.SPI_CloseRxTx_ISR)
    i.SPI_DMAAbortOnError                    0x0800165e   Section        0  stm32f0xx_hal_spi.o(i.SPI_DMAAbortOnError)
    SPI_DMAAbortOnError                      0x0800165f   Thumb Code    18  stm32f0xx_hal_spi.o(i.SPI_DMAAbortOnError)
    i.SPI_EndRxTxTransaction                 0x08001670   Section        0  stm32f0xx_hal_spi.o(i.SPI_EndRxTxTransaction)
    SPI_EndRxTxTransaction                   0x08001671   Thumb Code    76  stm32f0xx_hal_spi.o(i.SPI_EndRxTxTransaction)
    i.SPI_WaitFifoStateUntilTimeout          0x080016bc   Section        0  stm32f0xx_hal_spi.o(i.SPI_WaitFifoStateUntilTimeout)
    SPI_WaitFifoStateUntilTimeout            0x080016bd   Thumb Code   150  stm32f0xx_hal_spi.o(i.SPI_WaitFifoStateUntilTimeout)
    i.SPI_WaitFlagStateUntilTimeout          0x08001752   Section        0  stm32f0xx_hal_spi.o(i.SPI_WaitFlagStateUntilTimeout)
    SPI_WaitFlagStateUntilTimeout            0x08001753   Thumb Code   140  stm32f0xx_hal_spi.o(i.SPI_WaitFlagStateUntilTimeout)
    i.SVC_Handler                            0x080017de   Section        0  stm32f0xx_it.o(i.SVC_Handler)
    i.SysTick_Handler                        0x080017e0   Section        0  stm32f0xx_it.o(i.SysTick_Handler)
    i.SystemClock_Config                     0x08001814   Section        0  main.o(i.SystemClock_Config)
    i.SystemInit                             0x08001870   Section        0  system_stm32f0xx.o(i.SystemInit)
    i.TIM_Base_SetConfig                     0x080018cc   Section        0  stm32f0xx_hal_tim.o(i.TIM_Base_SetConfig)
    i.TIM_ETR_SetConfig                      0x08001950   Section        0  stm32f0xx_hal_tim.o(i.TIM_ETR_SetConfig)
    i.TIM_ITRx_SetConfig                     0x08001966   Section        0  stm32f0xx_hal_tim.o(i.TIM_ITRx_SetConfig)
    TIM_ITRx_SetConfig                       0x08001967   Thumb Code    16  stm32f0xx_hal_tim.o(i.TIM_ITRx_SetConfig)
    i.TIM_TI1_ConfigInputStage               0x08001976   Section        0  stm32f0xx_hal_tim.o(i.TIM_TI1_ConfigInputStage)
    TIM_TI1_ConfigInputStage                 0x08001977   Thumb Code    34  stm32f0xx_hal_tim.o(i.TIM_TI1_ConfigInputStage)
    i.TIM_TI2_ConfigInputStage               0x08001998   Section        0  stm32f0xx_hal_tim.o(i.TIM_TI2_ConfigInputStage)
    TIM_TI2_ConfigInputStage                 0x08001999   Thumb Code    38  stm32f0xx_hal_tim.o(i.TIM_TI2_ConfigInputStage)
    i.UART_AdvFeatureConfig                  0x080019be   Section        0  stm32f0xx_hal_uart.o(i.UART_AdvFeatureConfig)
    i.UART_CheckIdleState                    0x08001a88   Section        0  stm32f0xx_hal_uart.o(i.UART_CheckIdleState)
    i.UART_SetConfig                         0x08001af0   Section        0  stm32f0xx_hal_uart.o(i.UART_SetConfig)
    i.UART_WaitOnFlagUntilTimeout            0x08001c20   Section        0  stm32f0xx_hal_uart.o(i.UART_WaitOnFlagUntilTimeout)
    i.__0printf$3                            0x08001c84   Section        0  printf3.o(i.__0printf$3)
    i.__scatterload_copy                     0x08001ca4   Section       14  handlers.o(i.__scatterload_copy)
    i.__scatterload_null                     0x08001cb2   Section        2  handlers.o(i.__scatterload_null)
    i.__scatterload_zeroinit                 0x08001cb4   Section       14  handlers.o(i.__scatterload_zeroinit)
    i._printf_core                           0x08001cc4   Section        0  printf3.o(i._printf_core)
    _printf_core                             0x08001cc5   Thumb Code   456  printf3.o(i._printf_core)
    i.adb_init                               0x08001e90   Section        0  adb.o(i.adb_init)
    i.adb_keyboard_update                    0x08001ea8   Section        0  main.o(i.adb_keyboard_update)
    i.adb_listen_16b                         0x08001fec   Section        0  adb.o(i.adb_listen_16b)
    i.adb_mouse_update                       0x08002070   Section        0  main.o(i.adb_mouse_update)
    i.adb_read_bit                           0x080020c8   Section        0  adb.o(i.adb_read_bit)
    i.adb_recv_cmd                           0x08002108   Section        0  adb.o(i.adb_recv_cmd)
    i.adb_release_lines                      0x0800216c   Section        0  adb.o(i.adb_release_lines)
    i.adb_reset                              0x0800218c   Section        0  adb.o(i.adb_reset)
    i.adb_send_response_16b                  0x080021b4   Section        0  adb.o(i.adb_send_response_16b)
    i.adb_write_16                           0x08002240   Section        0  adb.o(i.adb_write_16)
    i.adb_write_byte                         0x0800225c   Section        0  adb.o(i.adb_write_byte)
    i.byte_to_int16_t                        0x080022d8   Section        0  main.o(i.byte_to_int16_t)
    i.cap_to_127                             0x080022e0   Section        0  main.o(i.cap_to_127)
    i.delay_us                               0x080022f6   Section        0  delay_us.o(i.delay_us)
    i.delay_us_init                          0x0800230c   Section        0  delay_us.o(i.delay_us_init)
    i.fputc                                  0x0800231c   Section        0  main.o(i.fputc)
    i.get_consolidated_mouse_event           0x08002334   Section        0  main.o(i.get_consolidated_mouse_event)
    i.handle_protocol_switch                 0x080023ac   Section        0  main.o(i.handle_protocol_switch)
    i.int16_to_uint6                         0x080023fc   Section        0  main.o(i.int16_to_uint6)
    i.is_protocol_enabled                    0x0800241c   Section        0  main.o(i.is_protocol_enabled)
    i.kb_buf_add                             0x08002430   Section        0  helpers.o(i.kb_buf_add)
    i.kb_buf_init                            0x0800245c   Section        0  helpers.o(i.kb_buf_init)
    i.kb_buf_is_empty                        0x08002478   Section        0  helpers.o(i.kb_buf_is_empty)
    i.kb_buf_is_full                         0x08002488   Section        0  helpers.o(i.kb_buf_is_full)
    i.kb_buf_peek                            0x0800249e   Section        0  helpers.o(i.kb_buf_peek)
    i.kb_buf_pop                             0x080024be   Section        0  helpers.o(i.kb_buf_pop)
    i.kb_buf_reset                           0x080024d0   Section        0  helpers.o(i.kb_buf_reset)
    i.look_for_atten                         0x080024ec   Section        0  adb.o(i.look_for_atten)
    i.main                                   0x08002538   Section        0  main.o(i.main)
    i.malloc                                 0x08002774   Section        0  malloc.o(i.malloc)
    i.micros                                 0x080027e0   Section        0  delay_us.o(i.micros)
    i.mouse_buf_add                          0x080027f0   Section        0  helpers.o(i.mouse_buf_add)
    i.mouse_buf_init                         0x0800281c   Section        0  helpers.o(i.mouse_buf_init)
    i.mouse_buf_is_empty                     0x08002832   Section        0  helpers.o(i.mouse_buf_is_empty)
    i.mouse_buf_is_full                      0x08002842   Section        0  helpers.o(i.mouse_buf_is_full)
    i.mouse_buf_peek                         0x08002858   Section        0  helpers.o(i.mouse_buf_peek)
    i.mouse_buf_pop                          0x0800286c   Section        0  helpers.o(i.mouse_buf_pop)
    i.mouse_buf_reset                        0x0800287e   Section        0  helpers.o(i.mouse_buf_reset)
    i.parse_adb_cmd                          0x08002894   Section        0  adb.o(i.parse_adb_cmd)
    i.protocol_status_lookup_init            0x080029a8   Section        0  main.o(i.protocol_status_lookup_init)
    i.send_srq                               0x080029c4   Section        0  adb.o(i.send_srq)
    i.spi_error_dump_reboot                  0x080029ec   Section        0  main.o(i.spi_error_dump_reboot)
    i.wait_until_change                      0x08002a68   Section        0  adb.o(i.wait_until_change)
    .constdata                               0x08002aa8   Section      186  adb.o(.constdata)
    .constdata                               0x08002b62   Section       61  main.o(.constdata)
    .constdata                               0x08002b9f   Section       16  system_stm32f0xx.o(.constdata)
    .constdata                               0x08002baf   Section        8  system_stm32f0xx.o(.constdata)
    .data                                    0x20000000   Section       24  adb.o(.data)
    .data                                    0x20000018   Section        4  delay_us.o(.data)
    .data                                    0x2000001c   Section       16  main.o(.data)
    .data                                    0x2000002c   Section        4  stm32f0xx_hal.o(.data)
    .data                                    0x20000030   Section        4  system_stm32f0xx.o(.data)
    .data                                    0x20000034   Section        4  rand.o(.data)
    _rand_state                              0x20000034   Data           4  rand.o(.data)
    .data                                    0x20000038   Section        4  stdout.o(.data)
    .data                                    0x2000003c   Section        4  mvars.o(.data)
    .data                                    0x20000040   Section        4  mvars.o(.data)
    .bss                                     0x20000044   Section      416  main.o(.bss)
    HEAP                                     0x200001e8   Section      512  startup_stm32f042x6.o(HEAP)
    STACK                                    0x200003e8   Section     1024  startup_stm32f042x6.o(STACK)

    Global Symbols

    Symbol Name                              Value     Ov Type        Size  Object(Section)

    BuildAttributes$$THM_ISAv3M$S$PE$A:L22$X:L11$S22$IEEE1$IW$USESV6$~STKCKD$USESV7$~SHL$OSPACE$ROPI$EBA8$MICROLIB$REQ8$PRES8$EABIv2 0x00000000   Number         0  anon$$obj.o ABSOLUTE
    __ARM_use_no_argv                        0x00000000   Number         0  main.o ABSOLUTE
    _printf_a                                0x00000000   Number         0  stubs.o ABSOLUTE
    _printf_c                                0x00000000   Number         0  stubs.o ABSOLUTE
    _printf_charcount                        0x00000000   Number         0  stubs.o ABSOLUTE
    _printf_d                                0x00000000   Number         0  stubs.o ABSOLUTE
    _printf_e                                0x00000000   Number         0  stubs.o ABSOLUTE
    _printf_f                                0x00000000   Number         0  stubs.o ABSOLUTE
    _printf_flags                            0x00000000   Number         0  stubs.o ABSOLUTE
    _printf_fp_dec                           0x00000000   Number         0  stubs.o ABSOLUTE
    _printf_fp_hex                           0x00000000   Number         0  stubs.o ABSOLUTE
    _printf_g                                0x00000000   Number         0  stubs.o ABSOLUTE
    _printf_i                                0x00000000   Number         0  stubs.o ABSOLUTE
    _printf_int_dec                          0x00000000   Number         0  stubs.o ABSOLUTE
    _printf_l                                0x00000000   Number         0  stubs.o ABSOLUTE
    _printf_lc                               0x00000000   Number         0  stubs.o ABSOLUTE
    _printf_ll                               0x00000000   Number         0  stubs.o ABSOLUTE
    _printf_lld                              0x00000000   Number         0  stubs.o ABSOLUTE
    _printf_lli                              0x00000000   Number         0  stubs.o ABSOLUTE
    _printf_llo                              0x00000000   Number         0  stubs.o ABSOLUTE
    _printf_llu                              0x00000000   Number         0  stubs.o ABSOLUTE
    _printf_llx                              0x00000000   Number         0  stubs.o ABSOLUTE
    _printf_longlong_dec                     0x00000000   Number         0  stubs.o ABSOLUTE
    _printf_longlong_hex                     0x00000000   Number         0  stubs.o ABSOLUTE
    _printf_longlong_oct                     0x00000000   Number         0  stubs.o ABSOLUTE
    _printf_ls                               0x00000000   Number         0  stubs.o ABSOLUTE
    _printf_mbtowc                           0x00000000   Number         0  stubs.o ABSOLUTE
    _printf_n                                0x00000000   Number         0  stubs.o ABSOLUTE
    _printf_o                                0x00000000   Number         0  stubs.o ABSOLUTE
    _printf_p                                0x00000000   Number         0  stubs.o ABSOLUTE
    _printf_percent                          0x00000000   Number         0  stubs.o ABSOLUTE
    _printf_pre_padding                      0x00000000   Number         0  stubs.o ABSOLUTE
    _printf_return_value                     0x00000000   Number         0  stubs.o ABSOLUTE
    _printf_s                                0x00000000   Number         0  stubs.o ABSOLUTE
    _printf_sizespec                         0x00000000   Number         0  stubs.o ABSOLUTE
    _printf_str                              0x00000000   Number         0  stubs.o ABSOLUTE
    _printf_truncate_signed                  0x00000000   Number         0  stubs.o ABSOLUTE
    _printf_truncate_unsigned                0x00000000   Number         0  stubs.o ABSOLUTE
    _printf_u                                0x00000000   Number         0  stubs.o ABSOLUTE
    _printf_wc                               0x00000000   Number         0  stubs.o ABSOLUTE
    _printf_wctomb                           0x00000000   Number         0  stubs.o ABSOLUTE
    _printf_widthprec                        0x00000000   Number         0  stubs.o ABSOLUTE
    _printf_x                                0x00000000   Number         0  stubs.o ABSOLUTE
    __cpp_initialize__aeabi_                  - Undefined Weak Reference
    __cxa_finalize                            - Undefined Weak Reference
    __decompress                              - Undefined Weak Reference
    _clock_init                               - Undefined Weak Reference
    _microlib_exit                            - Undefined Weak Reference
    __Vectors_Size                           0x000000c0   Number         0  startup_stm32f042x6.o ABSOLUTE
    __Vectors                                0x08000000   Data           4  startup_stm32f042x6.o(RESET)
    __Vectors_End                            0x080000c0   Data           0  startup_stm32f042x6.o(RESET)
    __main                                   0x080000c1   Thumb Code     0  entry.o(.ARM.Collect$$$$00000000)
    _main_stk                                0x080000c1   Thumb Code     0  entry2.o(.ARM.Collect$$$$00000001)
    _main_scatterload                        0x080000c5   Thumb Code     0  entry5.o(.ARM.Collect$$$$00000004)
    __main_after_scatterload                 0x080000c9   Thumb Code     0  entry5.o(.ARM.Collect$$$$00000004)
    _main_clock                              0x080000c9   Thumb Code     0  entry7b.o(.ARM.Collect$$$$00000008)
    _main_cpp_init                           0x080000c9   Thumb Code     0  entry8b.o(.ARM.Collect$$$$0000000A)
    _main_init                               0x080000c9   Thumb Code     0  entry9a.o(.ARM.Collect$$$$0000000B)
    __rt_final_cpp                           0x080000d1   Thumb Code     0  entry10a.o(.ARM.Collect$$$$0000000D)
    __rt_final_exit                          0x080000d1   Thumb Code     0  entry11a.o(.ARM.Collect$$$$0000000F)
    Reset_Handler                            0x080000d5   Thumb Code    38  startup_stm32f042x6.o(.text)
    ADC1_IRQHandler                          0x08000105   Thumb Code     0  startup_stm32f042x6.o(.text)
    CEC_CAN_IRQHandler                       0x08000105   Thumb Code     0  startup_stm32f042x6.o(.text)
    DMA1_Channel1_IRQHandler                 0x08000105   Thumb Code     0  startup_stm32f042x6.o(.text)
    DMA1_Channel2_3_IRQHandler               0x08000105   Thumb Code     0  startup_stm32f042x6.o(.text)
    DMA1_Channel4_5_IRQHandler               0x08000105   Thumb Code     0  startup_stm32f042x6.o(.text)
    EXTI2_3_IRQHandler                       0x08000105   Thumb Code     0  startup_stm32f042x6.o(.text)
    EXTI4_15_IRQHandler                      0x08000105   Thumb Code     0  startup_stm32f042x6.o(.text)
    FLASH_IRQHandler                         0x08000105   Thumb Code     0  startup_stm32f042x6.o(.text)
    I2C1_IRQHandler                          0x08000105   Thumb Code     0  startup_stm32f042x6.o(.text)
    PVD_VDDIO2_IRQHandler                    0x08000105   Thumb Code     0  startup_stm32f042x6.o(.text)
    RCC_CRS_IRQHandler                       0x08000105   Thumb Code     0  startup_stm32f042x6.o(.text)
    RTC_IRQHandler                           0x08000105   Thumb Code     0  startup_stm32f042x6.o(.text)
    SPI2_IRQHandler                          0x08000105   Thumb Code     0  startup_stm32f042x6.o(.text)
    TIM14_IRQHandler                         0x08000105   Thumb Code     0  startup_stm32f042x6.o(.text)
    TIM16_IRQHandler                         0x08000105   Thumb Code     0  startup_stm32f042x6.o(.text)
    TIM17_IRQHandler                         0x08000105   Thumb Code     0  startup_stm32f042x6.o(.text)
    TIM1_BRK_UP_TRG_COM_IRQHandler           0x08000105   Thumb Code     0  startup_stm32f042x6.o(.text)
    TIM1_CC_IRQHandler                       0x08000105   Thumb Code     0  startup_stm32f042x6.o(.text)
    TIM2_IRQHandler                          0x08000105   Thumb Code     0  startup_stm32f042x6.o(.text)
    TIM3_IRQHandler                          0x08000105   Thumb Code     0  startup_stm32f042x6.o(.text)
    TSC_IRQHandler                           0x08000105   Thumb Code     0  startup_stm32f042x6.o(.text)
    USART1_IRQHandler                        0x08000105   Thumb Code     0  startup_stm32f042x6.o(.text)
    USART2_IRQHandler                        0x08000105   Thumb Code     0  startup_stm32f042x6.o(.text)
    USB_IRQHandler                           0x08000105   Thumb Code     0  startup_stm32f042x6.o(.text)
    WWDG_IRQHandler                          0x08000105   Thumb Code     0  startup_stm32f042x6.o(.text)
    __aeabi_uidiv                            0x0800012d   Thumb Code     0  uidiv.o(.text)
    __aeabi_uidivmod                         0x0800012d   Thumb Code    44  uidiv.o(.text)
    __aeabi_idiv                             0x08000159   Thumb Code     0  idiv.o(.text)
    __aeabi_idivmod                          0x08000159   Thumb Code    40  idiv.o(.text)
    rand                                     0x08000181   Thumb Code    18  rand.o(.text)
    srand                                    0x08000193   Thumb Code     6  rand.o(.text)
    __aeabi_memset                           0x080001a5   Thumb Code    14  memseta.o(.text)
    __aeabi_memset4                          0x080001a5   Thumb Code     0  memseta.o(.text)
    __aeabi_memset8                          0x080001a5   Thumb Code     0  memseta.o(.text)
    __aeabi_memclr                           0x080001b3   Thumb Code     4  memseta.o(.text)
    __aeabi_memclr4                          0x080001b3   Thumb Code     0  memseta.o(.text)
    __aeabi_memclr8                          0x080001b3   Thumb Code     0  memseta.o(.text)
    _memset$wrapper                          0x080001b7   Thumb Code    18  memseta.o(.text)
    __scatterload                            0x080001c9   Thumb Code    28  init.o(.text)
    __scatterload_rt2                        0x080001c9   Thumb Code     0  init.o(.text)
    EXTI0_1_IRQHandler                       0x080001ed   Thumb Code    10  stm32f0xx_it.o(i.EXTI0_1_IRQHandler)
    HAL_DMA_Abort_IT                         0x080001f7   Thumb Code    72  stm32f0xx_hal_dma.o(i.HAL_DMA_Abort_IT)
    HAL_Delay                                0x0800023f   Thumb Code    28  stm32f0xx_hal.o(i.HAL_Delay)
    HAL_GPIO_EXTI_Callback                   0x0800025d   Thumb Code    46  main.o(i.HAL_GPIO_EXTI_Callback)
    HAL_GPIO_EXTI_IRQHandler                 0x08000291   Thumb Code    18  stm32f0xx_hal_gpio.o(i.HAL_GPIO_EXTI_IRQHandler)
    HAL_GPIO_Init                            0x080002a9   Thumb Code   294  stm32f0xx_hal_gpio.o(i.HAL_GPIO_Init)
    HAL_GPIO_ReadPin                         0x080003e5   Thumb Code    10  stm32f0xx_hal_gpio.o(i.HAL_GPIO_ReadPin)
    HAL_GPIO_TogglePin                       0x080003ef   Thumb Code     8  stm32f0xx_hal_gpio.o(i.HAL_GPIO_TogglePin)
    HAL_GPIO_WritePin                        0x080003f7   Thumb Code    12  stm32f0xx_hal_gpio.o(i.HAL_GPIO_WritePin)
    HAL_GetTick                              0x08000405   Thumb Code     6  stm32f0xx_hal.o(i.HAL_GetTick)
    HAL_HalfDuplex_Init                      0x08000411   Thumb Code   118  stm32f0xx_hal_uart.o(i.HAL_HalfDuplex_Init)
    HAL_IWDG_Init                            0x08000489   Thumb Code    86  stm32f0xx_hal_iwdg.o(i.HAL_IWDG_Init)
    HAL_IWDG_Refresh                         0x080004ed   Thumb Code    10  stm32f0xx_hal_iwdg.o(i.HAL_IWDG_Refresh)
    HAL_IncTick                              0x080004fd   Thumb Code    10  stm32f0xx_hal.o(i.HAL_IncTick)
    HAL_Init                                 0x0800050d   Thumb Code    26  stm32f0xx_hal.o(i.HAL_Init)
    HAL_InitTick                             0x0800052d   Thumb Code    34  stm32f0xx_hal.o(i.HAL_InitTick)
    HAL_MspInit                              0x08000551   Thumb Code    74  stm32f0xx_hal_msp.o(i.HAL_MspInit)
    HAL_NVIC_EnableIRQ                       0x080005a5   Thumb Code    14  stm32f0xx_hal_cortex.o(i.HAL_NVIC_EnableIRQ)
    HAL_NVIC_SetPriority                     0x080005b9   Thumb Code     8  stm32f0xx_hal_cortex.o(i.HAL_NVIC_SetPriority)
    HAL_RCC_ClockConfig                      0x080005c1   Thumb Code   320  stm32f0xx_hal_rcc.o(i.HAL_RCC_ClockConfig)
    HAL_RCC_GetHCLKFreq                      0x08000715   Thumb Code     6  stm32f0xx_hal_rcc.o(i.HAL_RCC_GetHCLKFreq)
    HAL_RCC_GetPCLK1Freq                     0x08000721   Thumb Code    20  stm32f0xx_hal_rcc.o(i.HAL_RCC_GetPCLK1Freq)
    HAL_RCC_GetSysClockFreq                  0x08000741   Thumb Code    90  stm32f0xx_hal_rcc.o(i.HAL_RCC_GetSysClockFreq)
    HAL_RCC_OscConfig                        0x080007c9   Thumb Code   966  stm32f0xx_hal_rcc.o(i.HAL_RCC_OscConfig)
    HAL_SPI_ErrorCallback                    0x08000ba1   Thumb Code     2  stm32f0xx_hal_spi.o(i.HAL_SPI_ErrorCallback)
    HAL_SPI_IRQHandler                       0x08000ba5   Thumb Code   208  stm32f0xx_hal_spi.o(i.HAL_SPI_IRQHandler)
    HAL_SPI_Init                             0x08000c79   Thumb Code   184  stm32f0xx_hal_spi.o(i.HAL_SPI_Init)
    HAL_SPI_MspInit                          0x08000d31   Thumb Code    76  stm32f0xx_hal_msp.o(i.HAL_SPI_MspInit)
    HAL_SPI_RxCpltCallback                   0x08000d85   Thumb Code     2  stm32f0xx_hal_spi.o(i.HAL_SPI_RxCpltCallback)
    HAL_SPI_TransmitReceive_IT               0x08000d89   Thumb Code   196  stm32f0xx_hal_spi.o(i.HAL_SPI_TransmitReceive_IT)
    HAL_SPI_TxRxCpltCallback                 0x08000e5d   Thumb Code   288  main.o(i.HAL_SPI_TxRxCpltCallback)
    HAL_SYSTICK_CLKSourceConfig              0x08000f95   Thumb Code    20  stm32f0xx_hal_cortex.o(i.HAL_SYSTICK_CLKSourceConfig)
    HAL_SYSTICK_Callback                     0x08000fad   Thumb Code     2  stm32f0xx_hal_cortex.o(i.HAL_SYSTICK_Callback)
    HAL_SYSTICK_Config                       0x08000fb1   Thumb Code    38  stm32f0xx_hal_cortex.o(i.HAL_SYSTICK_Config)
    HAL_SYSTICK_IRQHandler                   0x08000fe1   Thumb Code     8  stm32f0xx_hal_cortex.o(i.HAL_SYSTICK_IRQHandler)
    HAL_TIMEx_MasterConfigSynchronization    0x08000fe9   Thumb Code    72  stm32f0xx_hal_tim_ex.o(i.HAL_TIMEx_MasterConfigSynchronization)
    HAL_TIM_Base_Init                        0x08001031   Thumb Code    52  stm32f0xx_hal_tim.o(i.HAL_TIM_Base_Init)
    HAL_TIM_Base_MspInit                     0x08001065   Thumb Code    30  stm32f0xx_hal_msp.o(i.HAL_TIM_Base_MspInit)
    HAL_TIM_Base_Start                       0x08001089   Thumb Code    24  stm32f0xx_hal_tim.o(i.HAL_TIM_Base_Start)
    HAL_TIM_ConfigClockSource                0x080010a1   Thumb Code   238  stm32f0xx_hal_tim.o(i.HAL_TIM_ConfigClockSource)
    HAL_UART_MspInit                         0x08001191   Thumb Code    62  stm32f0xx_hal_msp.o(i.HAL_UART_MspInit)
    HAL_UART_Transmit                        0x080011d9   Thumb Code   200  stm32f0xx_hal_uart.o(i.HAL_UART_Transmit)
    HardFault_Handler                        0x080012a1   Thumb Code     2  stm32f0xx_it.o(i.HardFault_Handler)
    NMI_Handler                              0x080014a1   Thumb Code     2  stm32f0xx_it.o(i.NMI_Handler)
    PendSV_Handler                           0x080014e9   Thumb Code     2  stm32f0xx_it.o(i.PendSV_Handler)
    SPI1_IRQHandler                          0x080014ed   Thumb Code    10  stm32f0xx_it.o(i.SPI1_IRQHandler)
    SVC_Handler                              0x080017df   Thumb Code     2  stm32f0xx_it.o(i.SVC_Handler)
    SysTick_Handler                          0x080017e1   Thumb Code    44  stm32f0xx_it.o(i.SysTick_Handler)
    SystemClock_Config                       0x08001815   Thumb Code    92  main.o(i.SystemClock_Config)
    SystemInit                               0x08001871   Thumb Code    78  system_stm32f0xx.o(i.SystemInit)
    TIM_Base_SetConfig                       0x080018cd   Thumb Code   112  stm32f0xx_hal_tim.o(i.TIM_Base_SetConfig)
    TIM_ETR_SetConfig                        0x08001951   Thumb Code    22  stm32f0xx_hal_tim.o(i.TIM_ETR_SetConfig)
    UART_AdvFeatureConfig                    0x080019bf   Thumb Code   202  stm32f0xx_hal_uart.o(i.UART_AdvFeatureConfig)
    UART_CheckIdleState                      0x08001a89   Thumb Code    96  stm32f0xx_hal_uart.o(i.UART_CheckIdleState)
    UART_SetConfig                           0x08001af1   Thumb Code   280  stm32f0xx_hal_uart.o(i.UART_SetConfig)
    UART_WaitOnFlagUntilTimeout              0x08001c21   Thumb Code    98  stm32f0xx_hal_uart.o(i.UART_WaitOnFlagUntilTimeout)
    __0printf$3                              0x08001c85   Thumb Code    24  printf3.o(i.__0printf$3)
    __1printf$3                              0x08001c85   Thumb Code     0  printf3.o(i.__0printf$3)
    __2printf                                0x08001c85   Thumb Code     0  printf3.o(i.__0printf$3)
    __scatterload_copy                       0x08001ca5   Thumb Code    14  handlers.o(i.__scatterload_copy)
    __scatterload_null                       0x08001cb3   Thumb Code     2  handlers.o(i.__scatterload_null)
    __scatterload_zeroinit                   0x08001cb5   Thumb Code    14  handlers.o(i.__scatterload_zeroinit)
    adb_init                                 0x08001e91   Thumb Code    18  adb.o(i.adb_init)
    adb_keyboard_update                      0x08001ea9   Thumb Code   278  main.o(i.adb_keyboard_update)
    adb_listen_16b                           0x08001fed   Thumb Code   120  adb.o(i.adb_listen_16b)
    adb_mouse_update                         0x08002071   Thumb Code    78  main.o(i.adb_mouse_update)
    adb_read_bit                             0x080020c9   Thumb Code    56  adb.o(i.adb_read_bit)
    adb_recv_cmd                             0x08002109   Thumb Code    88  adb.o(i.adb_recv_cmd)
    adb_release_lines                        0x0800216d   Thumb Code    26  adb.o(i.adb_release_lines)
    adb_reset                                0x0800218d   Thumb Code    32  adb.o(i.adb_reset)
    adb_send_response_16b                    0x080021b5   Thumb Code   132  adb.o(i.adb_send_response_16b)
    adb_write_16                             0x08002241   Thumb Code    28  adb.o(i.adb_write_16)
    adb_write_byte                           0x0800225d   Thumb Code   120  adb.o(i.adb_write_byte)
    byte_to_int16_t                          0x080022d9   Thumb Code     8  main.o(i.byte_to_int16_t)
    cap_to_127                               0x080022e1   Thumb Code    22  main.o(i.cap_to_127)
    delay_us                                 0x080022f7   Thumb Code    20  delay_us.o(i.delay_us)
    delay_us_init                            0x0800230d   Thumb Code    12  delay_us.o(i.delay_us_init)
    fputc                                    0x0800231d   Thumb Code    18  main.o(i.fputc)
    get_consolidated_mouse_event             0x08002335   Thumb Code   120  main.o(i.get_consolidated_mouse_event)
    handle_protocol_switch                   0x080023ad   Thumb Code    70  main.o(i.handle_protocol_switch)
    int16_to_uint6                           0x080023fd   Thumb Code    30  main.o(i.int16_to_uint6)
    is_protocol_enabled                      0x0800241d   Thumb Code    16  main.o(i.is_protocol_enabled)
    kb_buf_add                               0x08002431   Thumb Code    44  helpers.o(i.kb_buf_add)
    kb_buf_init                              0x0800245d   Thumb Code    28  helpers.o(i.kb_buf_init)
    kb_buf_is_empty                          0x08002479   Thumb Code    16  helpers.o(i.kb_buf_is_empty)
    kb_buf_is_full                           0x08002489   Thumb Code    22  helpers.o(i.kb_buf_is_full)
    kb_buf_peek                              0x0800249f   Thumb Code    32  helpers.o(i.kb_buf_peek)
    kb_buf_pop                               0x080024bf   Thumb Code    18  helpers.o(i.kb_buf_pop)
    kb_buf_reset                             0x080024d1   Thumb Code    28  helpers.o(i.kb_buf_reset)
    look_for_atten                           0x080024ed   Thumb Code    68  adb.o(i.look_for_atten)
    main                                     0x08002539   Thumb Code   500  main.o(i.main)
    malloc                                   0x08002775   Thumb Code    92  malloc.o(i.malloc)
    micros                                   0x080027e1   Thumb Code    10  delay_us.o(i.micros)
    mouse_buf_add                            0x080027f1   Thumb Code    44  helpers.o(i.mouse_buf_add)
    mouse_buf_init                           0x0800281d   Thumb Code    22  helpers.o(i.mouse_buf_init)
    mouse_buf_is_empty                       0x08002833   Thumb Code    16  helpers.o(i.mouse_buf_is_empty)
    mouse_buf_is_full                        0x08002843   Thumb Code    22  helpers.o(i.mouse_buf_is_full)
    mouse_buf_peek                           0x08002859   Thumb Code    20  helpers.o(i.mouse_buf_peek)
    mouse_buf_pop                            0x0800286d   Thumb Code    18  helpers.o(i.mouse_buf_pop)
    mouse_buf_reset                          0x0800287f   Thumb Code    20  helpers.o(i.mouse_buf_reset)
    parse_adb_cmd                            0x08002895   Thumb Code   266  adb.o(i.parse_adb_cmd)
    protocol_status_lookup_init              0x080029a9   Thumb Code    22  main.o(i.protocol_status_lookup_init)
    send_srq                                 0x080029c5   Thumb Code    34  adb.o(i.send_srq)
    spi_error_dump_reboot                    0x080029ed   Thumb Code    76  main.o(i.spi_error_dump_reboot)
    wait_until_change                        0x08002a69   Thumb Code    60  adb.o(i.wait_until_change)
    linux_ev_to_adb_lookup                   0x08002aa8   Data         186  adb.o(.constdata)
    boot_message                             0x08002b62   Data          61  main.o(.constdata)
    AHBPrescTable                            0x08002b9f   Data          16  system_stm32f0xx.o(.constdata)
    APBPrescTable                            0x08002baf   Data           8  system_stm32f0xx.o(.constdata)
    Region$$Table$$Base                      0x08002bb8   Number         0  anon$$obj.o(Region$$Table)
    Region$$Table$$Limit                     0x08002bd8   Number         0  anon$$obj.o(Region$$Table)
    adb_mouse_current_addr                   0x20000000   Data           1  adb.o(.data)
    adb_kb_current_addr                      0x20000001   Data           1  adb.o(.data)
    adb_rw_in_progress                       0x20000002   Data           1  adb.o(.data)
    kb_enabled                               0x20000003   Data           1  adb.o(.data)
    mouse_enabled                            0x20000004   Data           1  adb.o(.data)
    adb_kb_reg2                              0x20000006   Data           2  adb.o(.data)
    adb_psw_pin                              0x20000008   Data           2  adb.o(.data)
    adb_data_pin                             0x2000000a   Data           2  adb.o(.data)
    adb_psw_port                             0x2000000c   Data           4  adb.o(.data)
    adb_data_port                            0x20000010   Data           4  adb.o(.data)
    next_busy_off                            0x20000014   Data           4  adb.o(.data)
    us_timer                                 0x20000018   Data           4  delay_us.o(.data)
    spi_error_occured                        0x2000001c   Data           1  main.o(.data)
    capslock_counter                         0x2000001d   Data           1  main.o(.data)
    ACT_LED_off_ts                           0x20000020   Data           4  main.o(.data)
    my_mouse_buf                             0x20000024   Data           8  main.o(.data)
    uwTick                                   0x2000002c   Data           4  stm32f0xx_hal.o(.data)
    SystemCoreClock                          0x20000030   Data           4  system_stm32f0xx.o(.data)
    __stdout                                 0x20000038   Data           4  stdout.o(.data)
    __microlib_freelist                      0x2000003c   Data           4  mvars.o(.data)
    __microlib_freelist_initialised          0x20000040   Data           4  mvars.o(.data)
    hiwdg                                    0x20000044   Data          16  main.o(.bss)
    hspi1                                    0x20000054   Data         100  main.o(.bss)
    htim2                                    0x200000b8   Data          64  main.o(.bss)
    huart2                                   0x200000f8   Data         112  main.o(.bss)
    spi_transmit_buf                         0x20000168   Data          32  main.o(.bss)
    spi_recv_buf                             0x20000188   Data          32  main.o(.bss)
    my_kb_buf                                0x200001a8   Data          12  main.o(.bss)
    latest_mouse_event                       0x200001b4   Data          16  main.o(.bss)
    consolidated_mouse_event                 0x200001c4   Data          16  main.o(.bss)
    protocol_status_lookup                   0x200001d4   Data          16  main.o(.bss)
    __heap_base                              0x200001e8   Data           0  startup_stm32f042x6.o(HEAP)
    __heap_limit                             0x200003e8   Data           0  startup_stm32f042x6.o(HEAP)
    __initial_sp                             0x200007e8   Data           0  startup_stm32f042x6.o(STACK)



==============================================================================

Memory Map of the image

  Image Entry point : 0x080000c1

  Load Region LR_IROM1 (Base: 0x08000000, Size: 0x00002c1c, Max: 0x00008000, ABSOLUTE)

    Execution Region ER_IROM1 (Exec base: 0x08000000, Load base: 0x08000000, Size: 0x00002bd8, Max: 0x00008000, ABSOLUTE)

    Exec Addr    Load Addr    Size         Type   Attr      Idx    E Section Name        Object

    0x08000000   0x08000000   0x000000c0   Data   RO            3    RESET               startup_stm32f042x6.o
    0x080000c0   0x080000c0   0x00000000   Code   RO         3659  * .ARM.Collect$$$$00000000  mc_p.l(entry.o)
    0x080000c0   0x080000c0   0x00000004   Code   RO         3962    .ARM.Collect$$$$00000001  mc_p.l(entry2.o)
    0x080000c4   0x080000c4   0x00000004   Code   RO         3965    .ARM.Collect$$$$00000004  mc_p.l(entry5.o)
    0x080000c8   0x080000c8   0x00000000   Code   RO         3967    .ARM.Collect$$$$00000008  mc_p.l(entry7b.o)
    0x080000c8   0x080000c8   0x00000000   Code   RO         3969    .ARM.Collect$$$$0000000A  mc_p.l(entry8b.o)
    0x080000c8   0x080000c8   0x00000008   Code   RO         3970    .ARM.Collect$$$$0000000B  mc_p.l(entry9a.o)
    0x080000d0   0x080000d0   0x00000000   Code   RO         3972    .ARM.Collect$$$$0000000D  mc_p.l(entry10a.o)
    0x080000d0   0x080000d0   0x00000000   Code   RO         3974    .ARM.Collect$$$$0000000F  mc_p.l(entry11a.o)
    0x080000d0   0x080000d0   0x00000004   Code   RO         3963    .ARM.Collect$$$$00002712  mc_p.l(entry2.o)
    0x080000d4   0x080000d4   0x00000058   Code   RO            4    .text               startup_stm32f042x6.o
    0x0800012c   0x0800012c   0x0000002c   Code   RO         3662    .text               mc_p.l(uidiv.o)
    0x08000158   0x08000158   0x00000028   Code   RO         3664    .text               mc_p.l(idiv.o)
    0x08000180   0x08000180   0x00000024   Code   RO         3668    .text               mc_p.l(rand.o)
    0x080001a4   0x080001a4   0x00000024   Code   RO         3671    .text               mc_p.l(memseta.o)
    0x080001c8   0x080001c8   0x00000024   Code   RO         3996    .text               mc_p.l(init.o)
    0x080001ec   0x080001ec   0x0000000a   Code   RO          501    i.EXTI0_1_IRQHandler  stm32f0xx_it.o
    0x080001f6   0x080001f6   0x00000048   Code   RO         1497    i.HAL_DMA_Abort_IT  stm32f0xx_hal_dma.o
    0x0800023e   0x0800023e   0x0000001c   Code   RO          826    i.HAL_Delay         stm32f0xx_hal.o
    0x0800025a   0x0800025a   0x00000002   PAD
    0x0800025c   0x0800025c   0x00000034   Code   RO          357    i.HAL_GPIO_EXTI_Callback  main.o
    0x08000290   0x08000290   0x00000018   Code   RO         1434    i.HAL_GPIO_EXTI_IRQHandler  stm32f0xx_hal_gpio.o
    0x080002a8   0x080002a8   0x0000013c   Code   RO         1435    i.HAL_GPIO_Init     stm32f0xx_hal_gpio.o
    0x080003e4   0x080003e4   0x0000000a   Code   RO         1437    i.HAL_GPIO_ReadPin  stm32f0xx_hal_gpio.o
    0x080003ee   0x080003ee   0x00000008   Code   RO         1438    i.HAL_GPIO_TogglePin  stm32f0xx_hal_gpio.o
    0x080003f6   0x080003f6   0x0000000c   Code   RO         1439    i.HAL_GPIO_WritePin  stm32f0xx_hal_gpio.o
    0x08000402   0x08000402   0x00000002   PAD
    0x08000404   0x08000404   0x0000000c   Code   RO          830    i.HAL_GetTick       stm32f0xx_hal.o
    0x08000410   0x08000410   0x00000076   Code   RO         3229    i.HAL_HalfDuplex_Init  stm32f0xx_hal_uart.o
    0x08000486   0x08000486   0x00000002   PAD
    0x08000488   0x08000488   0x00000064   Code   RO          617    i.HAL_IWDG_Init     stm32f0xx_hal_iwdg.o
    0x080004ec   0x080004ec   0x00000010   Code   RO          618    i.HAL_IWDG_Refresh  stm32f0xx_hal_iwdg.o
    0x080004fc   0x080004fc   0x00000010   Code   RO          834    i.HAL_IncTick       stm32f0xx_hal.o
    0x0800050c   0x0800050c   0x00000020   Code   RO          835    i.HAL_Init          stm32f0xx_hal.o
    0x0800052c   0x0800052c   0x00000022   Code   RO          836    i.HAL_InitTick      stm32f0xx_hal.o
    0x0800054e   0x0800054e   0x00000002   PAD
    0x08000550   0x08000550   0x00000054   Code   RO          561    i.HAL_MspInit       stm32f0xx_hal_msp.o
    0x080005a4   0x080005a4   0x00000014   Code   RO         1594    i.HAL_NVIC_EnableIRQ  stm32f0xx_hal_cortex.o
    0x080005b8   0x080005b8   0x00000008   Code   RO         1598    i.HAL_NVIC_SetPriority  stm32f0xx_hal_cortex.o
    0x080005c0   0x080005c0   0x00000154   Code   RO          644    i.HAL_RCC_ClockConfig  stm32f0xx_hal_rcc.o
    0x08000714   0x08000714   0x0000000c   Code   RO          649    i.HAL_RCC_GetHCLKFreq  stm32f0xx_hal_rcc.o
    0x08000720   0x08000720   0x00000020   Code   RO          651    i.HAL_RCC_GetPCLK1Freq  stm32f0xx_hal_rcc.o
    0x08000740   0x08000740   0x00000088   Code   RO          652    i.HAL_RCC_GetSysClockFreq  stm32f0xx_hal_rcc.o
    0x080007c8   0x080007c8   0x000003d8   Code   RO          655    i.HAL_RCC_OscConfig  stm32f0xx_hal_rcc.o
    0x08000ba0   0x08000ba0   0x00000002   Code   RO         2017    i.HAL_SPI_ErrorCallback  stm32f0xx_hal_spi.o
    0x08000ba2   0x08000ba2   0x00000002   PAD
    0x08000ba4   0x08000ba4   0x000000d4   Code   RO         2020    i.HAL_SPI_IRQHandler  stm32f0xx_hal_spi.o
    0x08000c78   0x08000c78   0x000000b8   Code   RO         2021    i.HAL_SPI_Init      stm32f0xx_hal_spi.o
    0x08000d30   0x08000d30   0x00000054   Code   RO          563    i.HAL_SPI_MspInit   stm32f0xx_hal_msp.o
    0x08000d84   0x08000d84   0x00000002   Code   RO         2027    i.HAL_SPI_RxCpltCallback  stm32f0xx_hal_spi.o
    0x08000d86   0x08000d86   0x00000002   PAD
    0x08000d88   0x08000d88   0x000000d4   Code   RO         2032    i.HAL_SPI_TransmitReceive_IT  stm32f0xx_hal_spi.o
    0x08000e5c   0x08000e5c   0x00000138   Code   RO          358    i.HAL_SPI_TxRxCpltCallback  main.o
    0x08000f94   0x08000f94   0x00000018   Code   RO         1600    i.HAL_SYSTICK_CLKSourceConfig  stm32f0xx_hal_cortex.o
    0x08000fac   0x08000fac   0x00000002   Code   RO         1601    i.HAL_SYSTICK_Callback  stm32f0xx_hal_cortex.o
    0x08000fae   0x08000fae   0x00000002   PAD
    0x08000fb0   0x08000fb0   0x00000030   Code   RO         1602    i.HAL_SYSTICK_Config  stm32f0xx_hal_cortex.o
    0x08000fe0   0x08000fe0   0x00000008   Code   RO         1603    i.HAL_SYSTICK_IRQHandler  stm32f0xx_hal_cortex.o
    0x08000fe8   0x08000fe8   0x00000048   Code   RO         3009    i.HAL_TIMEx_MasterConfigSynchronization  stm32f0xx_hal_tim_ex.o
    0x08001030   0x08001030   0x00000034   Code   RO         2355    i.HAL_TIM_Base_Init  stm32f0xx_hal_tim.o
    0x08001064   0x08001064   0x00000024   Code   RO          565    i.HAL_TIM_Base_MspInit  stm32f0xx_hal_msp.o
    0x08001088   0x08001088   0x00000018   Code   RO         2358    i.HAL_TIM_Base_Start  stm32f0xx_hal_tim.o
    0x080010a0   0x080010a0   0x000000ee   Code   RO         2364    i.HAL_TIM_ConfigClockSource  stm32f0xx_hal_tim.o
    0x0800118e   0x0800118e   0x00000002   PAD
    0x08001190   0x08001190   0x00000048   Code   RO          567    i.HAL_UART_MspInit  stm32f0xx_hal_msp.o
    0x080011d8   0x080011d8   0x000000c8   Code   RO         3259    i.HAL_UART_Transmit  stm32f0xx_hal_uart.o
    0x080012a0   0x080012a0   0x00000002   Code   RO          502    i.HardFault_Handler  stm32f0xx_it.o
    0x080012a2   0x080012a2   0x00000002   PAD
    0x080012a4   0x080012a4   0x00000134   Code   RO          359    i.MX_GPIO_Init      main.o
    0x080013d8   0x080013d8   0x0000003c   Code   RO          360    i.MX_SPI1_Init      main.o
    0x08001414   0x08001414   0x00000054   Code   RO          361    i.MX_TIM2_Init      main.o
    0x08001468   0x08001468   0x00000038   Code   RO          362    i.MX_USART2_UART_Init  main.o
    0x080014a0   0x080014a0   0x00000002   Code   RO          503    i.NMI_Handler       stm32f0xx_it.o
    0x080014a2   0x080014a2   0x00000002   PAD
    0x080014a4   0x080014a4   0x00000044   Code   RO         1604    i.NVIC_SetPriority  stm32f0xx_hal_cortex.o
    0x080014e8   0x080014e8   0x00000002   Code   RO          504    i.PendSV_Handler    stm32f0xx_it.o
    0x080014ea   0x080014ea   0x00000002   PAD
    0x080014ec   0x080014ec   0x00000010   Code   RO          505    i.SPI1_IRQHandler   stm32f0xx_it.o
    0x080014fc   0x080014fc   0x00000036   Code   RO         2039    i.SPI_2linesRxISR_16BIT  stm32f0xx_hal_spi.o
    0x08001532   0x08001532   0x0000005e   Code   RO         2040    i.SPI_2linesRxISR_8BIT  stm32f0xx_hal_spi.o
    0x08001590   0x08001590   0x00000034   Code   RO         2041    i.SPI_2linesTxISR_16BIT  stm32f0xx_hal_spi.o
    0x080015c4   0x080015c4   0x00000048   Code   RO         2042    i.SPI_2linesTxISR_8BIT  stm32f0xx_hal_spi.o
    0x0800160c   0x0800160c   0x00000052   Code   RO         2045    i.SPI_CloseRxTx_ISR  stm32f0xx_hal_spi.o
    0x0800165e   0x0800165e   0x00000012   Code   RO         2048    i.SPI_DMAAbortOnError  stm32f0xx_hal_spi.o
    0x08001670   0x08001670   0x0000004c   Code   RO         2059    i.SPI_EndRxTxTransaction  stm32f0xx_hal_spi.o
    0x080016bc   0x080016bc   0x00000096   Code   RO         2064    i.SPI_WaitFifoStateUntilTimeout  stm32f0xx_hal_spi.o
    0x08001752   0x08001752   0x0000008c   Code   RO         2065    i.SPI_WaitFlagStateUntilTimeout  stm32f0xx_hal_spi.o
    0x080017de   0x080017de   0x00000002   Code   RO          506    i.SVC_Handler       stm32f0xx_it.o
    0x080017e0   0x080017e0   0x00000034   Code   RO          507    i.SysTick_Handler   stm32f0xx_it.o
    0x08001814   0x08001814   0x0000005c   Code   RO          363    i.SystemClock_Config  main.o
    0x08001870   0x08001870   0x0000005c   Code   RO         3628    i.SystemInit        system_stm32f0xx.o
    0x080018cc   0x080018cc   0x00000084   Code   RO         2441    i.TIM_Base_SetConfig  stm32f0xx_hal_tim.o
    0x08001950   0x08001950   0x00000016   Code   RO         2448    i.TIM_ETR_SetConfig  stm32f0xx_hal_tim.o
    0x08001966   0x08001966   0x00000010   Code   RO         2449    i.TIM_ITRx_SetConfig  stm32f0xx_hal_tim.o
    0x08001976   0x08001976   0x00000022   Code   RO         2455    i.TIM_TI1_ConfigInputStage  stm32f0xx_hal_tim.o
    0x08001998   0x08001998   0x00000026   Code   RO         2457    i.TIM_TI2_ConfigInputStage  stm32f0xx_hal_tim.o
    0x080019be   0x080019be   0x000000ca   Code   RO         3264    i.UART_AdvFeatureConfig  stm32f0xx_hal_uart.o
    0x08001a88   0x08001a88   0x00000068   Code   RO         3265    i.UART_CheckIdleState  stm32f0xx_hal_uart.o
    0x08001af0   0x08001af0   0x00000130   Code   RO         3280    i.UART_SetConfig    stm32f0xx_hal_uart.o
    0x08001c20   0x08001c20   0x00000062   Code   RO         3282    i.UART_WaitOnFlagUntilTimeout  stm32f0xx_hal_uart.o
    0x08001c82   0x08001c82   0x00000002   PAD
    0x08001c84   0x08001c84   0x00000020   Code   RO         3762    i.__0printf$3       mc_p.l(printf3.o)
    0x08001ca4   0x08001ca4   0x0000000e   Code   RO         4008    i.__scatterload_copy  mc_p.l(handlers.o)
    0x08001cb2   0x08001cb2   0x00000002   Code   RO         4009    i.__scatterload_null  mc_p.l(handlers.o)
    0x08001cb4   0x08001cb4   0x0000000e   Code   RO         4010    i.__scatterload_zeroinit  mc_p.l(handlers.o)
    0x08001cc2   0x08001cc2   0x00000002   PAD
    0x08001cc4   0x08001cc4   0x000001cc   Code   RO         3769    i._printf_core      mc_p.l(printf3.o)
    0x08001e90   0x08001e90   0x00000018   Code   RO           12    i.adb_init          adb.o
    0x08001ea8   0x08001ea8   0x00000144   Code   RO          365    i.adb_keyboard_update  main.o
    0x08001fec   0x08001fec   0x00000084   Code   RO           13    i.adb_listen_16b    adb.o
    0x08002070   0x08002070   0x00000058   Code   RO          366    i.adb_mouse_update  main.o
    0x080020c8   0x080020c8   0x00000040   Code   RO           14    i.adb_read_bit      adb.o
    0x08002108   0x08002108   0x00000064   Code   RO           15    i.adb_recv_cmd      adb.o
    0x0800216c   0x0800216c   0x00000020   Code   RO           16    i.adb_release_lines  adb.o
    0x0800218c   0x0800218c   0x00000028   Code   RO           17    i.adb_reset         adb.o
    0x080021b4   0x080021b4   0x0000008c   Code   RO           18    i.adb_send_response_16b  adb.o
    0x08002240   0x08002240   0x0000001c   Code   RO           19    i.adb_write_16      adb.o
    0x0800225c   0x0800225c   0x0000007c   Code   RO           20    i.adb_write_byte    adb.o
    0x080022d8   0x080022d8   0x00000008   Code   RO          367    i.byte_to_int16_t   main.o
    0x080022e0   0x080022e0   0x00000016   Code   RO          368    i.cap_to_127        main.o
    0x080022f6   0x080022f6   0x00000014   Code   RO          227    i.delay_us          delay_us.o
    0x0800230a   0x0800230a   0x00000002   PAD
    0x0800230c   0x0800230c   0x00000010   Code   RO          228    i.delay_us_init     delay_us.o
    0x0800231c   0x0800231c   0x00000018   Code   RO          369    i.fputc             main.o
    0x08002334   0x08002334   0x00000078   Code   RO          370    i.get_consolidated_mouse_event  main.o
    0x080023ac   0x080023ac   0x00000050   Code   RO          371    i.handle_protocol_switch  main.o
    0x080023fc   0x080023fc   0x0000001e   Code   RO          372    i.int16_to_uint6    main.o
    0x0800241a   0x0800241a   0x00000002   PAD
    0x0800241c   0x0800241c   0x00000014   Code   RO          373    i.is_protocol_enabled  main.o
    0x08002430   0x08002430   0x0000002c   Code   RO          262    i.kb_buf_add        helpers.o
    0x0800245c   0x0800245c   0x0000001c   Code   RO          263    i.kb_buf_init       helpers.o
    0x08002478   0x08002478   0x00000010   Code   RO          264    i.kb_buf_is_empty   helpers.o
    0x08002488   0x08002488   0x00000016   Code   RO          265    i.kb_buf_is_full    helpers.o
    0x0800249e   0x0800249e   0x00000020   Code   RO          266    i.kb_buf_peek       helpers.o
    0x080024be   0x080024be   0x00000012   Code   RO          267    i.kb_buf_pop        helpers.o
    0x080024d0   0x080024d0   0x0000001c   Code   RO          268    i.kb_buf_reset      helpers.o
    0x080024ec   0x080024ec   0x0000004c   Code   RO           21    i.look_for_atten    adb.o
    0x08002538   0x08002538   0x0000023c   Code   RO          374    i.main              main.o
    0x08002774   0x08002774   0x0000006c   Code   RO         3935    i.malloc            mc_p.l(malloc.o)
    0x080027e0   0x080027e0   0x00000010   Code   RO          229    i.micros            delay_us.o
    0x080027f0   0x080027f0   0x0000002c   Code   RO          269    i.mouse_buf_add     helpers.o
    0x0800281c   0x0800281c   0x00000016   Code   RO          270    i.mouse_buf_init    helpers.o
    0x08002832   0x08002832   0x00000010   Code   RO          271    i.mouse_buf_is_empty  helpers.o
    0x08002842   0x08002842   0x00000016   Code   RO          272    i.mouse_buf_is_full  helpers.o
    0x08002858   0x08002858   0x00000014   Code   RO          273    i.mouse_buf_peek    helpers.o
    0x0800286c   0x0800286c   0x00000012   Code   RO          274    i.mouse_buf_pop     helpers.o
    0x0800287e   0x0800287e   0x00000014   Code   RO          275    i.mouse_buf_reset   helpers.o
    0x08002892   0x08002892   0x00000002   PAD
    0x08002894   0x08002894   0x00000114   Code   RO           22    i.parse_adb_cmd     adb.o
    0x080029a8   0x080029a8   0x0000001c   Code   RO          375    i.protocol_status_lookup_init  main.o
    0x080029c4   0x080029c4   0x00000028   Code   RO           23    i.send_srq          adb.o
    0x080029ec   0x080029ec   0x0000007c   Code   RO          376    i.spi_error_dump_reboot  main.o
    0x08002a68   0x08002a68   0x00000040   Code   RO           24    i.wait_until_change  adb.o
    0x08002aa8   0x08002aa8   0x000000ba   Data   RO           25    .constdata          adb.o
    0x08002b62   0x08002b62   0x0000003d   Data   RO          382    .constdata          main.o
    0x08002b9f   0x08002b9f   0x00000010   Data   RO         3629    .constdata          system_stm32f0xx.o
    0x08002baf   0x08002baf   0x00000008   Data   RO         3630    .constdata          system_stm32f0xx.o
    0x08002bb7   0x08002bb7   0x00000001   PAD
    0x08002bb8   0x08002bb8   0x00000020   Data   RO         4006    Region$$Table       anon$$obj.o


    Execution Region RW_IRAM1 (Exec base: 0x20000000, Load base: 0x08002bd8, Size: 0x000007e8, Max: 0x00001800, ABSOLUTE)

    Exec Addr    Load Addr    Size         Type   Attr      Idx    E Section Name        Object

    0x20000000   0x08002bd8   0x00000018   Data   RW           26    .data               adb.o
    0x20000018   0x08002bf0   0x00000004   Data   RW          230    .data               delay_us.o
    0x2000001c   0x08002bf4   0x00000010   Data   RW          383    .data               main.o
    0x2000002c   0x08002c04   0x00000004   Data   RW          841    .data               stm32f0xx_hal.o
    0x20000030   0x08002c08   0x00000004   Data   RW         3631    .data               system_stm32f0xx.o
    0x20000034   0x08002c0c   0x00000004   Data   RW         3669    .data               mc_p.l(rand.o)
    0x20000038   0x08002c10   0x00000004   Data   RW         3976    .data               mc_p.l(stdout.o)
    0x2000003c   0x08002c14   0x00000004   Data   RW         3983    .data               mc_p.l(mvars.o)
    0x20000040   0x08002c18   0x00000004   Data   RW         3984    .data               mc_p.l(mvars.o)
    0x20000044        -       0x000001a0   Zero   RW          377    .bss                main.o
    0x200001e4   0x08002c1c   0x00000004   PAD
    0x200001e8        -       0x00000200   Zero   RW            2    HEAP                startup_stm32f042x6.o
    0x200003e8        -       0x00000400   Zero   RW            1    STACK               startup_stm32f042x6.o


==============================================================================

Image component sizes


      Code (inc. data)   RO Data    RW Data    ZI Data      Debug   Object Name

      1140         92        186         24          0     460508   adb.o
        52         10          0          4          0       1923   delay_us.o
       350          0          0          0          0       7511   helpers.o
      2404        274         61         16        416      19617   main.o
        88         38        192          0       1536        640   startup_stm32f042x6.o
       122         18          0          4          0       3587   stm32f0xx_hal.o
       178         28          0          0          0      10471   stm32f0xx_hal_cortex.o
        72          0          0          0          0       1091   stm32f0xx_hal_dma.o
       370         28          0          0          0       3987   stm32f0xx_hal_gpio.o
       116         20          0          0          0       1695   stm32f0xx_hal_iwdg.o
       276         34          0          0          0       2650   stm32f0xx_hal_msp.o
      1504        102          0          0          0       5137   stm32f0xx_hal_rcc.o
      1350         20          0          0          0      10426   stm32f0xx_hal_spi.o
       556         20          0          0          0       6376   stm32f0xx_hal_tim.o
        72          0          0          0          0       1256   stm32f0xx_hal_tim_ex.o
      1026         32          0          0          0       5933   stm32f0xx_hal_uart.o
        86         14          0          0          0       2966   stm32f0xx_it.o
        92         14         24          4          0       1123   system_stm32f0xx.o

    ----------------------------------------------------------------------
      9884        744        496         52       1956     546897   Object Totals
         0          0         32          0          0          0   (incl. Generated)
        30          0          1          0          4          0   (incl. Padding)

    ----------------------------------------------------------------------

      Code (inc. data)   RO Data    RW Data    ZI Data      Debug   Library Member Name

         0          0          0          0          0          0   entry.o
         0          0          0          0          0          0   entry10a.o
         0          0          0          0          0          0   entry11a.o
         8          4          0          0          0          0   entry2.o
         4          0          0          0          0          0   entry5.o
         0          0          0          0          0          0   entry7b.o
         0          0          0          0          0          0   entry8b.o
         8          4          0          0          0          0   entry9a.o
        30          0          0          0          0          0   handlers.o
        40          0          0          0          0         72   idiv.o
        36          8          0          0          0         68   init.o
       108         16          0          0          0         76   malloc.o
        36          0          0          0          0        100   memseta.o
         0          0          0          8          0          0   mvars.o
       492         12          0          0          0        168   printf3.o
        36         12          0          4          0        120   rand.o
         0          0          0          4          0          0   stdout.o
        44          0          0          0          0         72   uidiv.o

    ----------------------------------------------------------------------
       844         56          0         16          0        676   Library Totals
         2          0          0          0          0          0   (incl. Padding)

    ----------------------------------------------------------------------

      Code (inc. data)   RO Data    RW Data    ZI Data      Debug   Library Name

       842         56          0         16          0        676   mc_p.l

    ----------------------------------------------------------------------
       844         56          0         16          0        676   Library Totals

    ----------------------------------------------------------------------

==============================================================================


      Code (inc. data)   RO Data    RW Data    ZI Data      Debug   

     10728        800        496         68       1956     542621   Grand Totals
     10728        800        496         68       1956     542621   ELF Image Totals
     10728        800        496         68          0          0   ROM Totals

==============================================================================

    Total RO  Size (Code + RO Data)                11224 (  10.96kB)
    Total RW  Size (RW Data + ZI Data)              2024 (   1.98kB)
    Total ROM Size (Code + RO Data + RW Data)      11292 (  11.03kB)

==============================================================================

