Component: ARM Compiler 5.06 update 6 (build 750) Tool: armlink [4d35ed]

==============================================================================

Section Cross References

    startup_stm32f072xb.o(RESET) refers to startup_stm32f072xb.o(STACK) for __initial_sp
    startup_stm32f072xb.o(RESET) refers to startup_stm32f072xb.o(.text) for Reset_Handler
    startup_stm32f072xb.o(RESET) refers to stm32f0xx_it.o(i.NMI_Handler) for NMI_Handler
    startup_stm32f072xb.o(RESET) refers to stm32f0xx_it.o(i.HardFault_Handler) for HardFault_Handler
    startup_stm32f072xb.o(RESET) refers to stm32f0xx_it.o(i.SVC_Handler) for SVC_Handler
    startup_stm32f072xb.o(RESET) refers to stm32f0xx_it.o(i.PendSV_Handler) for PendSV_Handler
    startup_stm32f072xb.o(RESET) refers to stm32f0xx_it.o(i.SysTick_Handler) for SysTick_Handler
    startup_stm32f072xb.o(RESET) refers to stm32f0xx_it.o(i.EXTI0_1_IRQHandler) for EXTI0_1_IRQHandler
    startup_stm32f072xb.o(RESET) refers to stm32f0xx_it.o(i.SPI1_IRQHandler) for SPI1_IRQHandler
    startup_stm32f072xb.o(RESET) refers to stm32f0xx_it.o(i.USART3_4_IRQHandler) for USART3_4_IRQHandler
    startup_stm32f072xb.o(.text) refers to system_stm32f0xx.o(i.SystemInit) for SystemInit
    startup_stm32f072xb.o(.text) refers to entry.o(.ARM.Collect$$$$00000000) for __main
    delay_us.o(i.delay_us) refers to delay_us.o(i.micros) for micros
    delay_us.o(i.delay_us_init) refers to stm32f0xx_hal_tim.o(i.HAL_TIM_Base_Start) for HAL_TIM_Base_Start
    delay_us.o(i.delay_us_init) refers to delay_us.o(.data) for .data
    delay_us.o(i.micros) refers to delay_us.o(.data) for .data
    helpers.o(i.ps2kb_buf_add) refers to helpers.o(i.ps2kb_buf_is_full) for ps2kb_buf_is_full
    helpers.o(i.ps2kb_buf_add) refers to uidiv.o(.text) for __aeabi_uidivmod
    helpers.o(i.ps2kb_buf_init) refers to malloc.o(i.malloc) for malloc
    helpers.o(i.ps2kb_buf_init) refers to helpers.o(i.ps2kb_buf_reset) for ps2kb_buf_reset
    helpers.o(i.ps2kb_buf_is_full) refers to uidiv.o(.text) for __aeabi_uidivmod
    helpers.o(i.ps2kb_buf_pop) refers to uidiv.o(.text) for __aeabi_uidivmod
    helpers.o(i.ps2kb_buf_reset) refers to memseta.o(.text) for __aeabi_memclr
    helpers.o(i.ps2mouse_buf_add) refers to helpers.o(i.ps2mouse_buf_is_full) for ps2mouse_buf_is_full
    helpers.o(i.ps2mouse_buf_add) refers to memcpya.o(.text) for __aeabi_memcpy
    helpers.o(i.ps2mouse_buf_add) refers to uidiv.o(.text) for __aeabi_uidivmod
    helpers.o(i.ps2mouse_buf_init) refers to malloc.o(i.malloc) for malloc
    helpers.o(i.ps2mouse_buf_init) refers to helpers.o(i.ps2mouse_buf_reset) for ps2mouse_buf_reset
    helpers.o(i.ps2mouse_buf_is_full) refers to uidiv.o(.text) for __aeabi_uidivmod
    helpers.o(i.ps2mouse_buf_pop) refers to uidiv.o(.text) for __aeabi_uidivmod
    helpers.o(i.ps2mouse_buf_reset) refers to memseta.o(.text) for __aeabi_memclr
    ps2kb.o(i.keyboard_reply) refers to ps2kb.o(i.__ARM_common_switch8) for __ARM_common_switch8
    ps2kb.o(i.keyboard_reply) refers to ps2kb.o(i.ps2kb_write) for ps2kb_write
    ps2kb.o(i.keyboard_reply) refers to ps2kb.o(i.ps2kb_reset) for ps2kb_reset
    ps2kb.o(i.keyboard_reply) refers to ps2kb.o(i.ps2kb_read) for ps2kb_read
    ps2kb.o(i.keyboard_reply) refers to ps2kb.o(.data) for .data
    ps2kb.o(i.ps2kb_get_bus_status) refers to stm32f0xx_hal_gpio.o(i.HAL_GPIO_ReadPin) for HAL_GPIO_ReadPin
    ps2kb.o(i.ps2kb_get_bus_status) refers to ps2kb.o(.data) for .data
    ps2kb.o(i.ps2kb_init) refers to ps2kb.o(i.ps2kb_release_lines) for ps2kb_release_lines
    ps2kb.o(i.ps2kb_init) refers to ps2kb.o(i.ps2kb_reset) for ps2kb_reset
    ps2kb.o(i.ps2kb_init) refers to ps2kb.o(.data) for .data
    ps2kb.o(i.ps2kb_press_key) refers to ps2kb.o(i.ps2kb_write) for ps2kb_write
    ps2kb.o(i.ps2kb_press_key) refers to ps2kb.o(.data) for .data
    ps2kb.o(i.ps2kb_press_key) refers to ps2kb.o(.constdata) for .constdata
    ps2kb.o(i.ps2kb_read) refers to stm32f0xx_hal.o(i.HAL_GetTick) for HAL_GetTick
    ps2kb.o(i.ps2kb_read) refers to ps2kb.o(i.ps2kb_get_bus_status) for ps2kb_get_bus_status
    ps2kb.o(i.ps2kb_read) refers to delay_us.o(i.delay_us) for delay_us
    ps2kb.o(i.ps2kb_read) refers to stm32f0xx_hal_gpio.o(i.HAL_GPIO_WritePin) for HAL_GPIO_WritePin
    ps2kb.o(i.ps2kb_read) refers to stm32f0xx_hal_gpio.o(i.HAL_GPIO_ReadPin) for HAL_GPIO_ReadPin
    ps2kb.o(i.ps2kb_read) refers to ps2kb.o(.data) for .data
    ps2kb.o(i.ps2kb_release_lines) refers to stm32f0xx_hal_gpio.o(i.HAL_GPIO_WritePin) for HAL_GPIO_WritePin
    ps2kb.o(i.ps2kb_release_lines) refers to ps2kb.o(.data) for .data
    ps2kb.o(i.ps2kb_reset) refers to ps2kb.o(.data) for .data
    ps2kb.o(i.ps2kb_write) refers to stm32f0xx_hal.o(i.HAL_GetTick) for HAL_GetTick
    ps2kb.o(i.ps2kb_write) refers to ps2kb.o(i.ps2kb_get_bus_status) for ps2kb_get_bus_status
    ps2kb.o(i.ps2kb_write) refers to delay_us.o(i.delay_us) for delay_us
    ps2kb.o(i.ps2kb_write) refers to ps2kb.o(i.ps2kb_write_nowait) for ps2kb_write_nowait
[...]
    Removing stm32f0xx_hal_dma.o(i.DMA_SetConfig), (40 bytes).
    Removing stm32f0xx_hal_dma.o(i.HAL_DMA_Abort), (44 bytes).
    Removing stm32f0xx_hal_dma.o(i.HAL_DMA_DeInit), (66 bytes).
    Removing stm32f0xx_hal_dma.o(i.HAL_DMA_GetError), (4 bytes).
    Removing stm32f0xx_hal_dma.o(i.HAL_DMA_GetState), (6 bytes).
    Removing stm32f0xx_hal_dma.o(i.HAL_DMA_IRQHandler), (156 bytes).
    Removing stm32f0xx_hal_dma.o(i.HAL_DMA_Init), (88 bytes).
    Removing stm32f0xx_hal_dma.o(i.HAL_DMA_PollForTransfer), (176 bytes).
    Removing stm32f0xx_hal_dma.o(i.HAL_DMA_RegisterCallback), (72 bytes).
    Removing stm32f0xx_hal_dma.o(i.HAL_DMA_Start), (74 bytes).
    Removing stm32f0xx_hal_dma.o(i.HAL_DMA_Start_IT), (106 bytes).
    Removing stm32f0xx_hal_dma.o(i.HAL_DMA_UnRegisterCallback), (78 bytes).
    Removing stm32f0xx_hal_cortex.o(.rev16_text), (4 bytes).
    Removing stm32f0xx_hal_cortex.o(.revsh_text), (4 bytes).
    Removing stm32f0xx_hal_cortex.o(i.HAL_NVIC_ClearPendingIRQ), (20 bytes).
    Removing stm32f0xx_hal_cortex.o(i.HAL_NVIC_DisableIRQ), (20 bytes).
    Removing stm32f0xx_hal_cortex.o(i.HAL_NVIC_GetPendingIRQ), (28 bytes).
    Removing stm32f0xx_hal_cortex.o(i.HAL_NVIC_GetPriority), (52 bytes).
    Removing stm32f0xx_hal_cortex.o(i.HAL_NVIC_SetPendingIRQ), (20 bytes).
    Removing stm32f0xx_hal_cortex.o(i.HAL_NVIC_SystemReset), (28 bytes).
    Removing stm32f0xx_hal_pwr.o(.rev16_text), (4 bytes).
    Removing stm32f0xx_hal_pwr.o(.revsh_text), (4 bytes).
    Removing stm32f0xx_hal_pwr.o(i.HAL_PWR_DeInit), (24 bytes).
    Removing stm32f0xx_hal_pwr.o(i.HAL_PWR_DisableBkUpAccess), (16 bytes).
    Removing stm32f0xx_hal_pwr.o(i.HAL_PWR_DisableSEVOnPend), (16 bytes).
    Removing stm32f0xx_hal_pwr.o(i.HAL_PWR_DisableSleepOnExit), (16 bytes).
    Removing stm32f0xx_hal_pwr.o(i.HAL_PWR_DisableWakeUpPin), (16 bytes).
    Removing stm32f0xx_hal_pwr.o(i.HAL_PWR_EnableBkUpAccess), (16 bytes).
    Removing stm32f0xx_hal_pwr.o(i.HAL_PWR_EnableSEVOnPend), (16 bytes).
    Removing stm32f0xx_hal_pwr.o(i.HAL_PWR_EnableSleepOnExit), (16 bytes).
    Removing stm32f0xx_hal_pwr.o(i.HAL_PWR_EnableWakeUpPin), (16 bytes).
    Removing stm32f0xx_hal_pwr.o(i.HAL_PWR_EnterSLEEPMode), (32 bytes).
    Removing stm32f0xx_hal_pwr.o(i.HAL_PWR_EnterSTANDBYMode), (32 bytes).
    Removing stm32f0xx_hal_pwr.o(i.HAL_PWR_EnterSTOPMode), (52 bytes).
    Removing stm32f0xx_hal_pwr_ex.o(.rev16_text), (4 bytes).
    Removing stm32f0xx_hal_pwr_ex.o(.revsh_text), (4 bytes).
    Removing stm32f0xx_hal_pwr_ex.o(i.HAL_PWREx_DisableVddio2Monitor), (32 bytes).
    Removing stm32f0xx_hal_pwr_ex.o(i.HAL_PWREx_EnableVddio2Monitor), (24 bytes).
    Removing stm32f0xx_hal_pwr_ex.o(i.HAL_PWREx_Vddio2MonitorCallback), (2 bytes).
    Removing stm32f0xx_hal_pwr_ex.o(i.HAL_PWREx_Vddio2Monitor_IRQHandler), (24 bytes).
    Removing stm32f0xx_hal_pwr_ex.o(i.HAL_PWR_ConfigPVD), (104 bytes).
    Removing stm32f0xx_hal_pwr_ex.o(i.HAL_PWR_DisablePVD), (16 bytes).
    Removing stm32f0xx_hal_pwr_ex.o(i.HAL_PWR_EnablePVD), (16 bytes).
    Removing stm32f0xx_hal_pwr_ex.o(i.HAL_PWR_PVDCallback), (2 bytes).
    Removing stm32f0xx_hal_pwr_ex.o(i.HAL_PWR_PVD_IRQHandler), (28 bytes).
    Removing stm32f0xx_hal_flash.o(.rev16_text), (4 bytes).
    Removing stm32f0xx_hal_flash.o(.revsh_text), (4 bytes).
    Removing stm32f0xx_hal_flash.o(i.FLASH_Program_HalfWord), (32 bytes).
    Removing stm32f0xx_hal_flash.o(i.FLASH_SetErrorCode), (56 bytes).
    Removing stm32f0xx_hal_flash.o(i.FLASH_WaitForLastOperation), (80 bytes).
    Removing stm32f0xx_hal_flash.o(i.HAL_FLASH_EndOfOperationCallback), (2 bytes).
    Removing stm32f0xx_hal_flash.o(i.HAL_FLASH_GetError), (12 bytes).
    Removing stm32f0xx_hal_flash.o(i.HAL_FLASH_IRQHandler), (268 bytes).
    Removing stm32f0xx_hal_flash.o(i.HAL_FLASH_Lock), (20 bytes).
    Removing stm32f0xx_hal_flash.o(i.HAL_FLASH_OB_Launch), (32 bytes).
    Removing stm32f0xx_hal_flash.o(i.HAL_FLASH_OB_Lock), (20 bytes).
    Removing stm32f0xx_hal_flash.o(i.HAL_FLASH_OB_Unlock), (36 bytes).
    Removing stm32f0xx_hal_flash.o(i.HAL_FLASH_OperationErrorCallback), (2 bytes).
    Removing stm32f0xx_hal_flash.o(i.HAL_FLASH_Program), (124 bytes).
    Removing stm32f0xx_hal_flash.o(i.HAL_FLASH_Program_IT), (100 bytes).
    Removing stm32f0xx_hal_flash.o(i.HAL_FLASH_Unlock), (36 bytes).
    Removing stm32f0xx_hal_flash.o(.bss), (32 bytes).
    Removing stm32f0xx_hal_flash_ex.o(.rev16_text), (4 bytes).
    Removing stm32f0xx_hal_flash_ex.o(.revsh_text), (4 bytes).
    Removing stm32f0xx_hal_flash_ex.o(i.FLASH_MassErase), (36 bytes).
    Removing stm32f0xx_hal_flash_ex.o(i.FLASH_OB_DisableWRP), (164 bytes).
    Removing stm32f0xx_hal_flash_ex.o(i.FLASH_OB_EnableWRP), (164 bytes).
    Removing stm32f0xx_hal_flash_ex.o(i.FLASH_OB_GetRDP), (32 bytes).
    Removing stm32f0xx_hal_flash_ex.o(i.FLASH_OB_RDP_LevelConfig), (96 bytes).
    Removing stm32f0xx_hal_flash_ex.o(i.FLASH_PageErase), (36 bytes).
    Removing stm32f0xx_hal_flash_ex.o(i.HAL_FLASHEx_Erase), (160 bytes).
    Removing stm32f0xx_hal_flash_ex.o(i.HAL_FLASHEx_Erase_IT), (88 bytes).
    Removing stm32f0xx_hal_flash_ex.o(i.HAL_FLASHEx_OBErase), (80 bytes).
    Removing stm32f0xx_hal_flash_ex.o(i.HAL_FLASHEx_OBGetConfig), (36 bytes).
    Removing stm32f0xx_hal_flash_ex.o(i.HAL_FLASHEx_OBGetUserData), (28 bytes).
    Removing stm32f0xx_hal_flash_ex.o(i.HAL_FLASHEx_OBProgram), (204 bytes).
    Removing system_stm32f0xx.o(.rev16_text), (4 bytes).
    Removing system_stm32f0xx.o(.revsh_text), (4 bytes).
    Removing system_stm32f0xx.o(i.SystemCoreClockUpdate), (112 bytes).
    Removing dadd.o(.text), (356 bytes).
    Removing dmul.o(.text), (208 bytes).
    Removing ddiv.o(.text), (240 bytes).
    Removing dfixul.o(.text), (64 bytes).
    Removing cdrcmple.o(.text), (40 bytes).
    Removing depilogue.o(.text), (190 bytes).
    Removing depilogue.o(i.__ARM_clz), (46 bytes).

482 unused section(s) (total 34174 bytes) removed from the image.

==============================================================================

Image Symbol Table

    Local Symbols

    Symbol Name                              Value     Ov Type        Size  Object(Section)

    ..//Src/system_stm32f0xx.c               0x00000000   Number         0  system_stm32f0xx.o ABSOLUTE
    ../Drivers/STM32F0xx_HAL_Driver/Src/stm32f0xx_hal.c 0x00000000   Number         0  stm32f0xx_hal.o ABSOLUTE
    ../Drivers/STM32F0xx_HAL_Driver/Src/stm32f0xx_hal_cortex.c 0x00000000   Number         0  stm32f0xx_hal_cortex.o ABSOLUTE
    ../Drivers/STM32F0xx_HAL_Driver/Src/stm32f0xx_hal_dma.c 0x00000000   Number         0  stm32f0xx_hal_dma.o ABSOLUTE
    ../Drivers/STM32F0xx_HAL_Driver/Src/stm32f0xx_hal_flash.c 0x00000000   Number         0  stm32f0xx_hal_flash.o ABSOLUTE
    ../Drivers/STM32F0xx_HAL_Driver/Src/stm32f0xx_hal_flash_ex.c 0x00000000   Number         0  stm32f0xx_hal_flash_ex.o ABSOLUTE
    ../Drivers/STM32F0xx_HAL_Driver/Src/stm32f0xx_hal_gpio.c 0x00000000   Number         0  stm32f0xx_hal_gpio.o ABSOLUTE
    ../Drivers/STM32F0xx_HAL_Driver/Src/stm32f0xx_hal_i2c.c 0x00000000   Number         0  stm32f0xx_hal_i2c.o ABSOLUTE
    ../Drivers/STM32F0xx_HAL_Driver/Src/stm32f0xx_hal_i2c_ex.c 0x00000000   Number         0  stm32f0xx_hal_i2c_ex.o ABSOLUTE
    ../Drivers/STM32F0xx_HAL_Driver/Src/stm32f0xx_hal_pwr.c 0x00000000   Number         0  stm32f0xx_hal_pwr.o ABSOLUTE
    ../Drivers/STM32F0xx_HAL_Driver/Src/stm32f0xx_hal_pwr_ex.c 0x00000000   Number         0  stm32f0xx_hal_pwr_ex.o ABSOLUTE
    ../Drivers/STM32F0xx_HAL_Driver/Src/stm32f0xx_hal_rcc.c 0x00000000   Number         0  stm32f0xx_hal_rcc.o ABSOLUTE
    ../Drivers/STM32F0xx_HAL_Driver/Src/stm32f0xx_hal_rcc_ex.c 0x00000000   Number         0  stm32f0xx_hal_rcc_ex.o ABSOLUTE
    ../Drivers/STM32F0xx_HAL_Driver/Src/stm32f0xx_hal_spi.c 0x00000000   Number         0  stm32f0xx_hal_spi.o ABSOLUTE
    ../Drivers/STM32F0xx_HAL_Driver/Src/stm32f0xx_hal_spi_ex.c 0x00000000   Number         0  stm32f0xx_hal_spi_ex.o ABSOLUTE
    ../Drivers/STM32F0xx_HAL_Driver/Src/stm32f0xx_hal_tim.c 0x00000000   Number         0  stm32f0xx_hal_tim.o ABSOLUTE
    ../Drivers/STM32F0xx_HAL_Driver/Src/stm32f0xx_hal_tim_ex.c 0x00000000   Number         0  stm32f0xx_hal_tim_ex.o ABSOLUTE
    ../Drivers/STM32F0xx_HAL_Driver/Src/stm32f0xx_hal_uart.c 0x00000000   Number         0  stm32f0xx_hal_uart.o ABSOLUTE
    ../Drivers/STM32F0xx_HAL_Driver/Src/stm32f0xx_hal_uart_ex.c 0x00000000   Number         0  stm32f0xx_hal_uart_ex.o ABSOLUTE
    ../Src/main.c                            0x00000000   Number         0  main.o ABSOLUTE
    ../Src/stm32f0xx_hal_msp.c               0x00000000   Number         0  stm32f0xx_hal_msp.o ABSOLUTE
    ../Src/stm32f0xx_it.c                    0x00000000   Number         0  stm32f0xx_it.o ABSOLUTE
    ../clib/microlib/division.c              0x00000000   Number         0  uldiv.o ABSOLUTE
    ../clib/microlib/division.c              0x00000000   Number         0  uidiv.o ABSOLUTE
    ../clib/microlib/init/entry.s            0x00000000   Number         0  entry7b.o ABSOLUTE
    ../clib/microlib/init/entry.s            0x00000000   Number         0  entry11b.o ABSOLUTE
    ../clib/microlib/init/entry.s            0x00000000   Number         0  entry10b.o ABSOLUTE
    ../clib/microlib/init/entry.s            0x00000000   Number         0  entry10a.o ABSOLUTE
    ../clib/microlib/init/entry.s            0x00000000   Number         0  entry9b.o ABSOLUTE
    ../clib/microlib/init/entry.s            0x00000000   Number         0  entry11a.o ABSOLUTE
    ../clib/microlib/init/entry.s            0x00000000   Number         0  entry5.o ABSOLUTE
    ../clib/microlib/init/entry.s            0x00000000   Number         0  entry.o ABSOLUTE
    ../clib/microlib/init/entry.s            0x00000000   Number         0  entry8b.o ABSOLUTE
    ../clib/microlib/init/entry.s            0x00000000   Number         0  entry2.o ABSOLUTE
    ../clib/microlib/init/entry.s            0x00000000   Number         0  entry9a.o ABSOLUTE
    ../clib/microlib/init/entry.s            0x00000000   Number         0  entry7a.o ABSOLUTE
    ../clib/microlib/init/entry.s            0x00000000   Number         0  entry8a.o ABSOLUTE
    ../clib/microlib/longlong.c              0x00000000   Number         0  llsshr.o ABSOLUTE
    ../clib/microlib/longlong.c              0x00000000   Number         0  llshl.o ABSOLUTE
    ../clib/microlib/longlong.c              0x00000000   Number         0  llushr.o ABSOLUTE
    ../clib/microlib/malloc/malloc.c         0x00000000   Number         0  mallocr.o ABSOLUTE
    ../clib/microlib/malloc/malloc.c         0x00000000   Number         0  malloca.o ABSOLUTE
    ../clib/microlib/malloc/malloc.c         0x00000000   Number         0  mallocra.o ABSOLUTE
    ../clib/microlib/malloc/malloc.c         0x00000000   Number         0  malloc.o ABSOLUTE
    ../clib/microlib/malloc/mvars.c          0x00000000   Number         0  mvars.o ABSOLUTE
    ../clib/microlib/printf/printf.c         0x00000000   Number         0  printf7.o ABSOLUTE
    ../clib/microlib/printf/printf.c         0x00000000   Number         0  printf6.o ABSOLUTE
    ../clib/microlib/printf/printf.c         0x00000000   Number         0  printf5.o ABSOLUTE
    ../clib/microlib/printf/printf.c         0x00000000   Number         0  printf4.o ABSOLUTE
    ../clib/microlib/printf/printf.c         0x00000000   Number         0  printf3.o ABSOLUTE
    ../clib/microlib/printf/printf.c         0x00000000   Number         0  printf2.o ABSOLUTE
    ../clib/microlib/printf/printf.c         0x00000000   Number         0  printf1.o ABSOLUTE
    ../clib/microlib/printf/printf.c         0x00000000   Number         0  printf0.o ABSOLUTE
    ../clib/microlib/printf/printf.c         0x00000000   Number         0  printfb.o ABSOLUTE
    ../clib/microlib/printf/printf.c         0x00000000   Number         0  printfa.o ABSOLUTE
    ../clib/microlib/printf/printf.c         0x00000000   Number         0  printf8.o ABSOLUTE
    ../clib/microlib/printf/stubs.s          0x00000000   Number         0  stubs.o ABSOLUTE
    ../clib/microlib/stdio/streams.c         0x00000000   Number         0  stdout.o ABSOLUTE
    ../clib/microlib/string/memcpy.c         0x00000000   Number         0  memcpya.o ABSOLUTE
    ../clib/microlib/string/memcpy.c         0x00000000   Number         0  memcpyb.o ABSOLUTE
    ../clib/microlib/string/memset.c         0x00000000   Number         0  memseta.o ABSOLUTE
    ../clib/microlib/stubs.s                 0x00000000   Number         0  iusefp.o ABSOLUTE
    ../fplib/microlib/fpadd.c                0x00000000   Number         0  dadd.o ABSOLUTE
    ../fplib/microlib/fpdiv.c                0x00000000   Number         0  ddiv.o ABSOLUTE
    ../fplib/microlib/fpepilogue.c           0x00000000   Number         0  depilogue.o ABSOLUTE
    ../fplib/microlib/fpfix.c                0x00000000   Number         0  dfixul.o ABSOLUTE
    ../fplib/microlib/fpmul.c                0x00000000   Number         0  dmul.o ABSOLUTE
    ..\Drivers\STM32F0xx_HAL_Driver\Src\stm32f0xx_hal.c 0x00000000   Number         0  stm32f0xx_hal.o ABSOLUTE
    ..\Drivers\STM32F0xx_HAL_Driver\Src\stm32f0xx_hal_cortex.c 0x00000000   Number         0  stm32f0xx_hal_cortex.o ABSOLUTE
    ..\Drivers\STM32F0xx_HAL_Driver\Src\stm32f0xx_hal_dma.c 0x00000000   Number         0  stm32f0xx_hal_dma.o ABSOLUTE
    ..\Drivers\STM32F0xx_HAL_Driver\Src\stm32f0xx_hal_flash.c 0x00000000   Number         0  stm32f0xx_hal_flash.o ABSOLUTE
    ..\Drivers\STM32F0xx_HAL_Driver\Src\stm32f0xx_hal_flash_ex.c 0x00000000   Number         0  stm32f0xx_hal_flash_ex.o ABSOLUTE
    ..\Drivers\STM32F0xx_HAL_Driver\Src\stm32f0xx_hal_gpio.c 0x00000000   Number         0  stm32f0xx_hal_gpio.o ABSOLUTE
    ..\Drivers\STM32F0xx_HAL_Driver\Src\stm32f0xx_hal_i2c.c 0x00000000   Number         0  stm32f0xx_hal_i2c.o ABSOLUTE
    ..\Drivers\STM32F0xx_HAL_Driver\Src\stm32f0xx_hal_i2c_ex.c 0x00000000   Number         0  stm32f0xx_hal_i2c_ex.o ABSOLUTE
    ..\Drivers\STM32F0xx_HAL_Driver\Src\stm32f0xx_hal_pwr.c 0x00000000   Number         0  stm32f0xx_hal_pwr.o ABSOLUTE
    ..\Drivers\STM32F0xx_HAL_Driver\Src\stm32f0xx_hal_pwr_ex.c 0x00000000   Number         0  stm32f0xx_hal_pwr_ex.o ABSOLUTE
    ..\Drivers\STM32F0xx_HAL_Driver\Src\stm32f0xx_hal_rcc.c 0x00000000   Number         0  stm32f0xx_hal_rcc.o ABSOLUTE
    ..\Drivers\STM32F0xx_HAL_Driver\Src\stm32f0xx_hal_rcc_ex.c 0x00000000   Number         0  stm32f0xx_hal_rcc_ex.o ABSOLUTE
    ..\Drivers\STM32F0xx_HAL_Driver\Src\stm32f0xx_hal_spi.c 0x00000000   Number         0  stm32f0xx_hal_spi.o ABSOLUTE
    ..\Drivers\STM32F0xx_HAL_Driver\Src\stm32f0xx_hal_spi_ex.c 0x00000000   Number         0  stm32f0xx_hal_spi_ex.o ABSOLUTE
    ..\Drivers\STM32F0xx_HAL_Driver\Src\stm32f0xx_hal_tim.c 0x00000000   Number         0  stm32f0xx_hal_tim.o ABSOLUTE
    ..\Drivers\STM32F0xx_HAL_Driver\Src\stm32f0xx_hal_tim_ex.c 0x00000000   Number         0  stm32f0xx_hal_tim_ex.o ABSOLUTE
    ..\Drivers\STM32F0xx_HAL_Driver\Src\stm32f0xx_hal_uart.c 0x00000000   Number         0  stm32f0xx_hal_uart.o ABSOLUTE
    ..\Drivers\STM32F0xx_HAL_Driver\Src\stm32f0xx_hal_uart_ex.c 0x00000000   Number         0  stm32f0xx_hal_uart_ex.o ABSOLUTE
    ..\Src\delay_us.c                        0x00000000   Number         0  delay_us.o ABSOLUTE
    ..\Src\helpers.c                         0x00000000   Number         0  helpers.o ABSOLUTE
    ..\Src\main.c                            0x00000000   Number         0  main.o ABSOLUTE
    ..\Src\mcp4451.c                         0x00000000   Number         0  mcp4451.o ABSOLUTE
    ..\Src\ps2kb.c                           0x00000000   Number         0  ps2kb.o ABSOLUTE
    ..\Src\ps2mouse.c                        0x00000000   Number         0  ps2mouse.o ABSOLUTE
    ..\Src\stm32f0xx_hal_msp.c               0x00000000   Number         0  stm32f0xx_hal_msp.o ABSOLUTE
    ..\Src\stm32f0xx_it.c                    0x00000000   Number         0  stm32f0xx_it.o ABSOLUTE
    ..\\Src\\delay_us.c                      0x00000000   Number         0  delay_us.o ABSOLUTE
    ..\\Src\\helpers.c                       0x00000000   Number         0  helpers.o ABSOLUTE
    ..\\Src\\mcp4451.c                       0x00000000   Number         0  mcp4451.o ABSOLUTE
    ..\\Src\\ps2kb.c                         0x00000000   Number         0  ps2kb.o ABSOLUTE
    ..\\Src\\ps2mouse.c                      0x00000000   Number         0  ps2mouse.o ABSOLUTE
    ..\\Src\system_stm32f0xx.c               0x00000000   Number         0  system_stm32f0xx.o ABSOLUTE
    cdrcmple.s                               0x00000000   Number         0  cdrcmple.o ABSOLUTE
    dc.s                                     0x00000000   Number         0  dc.o ABSOLUTE
    handlers.s                               0x00000000   Number         0  handlers.o ABSOLUTE
    init.s                                   0x00000000   Number         0  init.o ABSOLUTE
    startup_stm32f072xb.s                    0x00000000   Number         0  startup_stm32f072xb.o ABSOLUTE
    RESET                                    0x08000000   Section      192  startup_stm32f072xb.o(RESET)
    .ARM.Collect$$$$00000000                 0x080000c0   Section        0  entry.o(.ARM.Collect$$$$00000000)
    .ARM.Collect$$$$00000001                 0x080000c0   Section        4  entry2.o(.ARM.Collect$$$$00000001)
    .ARM.Collect$$$$00000004                 0x080000c4   Section        4  entry5.o(.ARM.Collect$$$$00000004)
    .ARM.Collect$$$$00000008                 0x080000c8   Section        0  entry7b.o(.ARM.Collect$$$$00000008)
    .ARM.Collect$$$$0000000A                 0x080000c8   Section        0  entry8b.o(.ARM.Collect$$$$0000000A)
    .ARM.Collect$$$$0000000B                 0x080000c8   Section        8  entry9a.o(.ARM.Collect$$$$0000000B)
    .ARM.Collect$$$$0000000D                 0x080000d0   Section        0  entry10a.o(.ARM.Collect$$$$0000000D)
    .ARM.Collect$$$$0000000F                 0x080000d0   Section        0  entry11a.o(.ARM.Collect$$$$0000000F)
    .ARM.Collect$$$$00002712                 0x080000d0   Section        4  entry2.o(.ARM.Collect$$$$00002712)
    __lit__00000000                          0x080000d0   Data           4  entry2.o(.ARM.Collect$$$$00002712)
    .text                                    0x080000d4   Section       28  startup_stm32f072xb.o(.text)
    .text                                    0x080000f0   Section        0  uidiv.o(.text)
    .text                                    0x0800011c   Section        0  memcpya.o(.text)
    .text                                    0x08000140   Section        0  memseta.o(.text)
    .text                                    0x08000164   Section       36  init.o(.text)
    i.EXTI0_1_IRQHandler                     0x08000188   Section        0  stm32f0xx_it.o(i.EXTI0_1_IRQHandler)
    i.HAL_DMA_Abort_IT                       0x08000192   Section        0  stm32f0xx_hal_dma.o(i.HAL_DMA_Abort_IT)
    i.HAL_Delay                              0x080001da   Section        0  stm32f0xx_hal.o(i.HAL_Delay)
    i.HAL_GPIO_EXTI_Callback                 0x080001f8   Section        0  main.o(i.HAL_GPIO_EXTI_Callback)
    i.HAL_GPIO_EXTI_IRQHandler               0x08000208   Section        0  stm32f0xx_hal_gpio.o(i.HAL_GPIO_EXTI_IRQHandler)
    i.HAL_GPIO_Init                          0x08000220   Section        0  stm32f0xx_hal_gpio.o(i.HAL_GPIO_Init)
    i.HAL_GPIO_ReadPin                       0x08000378   Section        0  stm32f0xx_hal_gpio.o(i.HAL_GPIO_ReadPin)
    i.HAL_GPIO_TogglePin                     0x08000382   Section        0  stm32f0xx_hal_gpio.o(i.HAL_GPIO_TogglePin)
    i.HAL_GPIO_WritePin                      0x0800038a   Section        0  stm32f0xx_hal_gpio.o(i.HAL_GPIO_WritePin)
    i.HAL_GetTick                            0x08000398   Section        0  stm32f0xx_hal.o(i.HAL_GetTick)
    i.HAL_I2CEx_ConfigAnalogFilter           0x080003a4   Section        0  stm32f0xx_hal_i2c_ex.o(i.HAL_I2CEx_ConfigAnalogFilter)
    i.HAL_I2CEx_ConfigDigitalFilter          0x080003ee   Section        0  stm32f0xx_hal_i2c_ex.o(i.HAL_I2CEx_ConfigDigitalFilter)
    i.HAL_I2C_Init                           0x08000438   Section        0  stm32f0xx_hal_i2c.o(i.HAL_I2C_Init)
    i.HAL_I2C_IsDeviceReady                  0x080004ec   Section        0  stm32f0xx_hal_i2c.o(i.HAL_I2C_IsDeviceReady)
    i.HAL_I2C_MspInit                        0x08000608   Section        0  stm32f0xx_hal_msp.o(i.HAL_I2C_MspInit)
    i.HAL_IncTick                            0x08000654   Section        0  stm32f0xx_hal.o(i.HAL_IncTick)
    i.HAL_Init                               0x08000664   Section        0  stm32f0xx_hal.o(i.HAL_Init)
    i.HAL_InitTick                           0x08000684   Section        0  stm32f0xx_hal.o(i.HAL_InitTick)
    i.HAL_MspInit                            0x080006a8   Section        0  stm32f0xx_hal_msp.o(i.HAL_MspInit)
    i.HAL_NVIC_EnableIRQ                     0x080006ec   Section        0  stm32f0xx_hal_cortex.o(i.HAL_NVIC_EnableIRQ)
    i.HAL_NVIC_SetPriority                   0x08000700   Section        0  stm32f0xx_hal_cortex.o(i.HAL_NVIC_SetPriority)
    i.HAL_RCCEx_PeriphCLKConfig              0x08000708   Section        0  stm32f0xx_hal_rcc_ex.o(i.HAL_RCCEx_PeriphCLKConfig)
    i.HAL_RCC_ClockConfig                    0x08000828   Section        0  stm32f0xx_hal_rcc.o(i.HAL_RCC_ClockConfig)
    i.HAL_RCC_GetHCLKFreq                    0x0800097c   Section        0  stm32f0xx_hal_rcc.o(i.HAL_RCC_GetHCLKFreq)
    i.HAL_RCC_GetPCLK1Freq                   0x08000988   Section        0  stm32f0xx_hal_rcc.o(i.HAL_RCC_GetPCLK1Freq)
    i.HAL_RCC_GetSysClockFreq                0x080009a8   Section        0  stm32f0xx_hal_rcc.o(i.HAL_RCC_GetSysClockFreq)
    i.HAL_RCC_OscConfig                      0x08000a30   Section        0  stm32f0xx_hal_rcc.o(i.HAL_RCC_OscConfig)
    i.HAL_SPI_ErrorCallback                  0x08000e08   Section        0  stm32f0xx_hal_spi.o(i.HAL_SPI_ErrorCallback)
    i.HAL_SPI_IRQHandler                     0x08000e0c   Section        0  stm32f0xx_hal_spi.o(i.HAL_SPI_IRQHandler)
    i.HAL_SPI_Init                           0x08000ee0   Section        0  stm32f0xx_hal_spi.o(i.HAL_SPI_Init)
    i.HAL_SPI_MspInit                        0x08000f98   Section        0  stm32f0xx_hal_msp.o(i.HAL_SPI_MspInit)
    i.HAL_SPI_RxCpltCallback                 0x08000fec   Section        0  stm32f0xx_hal_spi.o(i.HAL_SPI_RxCpltCallback)
    i.HAL_SPI_TransmitReceive_IT             0x08000ff0   Section        0  stm32f0xx_hal_spi.o(i.HAL_SPI_TransmitReceive_IT)
    i.HAL_SPI_TxRxCpltCallback               0x080010c4   Section        0  main.o(i.HAL_SPI_TxRxCpltCallback)
    i.HAL_SYSTICK_CLKSourceConfig            0x080011bc   Section        0  stm32f0xx_hal_cortex.o(i.HAL_SYSTICK_CLKSourceConfig)
    i.HAL_SYSTICK_Callback                   0x080011d4   Section        0  stm32f0xx_hal_cortex.o(i.HAL_SYSTICK_Callback)
    i.HAL_SYSTICK_Config                     0x080011d8   Section        0  stm32f0xx_hal_cortex.o(i.HAL_SYSTICK_Config)
    i.HAL_SYSTICK_IRQHandler                 0x08001208   Section        0  stm32f0xx_hal_cortex.o(i.HAL_SYSTICK_IRQHandler)
    i.HAL_TIMEx_MasterConfigSynchronization  0x08001210   Section        0  stm32f0xx_hal_tim_ex.o(i.HAL_TIMEx_MasterConfigSynchronization)
    i.HAL_TIM_Base_Init                      0x08001258   Section        0  stm32f0xx_hal_tim.o(i.HAL_TIM_Base_Init)
    i.HAL_TIM_Base_MspInit                   0x0800128c   Section        0  stm32f0xx_hal_msp.o(i.HAL_TIM_Base_MspInit)
    i.HAL_TIM_Base_Start                     0x080012b0   Section        0  stm32f0xx_hal_tim.o(i.HAL_TIM_Base_Start)
    i.HAL_TIM_ConfigClockSource              0x080012c8   Section        0  stm32f0xx_hal_tim.o(i.HAL_TIM_ConfigClockSource)
    i.HAL_UARTEx_WakeupCallback              0x080013b6   Section        0  stm32f0xx_hal_uart_ex.o(i.HAL_UARTEx_WakeupCallback)
    i.HAL_UART_ErrorCallback                 0x080013b8   Section        0  stm32f0xx_hal_uart.o(i.HAL_UART_ErrorCallback)
    i.HAL_UART_IRQHandler                    0x080013bc   Section        0  stm32f0xx_hal_uart.o(i.HAL_UART_IRQHandler)
    i.HAL_UART_Init                          0x080014f0   Section        0  stm32f0xx_hal_uart.o(i.HAL_UART_Init)
    i.HAL_UART_MspInit                       0x0800155c   Section        0  stm32f0xx_hal_msp.o(i.HAL_UART_MspInit)
    i.HAL_UART_RxCpltCallback                0x080015ec   Section        0  stm32f0xx_hal_uart.o(i.HAL_UART_RxCpltCallback)
    i.HAL_UART_Transmit                      0x080015ee   Section        0  stm32f0xx_hal_uart.o(i.HAL_UART_Transmit)
    i.HAL_UART_TxCpltCallback                0x080016b6   Section        0  main.o(i.HAL_UART_TxCpltCallback)
    i.HardFault_Handler                      0x080016b8   Section        0  stm32f0xx_it.o(i.HardFault_Handler)
    i.I2C_WaitOnFlagUntilTimeout             0x080016ba   Section        0  stm32f0xx_hal_i2c.o(i.I2C_WaitOnFlagUntilTimeout)
    I2C_WaitOnFlagUntilTimeout               0x080016bb   Thumb Code    72  stm32f0xx_hal_i2c.o(i.I2C_WaitOnFlagUntilTimeout)
    i.MX_GPIO_Init                           0x08001704   Section        0  main.o(i.MX_GPIO_Init)
    MX_GPIO_Init                             0x08001705   Thumb Code   286  main.o(i.MX_GPIO_Init)
    i.MX_I2C2_Init                           0x08001838   Section        0  main.o(i.MX_I2C2_Init)
    MX_I2C2_Init                             0x08001839   Thumb Code    70  main.o(i.MX_I2C2_Init)
    i.MX_SPI1_Init                           0x0800188c   Section        0  main.o(i.MX_SPI1_Init)
    MX_SPI1_Init                             0x0800188d   Thumb Code    52  main.o(i.MX_SPI1_Init)
    i.MX_TIM2_Init                           0x080018c8   Section        0  main.o(i.MX_TIM2_Init)
    MX_TIM2_Init                             0x080018c9   Thumb Code    80  main.o(i.MX_TIM2_Init)
    i.MX_USART1_UART_Init                    0x0800191c   Section        0  main.o(i.MX_USART1_UART_Init)
    MX_USART1_UART_Init                      0x0800191d   Thumb Code    46  main.o(i.MX_USART1_UART_Init)
    i.MX_USART3_UART_Init                    0x08001954   Section        0  main.o(i.MX_USART3_UART_Init)
    MX_USART3_UART_Init                      0x08001955   Thumb Code    62  main.o(i.MX_USART3_UART_Init)
    i.NMI_Handler                            0x0800199c   Section        0  stm32f0xx_it.o(i.NMI_Handler)
    i.NVIC_SetPriority                       0x080019a0   Section        0  stm32f0xx_hal_cortex.o(i.NVIC_SetPriority)
    NVIC_SetPriority                         0x080019a1   Thumb Code    60  stm32f0xx_hal_cortex.o(i.NVIC_SetPriority)
    i.PendSV_Handler                         0x080019e4   Section        0  stm32f0xx_it.o(i.PendSV_Handler)
    i.SPI1_IRQHandler                        0x080019e8   Section        0  stm32f0xx_it.o(i.SPI1_IRQHandler)
    i.SPI_2linesRxISR_16BIT                  0x080019f8   Section        0  stm32f0xx_hal_spi.o(i.SPI_2linesRxISR_16BIT)
    SPI_2linesRxISR_16BIT                    0x080019f9   Thumb Code    54  stm32f0xx_hal_spi.o(i.SPI_2linesRxISR_16BIT)
    i.SPI_2linesRxISR_8BIT                   0x08001a2e   Section        0  stm32f0xx_hal_spi.o(i.SPI_2linesRxISR_8BIT)
    SPI_2linesRxISR_8BIT                     0x08001a2f   Thumb Code    94  stm32f0xx_hal_spi.o(i.SPI_2linesRxISR_8BIT)
    i.SPI_2linesTxISR_16BIT                  0x08001a8c   Section        0  stm32f0xx_hal_spi.o(i.SPI_2linesTxISR_16BIT)
    SPI_2linesTxISR_16BIT                    0x08001a8d   Thumb Code    52  stm32f0xx_hal_spi.o(i.SPI_2linesTxISR_16BIT)
    i.SPI_2linesTxISR_8BIT                   0x08001ac0   Section        0  stm32f0xx_hal_spi.o(i.SPI_2linesTxISR_8BIT)
    SPI_2linesTxISR_8BIT                     0x08001ac1   Thumb Code    72  stm32f0xx_hal_spi.o(i.SPI_2linesTxISR_8BIT)
    i.SPI_CloseRxTx_ISR                      0x08001b08   Section        0  stm32f0xx_hal_spi.o(i.SPI_CloseRxTx_ISR)
    SPI_CloseRxTx_ISR                        0x08001b09   Thumb Code    82  stm32f0xx_hal_spi.o(i.SPI_CloseRxTx_ISR)
    i.SPI_DMAAbortOnError                    0x08001b5a   Section        0  stm32f0xx_hal_spi.o(i.SPI_DMAAbortOnError)
    SPI_DMAAbortOnError                      0x08001b5b   Thumb Code    18  stm32f0xx_hal_spi.o(i.SPI_DMAAbortOnError)
    i.SPI_EndRxTxTransaction                 0x08001b6c   Section        0  stm32f0xx_hal_spi.o(i.SPI_EndRxTxTransaction)
    SPI_EndRxTxTransaction                   0x08001b6d   Thumb Code    76  stm32f0xx_hal_spi.o(i.SPI_EndRxTxTransaction)
    i.SPI_WaitFifoStateUntilTimeout          0x08001bb8   Section        0  stm32f0xx_hal_spi.o(i.SPI_WaitFifoStateUntilTimeout)
    SPI_WaitFifoStateUntilTimeout            0x08001bb9   Thumb Code   150  stm32f0xx_hal_spi.o(i.SPI_WaitFifoStateUntilTimeout)
    i.SPI_WaitFlagStateUntilTimeout          0x08001c4e   Section        0  stm32f0xx_hal_spi.o(i.SPI_WaitFlagStateUntilTimeout)
    SPI_WaitFlagStateUntilTimeout            0x08001c4f   Thumb Code   140  stm32f0xx_hal_spi.o(i.SPI_WaitFlagStateUntilTimeout)
    i.SVC_Handler                            0x08001cda   Section        0  stm32f0xx_it.o(i.SVC_Handler)
    i.SysTick_Handler                        0x08001cdc   Section        0  stm32f0xx_it.o(i.SysTick_Handler)
    i.SystemClock_Config                     0x08001ce8   Section        0  main.o(i.SystemClock_Config)
    i.SystemInit                             0x08001d54   Section        0  system_stm32f0xx.o(i.SystemInit)
    i.TIM_Base_SetConfig                     0x08001db0   Section        0  stm32f0xx_hal_tim.o(i.TIM_Base_SetConfig)
    i.TIM_ETR_SetConfig                      0x08001e44   Section        0  stm32f0xx_hal_tim.o(i.TIM_ETR_SetConfig)
    i.TIM_ITRx_SetConfig                     0x08001e5a   Section        0  stm32f0xx_hal_tim.o(i.TIM_ITRx_SetConfig)
    TIM_ITRx_SetConfig                       0x08001e5b   Thumb Code    16  stm32f0xx_hal_tim.o(i.TIM_ITRx_SetConfig)
    i.TIM_TI1_ConfigInputStage               0x08001e6a   Section        0  stm32f0xx_hal_tim.o(i.TIM_TI1_ConfigInputStage)
    TIM_TI1_ConfigInputStage                 0x08001e6b   Thumb Code    34  stm32f0xx_hal_tim.o(i.TIM_TI1_ConfigInputStage)
    i.TIM_TI2_ConfigInputStage               0x08001e8c   Section        0  stm32f0xx_hal_tim.o(i.TIM_TI2_ConfigInputStage)
    TIM_TI2_ConfigInputStage                 0x08001e8d   Thumb Code    38  stm32f0xx_hal_tim.o(i.TIM_TI2_ConfigInputStage)
    i.UART_AdvFeatureConfig                  0x08001eb2   Section        0  stm32f0xx_hal_uart.o(i.UART_AdvFeatureConfig)
    i.UART_CheckIdleState                    0x08001f7c   Section        0  stm32f0xx_hal_uart.o(i.UART_CheckIdleState)
    i.UART_DMAAbortOnError                   0x08001ff0   Section        0  stm32f0xx_hal_uart.o(i.UART_DMAAbortOnError)
    UART_DMAAbortOnError                     0x08001ff1   Thumb Code    20  stm32f0xx_hal_uart.o(i.UART_DMAAbortOnError)
    i.UART_EndRxTransfer                     0x08002004   Section        0  stm32f0xx_hal_uart.o(i.UART_EndRxTransfer)
    UART_EndRxTransfer                       0x08002005   Thumb Code    30  stm32f0xx_hal_uart.o(i.UART_EndRxTransfer)
    i.UART_EndTransmit_IT                    0x08002022   Section        0  stm32f0xx_hal_uart.o(i.UART_EndTransmit_IT)
    i.UART_Receive_IT                        0x0800203c   Section        0  stm32f0xx_hal_uart.o(i.UART_Receive_IT)
    i.UART_SetConfig                         0x080020b8   Section        0  stm32f0xx_hal_uart.o(i.UART_SetConfig)
    i.UART_Transmit_IT                       0x08002214   Section        0  stm32f0xx_hal_uart.o(i.UART_Transmit_IT)
    i.UART_WaitOnFlagUntilTimeout            0x0800227a   Section        0  stm32f0xx_hal_uart.o(i.UART_WaitOnFlagUntilTimeout)
    i.USART3_4_IRQHandler                    0x080022dc   Section        0  stm32f0xx_it.o(i.USART3_4_IRQHandler)
    i.__0printf$3                            0x080022ec   Section        0  printf3.o(i.__0printf$3)
    i.__ARM_common_switch8                   0x0800230c   Section        0  ps2kb.o(i.__ARM_common_switch8)
    i.__scatterload_copy                     0x08002326   Section       14  handlers.o(i.__scatterload_copy)
    i.__scatterload_null                     0x08002334   Section        2  handlers.o(i.__scatterload_null)
    i.__scatterload_zeroinit                 0x08002336   Section       14  handlers.o(i.__scatterload_zeroinit)
    i._printf_core                           0x08002344   Section        0  printf3.o(i._printf_core)
    _printf_core                             0x08002345   Thumb Code   456  printf3.o(i._printf_core)
    i.byte_to_int16_t                        0x08002510   Section        0  main.o(i.byte_to_int16_t)
    i.delay_us                               0x08002518   Section        0  delay_us.o(i.delay_us)
    i.delay_us_init                          0x0800252c   Section        0  delay_us.o(i.delay_us_init)
    i.fputc                                  0x0800253c   Section        0  main.o(i.fputc)
    i.keyboard_reply                         0x08002554   Section        0  ps2kb.o(i.keyboard_reply)
    i.main                                   0x08002608   Section        0  main.o(i.main)
    i.malloc                                 0x080026d8   Section        0  malloc.o(i.malloc)
    i.mcp4451_is_available                   0x08002744   Section        0  mcp4451.o(i.mcp4451_is_available)
    i.mcp4451_reset                          0x08002764   Section        0  mcp4451.o(i.mcp4451_reset)
    i.micros                                 0x08002790   Section        0  delay_us.o(i.micros)
    i.ps2kb_buf_add                          0x080027a0   Section        0  helpers.o(i.ps2kb_buf_add)
    i.ps2kb_buf_init                         0x080027d0   Section        0  helpers.o(i.ps2kb_buf_init)
    i.ps2kb_buf_is_full                      0x080027f0   Section        0  helpers.o(i.ps2kb_buf_is_full)
    i.ps2kb_buf_peek                         0x0800280c   Section        0  helpers.o(i.ps2kb_buf_peek)
    i.ps2kb_buf_pop                          0x0800282c   Section        0  helpers.o(i.ps2kb_buf_pop)
    i.ps2kb_buf_reset                        0x08002844   Section        0  helpers.o(i.ps2kb_buf_reset)
    i.ps2kb_get_bus_status                   0x08002860   Section        0  ps2kb.o(i.ps2kb_get_bus_status)
    i.ps2kb_init                             0x080028a4   Section        0  ps2kb.o(i.ps2kb_init)
    i.ps2kb_press_key                        0x080028c0   Section        0  ps2kb.o(i.ps2kb_press_key)
    i.ps2kb_read                             0x08002a04   Section        0  ps2kb.o(i.ps2kb_read)
    i.ps2kb_release_lines                    0x08002b00   Section        0  ps2kb.o(i.ps2kb_release_lines)
    i.ps2kb_reset                            0x08002b20   Section        0  ps2kb.o(i.ps2kb_reset)
    i.ps2kb_update                           0x08002b30   Section        0  main.o(i.ps2kb_update)
    i.ps2kb_write                            0x08002bc0   Section        0  ps2kb.o(i.ps2kb_write)
    i.ps2kb_write_nowait                     0x08002c04   Section        0  ps2kb.o(i.ps2kb_write_nowait)
    i.ps2mouse_buf_add                       0x08002d24   Section        0  helpers.o(i.ps2mouse_buf_add)
    i.ps2mouse_buf_init                      0x08002d56   Section        0  helpers.o(i.ps2mouse_buf_init)
    i.ps2mouse_buf_is_full                   0x08002d6e   Section        0  helpers.o(i.ps2mouse_buf_is_full)
    i.ps2mouse_buf_peek                      0x08002d8a   Section        0  helpers.o(i.ps2mouse_buf_peek)
    i.ps2mouse_buf_pop                       0x08002da0   Section        0  helpers.o(i.ps2mouse_buf_pop)
    i.ps2mouse_buf_reset                     0x08002db8   Section        0  helpers.o(i.ps2mouse_buf_reset)
    i.ps2mouse_get_bus_status                0x08002dd0   Section        0  ps2mouse.o(i.ps2mouse_get_bus_status)
    i.ps2mouse_get_outgoing_data             0x08002e30   Section        0  ps2mouse.o(i.ps2mouse_get_outgoing_data)
    i.ps2mouse_host_req_reply                0x08002edc   Section        0  ps2mouse.o(i.ps2mouse_host_req_reply)
    i.ps2mouse_init                          0x08003074   Section        0  ps2mouse.o(i.ps2mouse_init)
    i.ps2mouse_read                          0x08003090   Section        0  ps2mouse.o(i.ps2mouse_read)
    i.ps2mouse_release_lines                 0x08003188   Section        0  ps2mouse.o(i.ps2mouse_release_lines)
    i.ps2mouse_reset                         0x080031a8   Section        0  ps2mouse.o(i.ps2mouse_reset)
    i.ps2mouse_restore_defaults              0x080031c0   Section        0  ps2mouse.o(i.ps2mouse_restore_defaults)
    i.ps2mouse_send_update                   0x080031e4   Section        0  ps2mouse.o(i.ps2mouse_send_update)
    i.ps2mouse_update                        0x0800320c   Section        0  main.o(i.ps2mouse_update)
    i.ps2mouse_wait_for_idle                 0x08003270   Section        0  ps2mouse.o(i.ps2mouse_wait_for_idle)
    i.ps2mouse_write                         0x08003296   Section        0  ps2mouse.o(i.ps2mouse_write)
    i.ps2mouse_write_delay_start             0x080032b0   Section        0  ps2mouse.o(i.ps2mouse_write_delay_start)
    i.ps2mouse_write_nowait                  0x080032d4   Section        0  ps2mouse.o(i.ps2mouse_write_nowait)
    i.reset_accumulators                     0x080033f4   Section        0  ps2mouse.o(i.reset_accumulators)
    i.spi_error_dump_reboot                  0x08003404   Section        0  main.o(i.spi_error_dump_reboot)
    .constdata                               0x0800347c   Section      121  ps2kb.o(.constdata)
    .constdata                               0x080034f5   Section       55  main.o(.constdata)
    .constdata                               0x0800352c   Section       16  system_stm32f0xx.o(.constdata)
    .constdata                               0x0800353c   Section        8  system_stm32f0xx.o(.constdata)
    .data                                    0x20000000   Section        4  delay_us.o(.data)
    .data                                    0x20000004   Section       20  ps2kb.o(.data)
    .data                                    0x20000018   Section       32  ps2mouse.o(.data)
    .data                                    0x20000038   Section       24  main.o(.data)
    .data                                    0x20000050   Section        4  stm32f0xx_hal.o(.data)
    .data                                    0x20000054   Section        4  system_stm32f0xx.o(.data)
    .data                                    0x20000058   Section        4  stdout.o(.data)
    .data                                    0x2000005c   Section        4  mvars.o(.data)
    .data                                    0x20000060   Section        4  mvars.o(.data)
    .bss                                     0x20000064   Section      593  main.o(.bss)
    HEAP                                     0x200002b8   Section      512  startup_stm32f072xb.o(HEAP)
    STACK                                    0x200004b8   Section     1024  startup_stm32f072xb.o(STACK)

    Global Symbols

    Symbol Name                              Value     Ov Type        Size  Object(Section)

    BuildAttributes$$THM_ISAv3M$S$PE$A:L22$X:L11$S22$IEEE1$IW$USESV6$~STKCKD$USESV7$~SHL$OSPACE$ROPI$EBA8$MICROLIB$REQ8$PRES8$EABIv2 0x00000000   Number         0  anon$$obj.o ABSOLUTE
    __ARM_use_no_argv                        0x00000000   Number         0  main.o ABSOLUTE
    _printf_a                                0x00000000   Number         0  stubs.o ABSOLUTE
    _printf_c                                0x00000000   Number         0  stubs.o ABSOLUTE
    _printf_charcount                        0x00000000   Number         0  stubs.o ABSOLUTE
    _printf_d                                0x00000000   Number         0  stubs.o ABSOLUTE
    _printf_e                                0x00000000   Number         0  stubs.o ABSOLUTE
    _printf_f                                0x00000000   Number         0  stubs.o ABSOLUTE
    _printf_flags                            0x00000000   Number         0  stubs.o ABSOLUTE
    _printf_fp_dec                           0x00000000   Number         0  stubs.o ABSOLUTE
    _printf_fp_hex                           0x00000000   Number         0  stubs.o ABSOLUTE
    _printf_g                                0x00000000   Number         0  stubs.o ABSOLUTE
    _printf_i                                0x00000000   Number         0  stubs.o ABSOLUTE
    _printf_int_dec                          0x00000000   Number         0  stubs.o ABSOLUTE
    _printf_l                                0x00000000   Number         0  stubs.o ABSOLUTE
    _printf_lc                               0x00000000   Number         0  stubs.o ABSOLUTE
    _printf_ll                               0x00000000   Number         0  stubs.o ABSOLUTE
    _printf_lld                              0x00000000   Number         0  stubs.o ABSOLUTE
    _printf_lli                              0x00000000   Number         0  stubs.o ABSOLUTE
    _printf_llo                              0x00000000   Number         0  stubs.o ABSOLUTE
    _printf_llu                              0x00000000   Number         0  stubs.o ABSOLUTE
    _printf_llx                              0x00000000   Number         0  stubs.o ABSOLUTE
    _printf_longlong_dec                     0x00000000   Number         0  stubs.o ABSOLUTE
    _printf_longlong_hex                     0x00000000   Number         0  stubs.o ABSOLUTE
    _printf_longlong_oct                     0x00000000   Number         0  stubs.o ABSOLUTE
    _printf_ls                               0x00000000   Number         0  stubs.o ABSOLUTE
    _printf_mbtowc                           0x00000000   Number         0  stubs.o ABSOLUTE
    _printf_n                                0x00000000   Number         0  stubs.o ABSOLUTE
    _printf_o                                0x00000000   Number         0  stubs.o ABSOLUTE
    _printf_p                                0x00000000   Number         0  stubs.o ABSOLUTE
    _printf_percent                          0x00000000   Number         0  stubs.o ABSOLUTE
    _printf_pre_padding                      0x00000000   Number         0  stubs.o ABSOLUTE
    _printf_return_value                     0x00000000   Number         0  stubs.o ABSOLUTE
    _printf_s                                0x00000000   Number         0  stubs.o ABSOLUTE
    _printf_sizespec                         0x00000000   Number         0  stubs.o ABSOLUTE
    _printf_str                              0x00000000   Number         0  stubs.o ABSOLUTE
    _printf_truncate_signed                  0x00000000   Number         0  stubs.o ABSOLUTE
    _printf_truncate_unsigned                0x00000000   Number         0  stubs.o ABSOLUTE
    _printf_u                                0x00000000   Number         0  stubs.o ABSOLUTE
    _printf_wc                               0x00000000   Number         0  stubs.o ABSOLUTE
    _printf_wctomb                           0x00000000   Number         0  stubs.o ABSOLUTE
    _printf_widthprec                        0x00000000   Number         0  stubs.o ABSOLUTE
    _printf_x                                0x00000000   Number         0  stubs.o ABSOLUTE
    __cpp_initialize__aeabi_                  - Undefined Weak Reference
    __cxa_finalize                            - Undefined Weak Reference
    __decompress                              - Undefined Weak Reference
    _clock_init                               - Undefined Weak Reference
    _microlib_exit                            - Undefined Weak Reference
    __Vectors_Size                           0x000000c0   Number         0  startup_stm32f072xb.o ABSOLUTE
    __Vectors                                0x08000000   Data           4  startup_stm32f072xb.o(RESET)
    __Vectors_End                            0x080000c0   Data           0  startup_stm32f072xb.o(RESET)
    __main                                   0x080000c1   Thumb Code     0  entry.o(.ARM.Collect$$$$00000000)
    _main_stk                                0x080000c1   Thumb Code     0  entry2.o(.ARM.Collect$$$$00000001)
    _main_scatterload                        0x080000c5   Thumb Code     0  entry5.o(.ARM.Collect$$$$00000004)
    __main_after_scatterload                 0x080000c9   Thumb Code     0  entry5.o(.ARM.Collect$$$$00000004)
    _main_clock                              0x080000c9   Thumb Code     0  entry7b.o(.ARM.Collect$$$$00000008)
    _main_cpp_init                           0x080000c9   Thumb Code     0  entry8b.o(.ARM.Collect$$$$0000000A)
    _main_init                               0x080000c9   Thumb Code     0  entry9a.o(.ARM.Collect$$$$0000000B)
    __rt_final_cpp                           0x080000d1   Thumb Code     0  entry10a.o(.ARM.Collect$$$$0000000D)
    __rt_final_exit                          0x080000d1   Thumb Code     0  entry11a.o(.ARM.Collect$$$$0000000F)
    Reset_Handler                            0x080000d5   Thumb Code     8  startup_stm32f072xb.o(.text)
    ADC1_COMP_IRQHandler                     0x080000e7   Thumb Code     0  startup_stm32f072xb.o(.text)
    CEC_CAN_IRQHandler                       0x080000e7   Thumb Code     0  startup_stm32f072xb.o(.text)
    DMA1_Channel1_IRQHandler                 0x080000e7   Thumb Code     0  startup_stm32f072xb.o(.text)
    DMA1_Channel2_3_IRQHandler               0x080000e7   Thumb Code     0  startup_stm32f072xb.o(.text)
    DMA1_Channel4_5_6_7_IRQHandler           0x080000e7   Thumb Code     0  startup_stm32f072xb.o(.text)
    EXTI2_3_IRQHandler                       0x080000e7   Thumb Code     0  startup_stm32f072xb.o(.text)
    EXTI4_15_IRQHandler                      0x080000e7   Thumb Code     0  startup_stm32f072xb.o(.text)
    FLASH_IRQHandler                         0x080000e7   Thumb Code     0  startup_stm32f072xb.o(.text)
    I2C1_IRQHandler                          0x080000e7   Thumb Code     0  startup_stm32f072xb.o(.text)
    I2C2_IRQHandler                          0x080000e7   Thumb Code     0  startup_stm32f072xb.o(.text)
    PVD_VDDIO2_IRQHandler                    0x080000e7   Thumb Code     0  startup_stm32f072xb.o(.text)
    RCC_CRS_IRQHandler                       0x080000e7   Thumb Code     0  startup_stm32f072xb.o(.text)
    RTC_IRQHandler                           0x080000e7   Thumb Code     0  startup_stm32f072xb.o(.text)
    SPI2_IRQHandler                          0x080000e7   Thumb Code     0  startup_stm32f072xb.o(.text)
    TIM14_IRQHandler                         0x080000e7   Thumb Code     0  startup_stm32f072xb.o(.text)
    TIM15_IRQHandler                         0x080000e7   Thumb Code     0  startup_stm32f072xb.o(.text)
    TIM16_IRQHandler                         0x080000e7   Thumb Code     0  startup_stm32f072xb.o(.text)
    TIM17_IRQHandler                         0x080000e7   Thumb Code     0  startup_stm32f072xb.o(.text)
    TIM1_BRK_UP_TRG_COM_IRQHandler           0x080000e7   Thumb Code     0  startup_stm32f072xb.o(.text)
    TIM1_CC_IRQHandler                       0x080000e7   Thumb Code     0  startup_stm32f072xb.o(.text)
    TIM2_IRQHandler                          0x080000e7   Thumb Code     0  startup_stm32f072xb.o(.text)
    TIM3_IRQHandler                          0x080000e7   Thumb Code     0  startup_stm32f072xb.o(.text)
    TIM6_DAC_IRQHandler                      0x080000e7   Thumb Code     0  startup_stm32f072xb.o(.text)
    TIM7_IRQHandler                          0x080000e7   Thumb Code     0  startup_stm32f072xb.o(.text)
    TSC_IRQHandler                           0x080000e7   Thumb Code     0  startup_stm32f072xb.o(.text)
    USART1_IRQHandler                        0x080000e7   Thumb Code     0  startup_stm32f072xb.o(.text)
    USART2_IRQHandler                        0x080000e7   Thumb Code     0  startup_stm32f072xb.o(.text)
    USB_IRQHandler                           0x080000e7   Thumb Code     0  startup_stm32f072xb.o(.text)
    WWDG_IRQHandler                          0x080000e7   Thumb Code     0  startup_stm32f072xb.o(.text)
    __aeabi_uidiv                            0x080000f1   Thumb Code     0  uidiv.o(.text)
    __aeabi_uidivmod                         0x080000f1   Thumb Code    44  uidiv.o(.text)
    __aeabi_memcpy                           0x0800011d   Thumb Code    36  memcpya.o(.text)
    __aeabi_memcpy4                          0x0800011d   Thumb Code     0  memcpya.o(.text)
    __aeabi_memcpy8                          0x0800011d   Thumb Code     0  memcpya.o(.text)
    __aeabi_memset                           0x08000141   Thumb Code    14  memseta.o(.text)
    __aeabi_memset4                          0x08000141   Thumb Code     0  memseta.o(.text)
    __aeabi_memset8                          0x08000141   Thumb Code     0  memseta.o(.text)
    __aeabi_memclr                           0x0800014f   Thumb Code     4  memseta.o(.text)
    __aeabi_memclr4                          0x0800014f   Thumb Code     0  memseta.o(.text)
    __aeabi_memclr8                          0x0800014f   Thumb Code     0  memseta.o(.text)
    _memset$wrapper                          0x08000153   Thumb Code    18  memseta.o(.text)
    __scatterload                            0x08000165   Thumb Code    28  init.o(.text)
    __scatterload_rt2                        0x08000165   Thumb Code     0  init.o(.text)
    EXTI0_1_IRQHandler                       0x08000189   Thumb Code    10  stm32f0xx_it.o(i.EXTI0_1_IRQHandler)
    HAL_DMA_Abort_IT                         0x08000193   Thumb Code    72  stm32f0xx_hal_dma.o(i.HAL_DMA_Abort_IT)
    HAL_Delay                                0x080001db   Thumb Code    28  stm32f0xx_hal.o(i.HAL_Delay)
    HAL_GPIO_EXTI_Callback                   0x080001f9   Thumb Code    12  main.o(i.HAL_GPIO_EXTI_Callback)
    HAL_GPIO_EXTI_IRQHandler                 0x08000209   Thumb Code    18  stm32f0xx_hal_gpio.o(i.HAL_GPIO_EXTI_IRQHandler)
    HAL_GPIO_Init                            0x08000221   Thumb Code   314  stm32f0xx_hal_gpio.o(i.HAL_GPIO_Init)
    HAL_GPIO_ReadPin                         0x08000379   Thumb Code    10  stm32f0xx_hal_gpio.o(i.HAL_GPIO_ReadPin)
    HAL_GPIO_TogglePin                       0x08000383   Thumb Code     8  stm32f0xx_hal_gpio.o(i.HAL_GPIO_TogglePin)
    HAL_GPIO_WritePin                        0x0800038b   Thumb Code    12  stm32f0xx_hal_gpio.o(i.HAL_GPIO_WritePin)
    HAL_GetTick                              0x08000399   Thumb Code     6  stm32f0xx_hal.o(i.HAL_GetTick)
    HAL_I2CEx_ConfigAnalogFilter             0x080003a5   Thumb Code    74  stm32f0xx_hal_i2c_ex.o(i.HAL_I2CEx_ConfigAnalogFilter)
    HAL_I2CEx_ConfigDigitalFilter            0x080003ef   Thumb Code    72  stm32f0xx_hal_i2c_ex.o(i.HAL_I2CEx_ConfigDigitalFilter)
    HAL_I2C_Init                             0x08000439   Thumb Code   176  stm32f0xx_hal_i2c.o(i.HAL_I2C_Init)
    HAL_I2C_IsDeviceReady                    0x080004ed   Thumb Code   280  stm32f0xx_hal_i2c.o(i.HAL_I2C_IsDeviceReady)
    HAL_I2C_MspInit                          0x08000609   Thumb Code    64  stm32f0xx_hal_msp.o(i.HAL_I2C_MspInit)
    HAL_IncTick                              0x08000655   Thumb Code    10  stm32f0xx_hal.o(i.HAL_IncTick)
    HAL_Init                                 0x08000665   Thumb Code    26  stm32f0xx_hal.o(i.HAL_Init)
    HAL_InitTick                             0x08000685   Thumb Code    34  stm32f0xx_hal.o(i.HAL_InitTick)
    HAL_MspInit                              0x080006a9   Thumb Code    64  stm32f0xx_hal_msp.o(i.HAL_MspInit)
    HAL_NVIC_EnableIRQ                       0x080006ed   Thumb Code    14  stm32f0xx_hal_cortex.o(i.HAL_NVIC_EnableIRQ)
    HAL_NVIC_SetPriority                     0x08000701   Thumb Code     8  stm32f0xx_hal_cortex.o(i.HAL_NVIC_SetPriority)
    HAL_RCCEx_PeriphCLKConfig                0x08000709   Thumb Code   274  stm32f0xx_hal_rcc_ex.o(i.HAL_RCCEx_PeriphCLKConfig)
    HAL_RCC_ClockConfig                      0x08000829   Thumb Code   320  stm32f0xx_hal_rcc.o(i.HAL_RCC_ClockConfig)
    HAL_RCC_GetHCLKFreq                      0x0800097d   Thumb Code     6  stm32f0xx_hal_rcc.o(i.HAL_RCC_GetHCLKFreq)
    HAL_RCC_GetPCLK1Freq                     0x08000989   Thumb Code    20  stm32f0xx_hal_rcc.o(i.HAL_RCC_GetPCLK1Freq)
    HAL_RCC_GetSysClockFreq                  0x080009a9   Thumb Code    90  stm32f0xx_hal_rcc.o(i.HAL_RCC_GetSysClockFreq)
    HAL_RCC_OscConfig                        0x08000a31   Thumb Code   966  stm32f0xx_hal_rcc.o(i.HAL_RCC_OscConfig)
    HAL_SPI_ErrorCallback                    0x08000e09   Thumb Code     2  stm32f0xx_hal_spi.o(i.HAL_SPI_ErrorCallback)
    HAL_SPI_IRQHandler                       0x08000e0d   Thumb Code   208  stm32f0xx_hal_spi.o(i.HAL_SPI_IRQHandler)
    HAL_SPI_Init                             0x08000ee1   Thumb Code   184  stm32f0xx_hal_spi.o(i.HAL_SPI_Init)
    HAL_SPI_MspInit                          0x08000f99   Thumb Code    76  stm32f0xx_hal_msp.o(i.HAL_SPI_MspInit)
    HAL_SPI_RxCpltCallback                   0x08000fed   Thumb Code     2  stm32f0xx_hal_spi.o(i.HAL_SPI_RxCpltCallback)
    HAL_SPI_TransmitReceive_IT               0x08000ff1   Thumb Code   196  stm32f0xx_hal_spi.o(i.HAL_SPI_TransmitReceive_IT)
    HAL_SPI_TxRxCpltCallback                 0x080010c5   Thumb Code   230  main.o(i.HAL_SPI_TxRxCpltCallback)
    HAL_SYSTICK_CLKSourceConfig              0x080011bd   Thumb Code    20  stm32f0xx_hal_cortex.o(i.HAL_SYSTICK_CLKSourceConfig)
    HAL_SYSTICK_Callback                     0x080011d5   Thumb Code     2  stm32f0xx_hal_cortex.o(i.HAL_SYSTICK_Callback)
    HAL_SYSTICK_Config                       0x080011d9   Thumb Code    38  stm32f0xx_hal_cortex.o(i.HAL_SYSTICK_Config)
    HAL_SYSTICK_IRQHandler                   0x08001209   Thumb Code     8  stm32f0xx_hal_cortex.o(i.HAL_SYSTICK_IRQHandler)
    HAL_TIMEx_MasterConfigSynchronization    0x08001211   Thumb Code    72  stm32f0xx_hal_tim_ex.o(i.HAL_TIMEx_MasterConfigSynchronization)
    HAL_TIM_Base_Init                        0x08001259   Thumb Code    52  stm32f0xx_hal_tim.o(i.HAL_TIM_Base_Init)
    HAL_TIM_Base_MspInit                     0x0800128d   Thumb Code    30  stm32f0xx_hal_msp.o(i.HAL_TIM_Base_MspInit)
    HAL_TIM_Base_Start                       0x080012b1   Thumb Code    24  stm32f0xx_hal_tim.o(i.HAL_TIM_Base_Start)
    HAL_TIM_ConfigClockSource                0x080012c9   Thumb Code   238  stm32f0xx_hal_tim.o(i.HAL_TIM_ConfigClockSource)
    HAL_UARTEx_WakeupCallback                0x080013b7   Thumb Code     2  stm32f0xx_hal_uart_ex.o(i.HAL_UARTEx_WakeupCallback)
    HAL_UART_ErrorCallback                   0x080013b9   Thumb Code     2  stm32f0xx_hal_uart.o(i.HAL_UART_ErrorCallback)
    HAL_UART_IRQHandler                      0x080013bd   Thumb Code   304  stm32f0xx_hal_uart.o(i.HAL_UART_IRQHandler)
    HAL_UART_Init                            0x080014f1   Thumb Code   108  stm32f0xx_hal_uart.o(i.HAL_UART_Init)
    HAL_UART_MspInit                         0x0800155d   Thumb Code   126  stm32f0xx_hal_msp.o(i.HAL_UART_MspInit)
    HAL_UART_RxCpltCallback                  0x080015ed   Thumb Code     2  stm32f0xx_hal_uart.o(i.HAL_UART_RxCpltCallback)
    HAL_UART_Transmit                        0x080015ef   Thumb Code   200  stm32f0xx_hal_uart.o(i.HAL_UART_Transmit)
    HAL_UART_TxCpltCallback                  0x080016b7   Thumb Code     2  main.o(i.HAL_UART_TxCpltCallback)
    HardFault_Handler                        0x080016b9   Thumb Code     2  stm32f0xx_it.o(i.HardFault_Handler)
    NMI_Handler                              0x0800199d   Thumb Code     2  stm32f0xx_it.o(i.NMI_Handler)
    PendSV_Handler                           0x080019e5   Thumb Code     2  stm32f0xx_it.o(i.PendSV_Handler)
    SPI1_IRQHandler                          0x080019e9   Thumb Code    10  stm32f0xx_it.o(i.SPI1_IRQHandler)
    SVC_Handler                              0x08001cdb   Thumb Code     2  stm32f0xx_it.o(i.SVC_Handler)
    SysTick_Handler                          0x08001cdd   Thumb Code    12  stm32f0xx_it.o(i.SysTick_Handler)
    SystemClock_Config                       0x08001ce9   Thumb Code   106  main.o(i.SystemClock_Config)
    SystemInit                               0x08001d55   Thumb Code    76  system_stm32f0xx.o(i.SystemInit)
    TIM_Base_SetConfig                       0x08001db1   Thumb Code   124  stm32f0xx_hal_tim.o(i.TIM_Base_SetConfig)
    TIM_ETR_SetConfig                        0x08001e45   Thumb Code    22  stm32f0xx_hal_tim.o(i.TIM_ETR_SetConfig)
    UART_AdvFeatureConfig                    0x08001eb3   Thumb Code   202  stm32f0xx_hal_uart.o(i.UART_AdvFeatureConfig)
    UART_CheckIdleState                      0x08001f7d   Thumb Code   102  stm32f0xx_hal_uart.o(i.UART_CheckIdleState)
    UART_EndTransmit_IT                      0x08002023   Thumb Code    26  stm32f0xx_hal_uart.o(i.UART_EndTransmit_IT)
    UART_Receive_IT                          0x0800203d   Thumb Code   122  stm32f0xx_hal_uart.o(i.UART_Receive_IT)
    UART_SetConfig                           0x080020b9   Thumb Code   316  stm32f0xx_hal_uart.o(i.UART_SetConfig)
    UART_Transmit_IT                         0x08002215   Thumb Code   102  stm32f0xx_hal_uart.o(i.UART_Transmit_IT)
    UART_WaitOnFlagUntilTimeout              0x0800227b   Thumb Code    98  stm32f0xx_hal_uart.o(i.UART_WaitOnFlagUntilTimeout)
    USART3_4_IRQHandler                      0x080022dd   Thumb Code    10  stm32f0xx_it.o(i.USART3_4_IRQHandler)
    __0printf$3                              0x080022ed   Thumb Code    24  printf3.o(i.__0printf$3)
    __1printf$3                              0x080022ed   Thumb Code     0  printf3.o(i.__0printf$3)
    __2printf                                0x080022ed   Thumb Code     0  printf3.o(i.__0printf$3)
    __ARM_common_switch8                     0x0800230d   Thumb Code    26  ps2kb.o(i.__ARM_common_switch8)
    __scatterload_copy                       0x08002327   Thumb Code    14  handlers.o(i.__scatterload_copy)
    __scatterload_null                       0x08002335   Thumb Code     2  handlers.o(i.__scatterload_null)
    __scatterload_zeroinit                   0x08002337   Thumb Code    14  handlers.o(i.__scatterload_zeroinit)
    byte_to_int16_t                          0x08002511   Thumb Code     8  main.o(i.byte_to_int16_t)
    delay_us                                 0x08002519   Thumb Code    20  delay_us.o(i.delay_us)
    delay_us_init                            0x0800252d   Thumb Code    12  delay_us.o(i.delay_us_init)
    fputc                                    0x0800253d   Thumb Code    18  main.o(i.fputc)
    keyboard_reply                           0x08002555   Thumb Code   174  ps2kb.o(i.keyboard_reply)
    main                                     0x08002609   Thumb Code   168  main.o(i.main)
    malloc                                   0x080026d9   Thumb Code    92  malloc.o(i.malloc)
    mcp4451_is_available                     0x08002745   Thumb Code    26  mcp4451.o(i.mcp4451_is_available)
    mcp4451_reset                            0x08002765   Thumb Code    38  mcp4451.o(i.mcp4451_reset)
    micros                                   0x08002791   Thumb Code    10  delay_us.o(i.micros)
    ps2kb_buf_add                            0x080027a1   Thumb Code    48  helpers.o(i.ps2kb_buf_add)
    ps2kb_buf_init                           0x080027d1   Thumb Code    32  helpers.o(i.ps2kb_buf_init)
    ps2kb_buf_is_full                        0x080027f1   Thumb Code    28  helpers.o(i.ps2kb_buf_is_full)
    ps2kb_buf_peek                           0x0800280d   Thumb Code    32  helpers.o(i.ps2kb_buf_peek)
    ps2kb_buf_pop                            0x0800282d   Thumb Code    24  helpers.o(i.ps2kb_buf_pop)
    ps2kb_buf_reset                          0x08002845   Thumb Code    28  helpers.o(i.ps2kb_buf_reset)
    ps2kb_get_bus_status                     0x08002861   Thumb Code    62  ps2kb.o(i.ps2kb_get_bus_status)
    ps2kb_init                               0x080028a5   Thumb Code    22  ps2kb.o(i.ps2kb_init)
    ps2kb_press_key                          0x080028c1   Thumb Code   314  ps2kb.o(i.ps2kb_press_key)
    ps2kb_read                               0x08002a05   Thumb Code   246  ps2kb.o(i.ps2kb_read)
    ps2kb_release_lines                      0x08002b01   Thumb Code    26  ps2kb.o(i.ps2kb_release_lines)
    ps2kb_reset                              0x08002b21   Thumb Code    12  ps2kb.o(i.ps2kb_reset)
    ps2kb_update                             0x08002b31   Thumb Code   132  main.o(i.ps2kb_update)
    ps2kb_write                              0x08002bc1   Thumb Code    62  ps2kb.o(i.ps2kb_write)
    ps2kb_write_nowait                       0x08002c05   Thumb Code   282  ps2kb.o(i.ps2kb_write_nowait)
    ps2mouse_buf_add                         0x08002d25   Thumb Code    50  helpers.o(i.ps2mouse_buf_add)
    ps2mouse_buf_init                        0x08002d57   Thumb Code    24  helpers.o(i.ps2mouse_buf_init)
    ps2mouse_buf_is_full                     0x08002d6f   Thumb Code    28  helpers.o(i.ps2mouse_buf_is_full)
    ps2mouse_buf_peek                        0x08002d8b   Thumb Code    22  helpers.o(i.ps2mouse_buf_peek)
    ps2mouse_buf_pop                         0x08002da1   Thumb Code    24  helpers.o(i.ps2mouse_buf_pop)
    ps2mouse_buf_reset                       0x08002db9   Thumb Code    22  helpers.o(i.ps2mouse_buf_reset)
    ps2mouse_get_bus_status                  0x08002dd1   Thumb Code    92  ps2mouse.o(i.ps2mouse_get_bus_status)
    ps2mouse_get_outgoing_data               0x08002e31   Thumb Code   166  ps2mouse.o(i.ps2mouse_get_outgoing_data)
    ps2mouse_host_req_reply                  0x08002edd   Thumb Code   402  ps2mouse.o(i.ps2mouse_host_req_reply)
    ps2mouse_init                            0x08003075   Thumb Code    22  ps2mouse.o(i.ps2mouse_init)
    ps2mouse_read                            0x08003091   Thumb Code   244  ps2mouse.o(i.ps2mouse_read)
    ps2mouse_release_lines                   0x08003189   Thumb Code    26  ps2mouse.o(i.ps2mouse_release_lines)
    ps2mouse_reset                           0x080031a9   Thumb Code    20  ps2mouse.o(i.ps2mouse_reset)
    ps2mouse_restore_defaults                0x080031c1   Thumb Code    30  ps2mouse.o(i.ps2mouse_restore_defaults)
    ps2mouse_send_update                     0x080031e5   Thumb Code    38  ps2mouse.o(i.ps2mouse_send_update)
    ps2mouse_update                          0x0800320d   Thumb Code    90  main.o(i.ps2mouse_update)
    ps2mouse_wait_for_idle                   0x08003271   Thumb Code    38  ps2mouse.o(i.ps2mouse_wait_for_idle)
    ps2mouse_write                           0x08003297   Thumb Code    26  ps2mouse.o(i.ps2mouse_write)
    ps2mouse_write_delay_start               0x080032b1   Thumb Code    34  ps2mouse.o(i.ps2mouse_write_delay_start)
    ps2mouse_write_nowait                    0x080032d5   Thumb Code   282  ps2mouse.o(i.ps2mouse_write_nowait)
    reset_accumulators                       0x080033f5   Thumb Code    12  ps2mouse.o(i.reset_accumulators)
    spi_error_dump_reboot                    0x08003405   Thumb Code    72  main.o(i.spi_error_dump_reboot)
    linux_keycode_to_ps2_scancode_lookup_single_byte_codeset2 0x0800347c   Data          89  ps2kb.o(.constdata)
    linux_keycode_to_ps2_scancode_lookup_special_codeset2 0x080034d5   Data          32  ps2kb.o(.constdata)
    boot_message                             0x080034f5   Data          55  main.o(.constdata)
    AHBPrescTable                            0x0800352c   Data          16  system_stm32f0xx.o(.constdata)
    APBPrescTable                            0x0800353c   Data           8  system_stm32f0xx.o(.constdata)
    Region$$Table$$Base                      0x08003544   Number         0  anon$$obj.o(Region$$Table)
    Region$$Table$$Limit                     0x08003564   Number         0  anon$$obj.o(Region$$Table)
    us_timer                                 0x20000000   Data           4  delay_us.o(.data)
    ps2kb_current_scancode_set               0x20000004   Data           1  ps2kb.o(.data)
    ps2kb_data_reporting_enabled             0x20000005   Data           1  ps2kb.o(.data)
    ps2kb_clk_pin                            0x20000006   Data           2  ps2kb.o(.data)
    ps2kb_data_pin                           0x20000008   Data           2  ps2kb.o(.data)
    ps2kb_clk_port                           0x2000000c   Data           4  ps2kb.o(.data)
    ps2kb_data_port                          0x20000010   Data           4  ps2kb.o(.data)
    ps2kb_wait_start                         0x20000014   Data           4  ps2kb.o(.data)
    ps2mouse_data_reporting_enabled          0x20000018   Data           1  ps2mouse.o(.data)
    ps2mouse_sampling_rate                   0x20000019   Data           1  ps2mouse.o(.data)
    ps2mouse_resolution                      0x2000001a   Data           1  ps2mouse.o(.data)
    ps2mouse_scale                           0x2000001b   Data           1  ps2mouse.o(.data)
    sample_rate_history_index                0x2000001c   Data           1  ps2mouse.o(.data)
    mouse_device_id                          0x2000001d   Data           1  ps2mouse.o(.data)
    ps2mouse_current_mode                    0x2000001e   Data           1  ps2mouse.o(.data)
    ps2mouse_prev_mode                       0x2000001f   Data           1  ps2mouse.o(.data)
    x_accumulator                            0x20000020   Data           1  ps2mouse.o(.data)
    y_accumulator                            0x20000021   Data           1  ps2mouse.o(.data)
    scroll_accumulator                       0x20000022   Data           1  ps2mouse.o(.data)
    ps2mouse_clk_pin                         0x20000024   Data           2  ps2mouse.o(.data)
    ps2mouse_data_pin                        0x20000026   Data           2  ps2mouse.o(.data)
    ps2mouse_clk_port                        0x20000028   Data           4  ps2mouse.o(.data)
    ps2mouse_data_port                       0x2000002c   Data           4  ps2mouse.o(.data)
    sample_rate_history                      0x20000030   Data           8  ps2mouse.o(.data)
    hw_revision                              0x20000038   Data           1  main.o(.data)
    ps2kb_host_cmd                           0x20000039   Data           1  main.o(.data)
    ps2mouse_host_cmd                        0x2000003a   Data           1  main.o(.data)
    buffered_code                            0x2000003b   Data           1  main.o(.data)
    buffered_value                           0x2000003c   Data           1  main.o(.data)
    ps2mouse_bus_status                      0x2000003d   Data           1  main.o(.data)
    ps2kb_bus_status                         0x2000003e   Data           1  main.o(.data)
    serial_mouse_rts_response                0x2000003f   Data           1  main.o(.data)
    rts_active                               0x20000040   Data           1  main.o(.data)
    spi_error_occured                        0x20000041   Data           1  main.o(.data)
    serial_mouse_output_buf                  0x20000042   Data           3  main.o(.data)
    my_ps2mouse_buf                          0x20000048   Data           8  main.o(.data)
    uwTick                                   0x20000050   Data           4  stm32f0xx_hal.o(.data)
    SystemCoreClock                          0x20000054   Data           4  system_stm32f0xx.o(.data)
    __stdout                                 0x20000058   Data           4  stdout.o(.data)
    __microlib_freelist                      0x2000005c   Data           4  mvars.o(.data)
    __microlib_freelist_initialised          0x20000060   Data           4  mvars.o(.data)
    hi2c2                                    0x20000064   Data          76  main.o(.bss)
    hspi1                                    0x200000b0   Data         100  main.o(.bss)
    htim2                                    0x20000114   Data          64  main.o(.bss)
    huart1                                   0x20000154   Data         112  main.o(.bss)
    huart3                                   0x200001c4   Data         112  main.o(.bss)
    spi_transmit_buf                         0x20000234   Data          32  main.o(.bss)
    backup_spi1_recv_buf                     0x20000254   Data          32  main.o(.bss)
    spi_recv_buf                             0x20000274   Data          32  main.o(.bss)
    my_ps2kb_buf                             0x20000294   Data          12  main.o(.bss)
    latest_mouse_event                       0x200002a0   Data          12  main.o(.bss)
    my_ps2_outbuf                            0x200002ac   Data           9  main.o(.bss)
    __heap_base                              0x200002b8   Data           0  startup_stm32f072xb.o(HEAP)
    __heap_limit                             0x200004b8   Data           0  startup_stm32f072xb.o(HEAP)
    __initial_sp                             0x200008b8   Data           0  startup_stm32f072xb.o(STACK)



==============================================================================

Memory Map of the image

  Image Entry point : 0x080000c1

  Load Region LR_IROM1 (Base: 0x08000000, Size: 0x000035c8, Max: 0x00010000, ABSOLUTE)

    Execution Region ER_IROM1 (Exec base: 0x08000000, Load base: 0x08000000, Size: 0x00003564, Max: 0x00010000, ABSOLUTE)

    Exec Addr    Load Addr    Size         Type   Attr      Idx    E Section Name        Object

    0x08000000   0x08000000   0x000000c0   Data   RO            3    RESET               startup_stm32f072xb.o
    0x080000c0   0x080000c0   0x00000000   Code   RO         3773  * .ARM.Collect$$$$00000000  mc_p.l(entry.o)
    0x080000c0   0x080000c0   0x00000004   Code   RO         4075    .ARM.Collect$$$$00000001  mc_p.l(entry2.o)
    0x080000c4   0x080000c4   0x00000004   Code   RO         4078    .ARM.Collect$$$$00000004  mc_p.l(entry5.o)
    0x080000c8   0x080000c8   0x00000000   Code   RO         4080    .ARM.Collect$$$$00000008  mc_p.l(entry7b.o)
    0x080000c8   0x080000c8   0x00000000   Code   RO         4082    .ARM.Collect$$$$0000000A  mc_p.l(entry8b.o)
    0x080000c8   0x080000c8   0x00000008   Code   RO         4083    .ARM.Collect$$$$0000000B  mc_p.l(entry9a.o)
    0x080000d0   0x080000d0   0x00000000   Code   RO         4085    .ARM.Collect$$$$0000000D  mc_p.l(entry10a.o)
    0x080000d0   0x080000d0   0x00000000   Code   RO         4087    .ARM.Collect$$$$0000000F  mc_p.l(entry11a.o)
    0x080000d0   0x080000d0   0x00000004   Code   RO         4076    .ARM.Collect$$$$00002712  mc_p.l(entry2.o)
    0x080000d4   0x080000d4   0x0000001c   Code   RO            4    .text               startup_stm32f072xb.o
    0x080000f0   0x080000f0   0x0000002c   Code   RO         3776    .text               mc_p.l(uidiv.o)
    0x0800011c   0x0800011c   0x00000024   Code   RO         3780    .text               mc_p.l(memcpya.o)
    0x08000140   0x08000140   0x00000024   Code   RO         3782    .text               mc_p.l(memseta.o)
    0x08000164   0x08000164   0x00000024   Code   RO         4105    .text               mc_p.l(init.o)
    0x08000188   0x08000188   0x0000000a   Code   RO          574    i.EXTI0_1_IRQHandler  stm32f0xx_it.o
    0x08000192   0x08000192   0x00000048   Code   RO         3220    i.HAL_DMA_Abort_IT  stm32f0xx_hal_dma.o
    0x080001da   0x080001da   0x0000001c   Code   RO         3023    i.HAL_Delay         stm32f0xx_hal.o
    0x080001f6   0x080001f6   0x00000002   PAD
    0x080001f8   0x080001f8   0x00000010   Code   RO          437    i.HAL_GPIO_EXTI_Callback  main.o
    0x08000208   0x08000208   0x00000018   Code   RO         3157    i.HAL_GPIO_EXTI_IRQHandler  stm32f0xx_hal_gpio.o
    0x08000220   0x08000220   0x00000158   Code   RO         3158    i.HAL_GPIO_Init     stm32f0xx_hal_gpio.o
    0x08000378   0x08000378   0x0000000a   Code   RO         3160    i.HAL_GPIO_ReadPin  stm32f0xx_hal_gpio.o
    0x08000382   0x08000382   0x00000008   Code   RO         3161    i.HAL_GPIO_TogglePin  stm32f0xx_hal_gpio.o
    0x0800038a   0x0800038a   0x0000000c   Code   RO         3162    i.HAL_GPIO_WritePin  stm32f0xx_hal_gpio.o
    0x08000396   0x08000396   0x00000002   PAD
    0x08000398   0x08000398   0x0000000c   Code   RO         3027    i.HAL_GetTick       stm32f0xx_hal.o
    0x080003a4   0x080003a4   0x0000004a   Code   RO         1167    i.HAL_I2CEx_ConfigAnalogFilter  stm32f0xx_hal_i2c_ex.o
    0x080003ee   0x080003ee   0x00000048   Code   RO         1168    i.HAL_I2CEx_ConfigDigitalFilter  stm32f0xx_hal_i2c_ex.o
    0x08000436   0x08000436   0x00000002   PAD
    0x08000438   0x08000438   0x000000b4   Code   RO          754    i.HAL_I2C_Init      stm32f0xx_hal_i2c.o
    0x080004ec   0x080004ec   0x0000011c   Code   RO          755    i.HAL_I2C_IsDeviceReady  stm32f0xx_hal_i2c.o
    0x08000608   0x08000608   0x0000004c   Code   RO          641    i.HAL_I2C_MspInit   stm32f0xx_hal_msp.o
    0x08000654   0x08000654   0x00000010   Code   RO         3031    i.HAL_IncTick       stm32f0xx_hal.o
    0x08000664   0x08000664   0x00000020   Code   RO         3032    i.HAL_Init          stm32f0xx_hal.o
    0x08000684   0x08000684   0x00000022   Code   RO         3033    i.HAL_InitTick      stm32f0xx_hal.o
    0x080006a6   0x080006a6   0x00000002   PAD
    0x080006a8   0x080006a8   0x00000044   Code   RO          642    i.HAL_MspInit       stm32f0xx_hal_msp.o
    0x080006ec   0x080006ec   0x00000014   Code   RO         3315    i.HAL_NVIC_EnableIRQ  stm32f0xx_hal_cortex.o
    0x08000700   0x08000700   0x00000008   Code   RO         3319    i.HAL_NVIC_SetPriority  stm32f0xx_hal_cortex.o
    0x08000708   0x08000708   0x00000120   Code   RO         2943    i.HAL_RCCEx_PeriphCLKConfig  stm32f0xx_hal_rcc_ex.o
    0x08000828   0x08000828   0x00000154   Code   RO         2841    i.HAL_RCC_ClockConfig  stm32f0xx_hal_rcc.o
    0x0800097c   0x0800097c   0x0000000c   Code   RO         2846    i.HAL_RCC_GetHCLKFreq  stm32f0xx_hal_rcc.o
    0x08000988   0x08000988   0x00000020   Code   RO         2848    i.HAL_RCC_GetPCLK1Freq  stm32f0xx_hal_rcc.o
    0x080009a8   0x080009a8   0x00000088   Code   RO         2849    i.HAL_RCC_GetSysClockFreq  stm32f0xx_hal_rcc.o
    0x08000a30   0x08000a30   0x000003d8   Code   RO         2852    i.HAL_RCC_OscConfig  stm32f0xx_hal_rcc.o
    0x08000e08   0x08000e08   0x00000002   Code   RO         1224    i.HAL_SPI_ErrorCallback  stm32f0xx_hal_spi.o
    0x08000e0a   0x08000e0a   0x00000002   PAD
    0x08000e0c   0x08000e0c   0x000000d4   Code   RO         1227    i.HAL_SPI_IRQHandler  stm32f0xx_hal_spi.o
    0x08000ee0   0x08000ee0   0x000000b8   Code   RO         1228    i.HAL_SPI_Init      stm32f0xx_hal_spi.o
    0x08000f98   0x08000f98   0x00000054   Code   RO          644    i.HAL_SPI_MspInit   stm32f0xx_hal_msp.o
    0x08000fec   0x08000fec   0x00000002   Code   RO         1234    i.HAL_SPI_RxCpltCallback  stm32f0xx_hal_spi.o
    0x08000fee   0x08000fee   0x00000002   PAD
    0x08000ff0   0x08000ff0   0x000000d4   Code   RO         1239    i.HAL_SPI_TransmitReceive_IT  stm32f0xx_hal_spi.o
    0x080010c4   0x080010c4   0x000000f8   Code   RO          438    i.HAL_SPI_TxRxCpltCallback  main.o
    0x080011bc   0x080011bc   0x00000018   Code   RO         3321    i.HAL_SYSTICK_CLKSourceConfig  stm32f0xx_hal_cortex.o
    0x080011d4   0x080011d4   0x00000002   Code   RO         3322    i.HAL_SYSTICK_Callback  stm32f0xx_hal_cortex.o
    0x080011d6   0x080011d6   0x00000002   PAD
    0x080011d8   0x080011d8   0x00000030   Code   RO         3323    i.HAL_SYSTICK_Config  stm32f0xx_hal_cortex.o
    0x08001208   0x08001208   0x00000008   Code   RO         3324    i.HAL_SYSTICK_IRQHandler  stm32f0xx_hal_cortex.o
    0x08001210   0x08001210   0x00000048   Code   RO         2216    i.HAL_TIMEx_MasterConfigSynchronization  stm32f0xx_hal_tim_ex.o
    0x08001258   0x08001258   0x00000034   Code   RO         1562    i.HAL_TIM_Base_Init  stm32f0xx_hal_tim.o
    0x0800128c   0x0800128c   0x00000024   Code   RO          646    i.HAL_TIM_Base_MspInit  stm32f0xx_hal_msp.o
    0x080012b0   0x080012b0   0x00000018   Code   RO         1565    i.HAL_TIM_Base_Start  stm32f0xx_hal_tim.o
    0x080012c8   0x080012c8   0x000000ee   Code   RO         1571    i.HAL_TIM_ConfigClockSource  stm32f0xx_hal_tim.o
    0x080013b6   0x080013b6   0x00000002   Code   RO         2785    i.HAL_UARTEx_WakeupCallback  stm32f0xx_hal_uart_ex.o
    0x080013b8   0x080013b8   0x00000002   Code   RO         2460    i.HAL_UART_ErrorCallback  stm32f0xx_hal_uart.o
    0x080013ba   0x080013ba   0x00000002   PAD
    0x080013bc   0x080013bc   0x00000134   Code   RO         2463    i.HAL_UART_IRQHandler  stm32f0xx_hal_uart.o
    0x080014f0   0x080014f0   0x0000006c   Code   RO         2464    i.HAL_UART_Init     stm32f0xx_hal_uart.o
    0x0800155c   0x0800155c   0x00000090   Code   RO          648    i.HAL_UART_MspInit  stm32f0xx_hal_msp.o
    0x080015ec   0x080015ec   0x00000002   Code   RO         2470    i.HAL_UART_RxCpltCallback  stm32f0xx_hal_uart.o
    0x080015ee   0x080015ee   0x000000c8   Code   RO         2472    i.HAL_UART_Transmit  stm32f0xx_hal_uart.o
    0x080016b6   0x080016b6   0x00000002   Code   RO          439    i.HAL_UART_TxCpltCallback  main.o
    0x080016b8   0x080016b8   0x00000002   Code   RO          575    i.HardFault_Handler  stm32f0xx_it.o
    0x080016ba   0x080016ba   0x00000048   Code   RO          812    i.I2C_WaitOnFlagUntilTimeout  stm32f0xx_hal_i2c.o
    0x08001702   0x08001702   0x00000002   PAD
    0x08001704   0x08001704   0x00000134   Code   RO          440    i.MX_GPIO_Init      main.o
    0x08001838   0x08001838   0x00000054   Code   RO          441    i.MX_I2C2_Init      main.o
    0x0800188c   0x0800188c   0x0000003c   Code   RO          442    i.MX_SPI1_Init      main.o
    0x080018c8   0x080018c8   0x00000054   Code   RO          443    i.MX_TIM2_Init      main.o
    0x0800191c   0x0800191c   0x00000038   Code   RO          444    i.MX_USART1_UART_Init  main.o
    0x08001954   0x08001954   0x00000048   Code   RO          445    i.MX_USART3_UART_Init  main.o
    0x0800199c   0x0800199c   0x00000002   Code   RO          576    i.NMI_Handler       stm32f0xx_it.o
    0x0800199e   0x0800199e   0x00000002   PAD
    0x080019a0   0x080019a0   0x00000044   Code   RO         3325    i.NVIC_SetPriority  stm32f0xx_hal_cortex.o
    0x080019e4   0x080019e4   0x00000002   Code   RO          577    i.PendSV_Handler    stm32f0xx_it.o
    0x080019e6   0x080019e6   0x00000002   PAD
    0x080019e8   0x080019e8   0x00000010   Code   RO          578    i.SPI1_IRQHandler   stm32f0xx_it.o
    0x080019f8   0x080019f8   0x00000036   Code   RO         1246    i.SPI_2linesRxISR_16BIT  stm32f0xx_hal_spi.o
    0x08001a2e   0x08001a2e   0x0000005e   Code   RO         1247    i.SPI_2linesRxISR_8BIT  stm32f0xx_hal_spi.o
    0x08001a8c   0x08001a8c   0x00000034   Code   RO         1248    i.SPI_2linesTxISR_16BIT  stm32f0xx_hal_spi.o
    0x08001ac0   0x08001ac0   0x00000048   Code   RO         1249    i.SPI_2linesTxISR_8BIT  stm32f0xx_hal_spi.o
    0x08001b08   0x08001b08   0x00000052   Code   RO         1252    i.SPI_CloseRxTx_ISR  stm32f0xx_hal_spi.o
    0x08001b5a   0x08001b5a   0x00000012   Code   RO         1255    i.SPI_DMAAbortOnError  stm32f0xx_hal_spi.o
    0x08001b6c   0x08001b6c   0x0000004c   Code   RO         1266    i.SPI_EndRxTxTransaction  stm32f0xx_hal_spi.o
    0x08001bb8   0x08001bb8   0x00000096   Code   RO         1271    i.SPI_WaitFifoStateUntilTimeout  stm32f0xx_hal_spi.o
    0x08001c4e   0x08001c4e   0x0000008c   Code   RO         1272    i.SPI_WaitFlagStateUntilTimeout  stm32f0xx_hal_spi.o
    0x08001cda   0x08001cda   0x00000002   Code   RO          579    i.SVC_Handler       stm32f0xx_it.o
    0x08001cdc   0x08001cdc   0x0000000c   Code   RO          580    i.SysTick_Handler   stm32f0xx_it.o
    0x08001ce8   0x08001ce8   0x0000006a   Code   RO          446    i.SystemClock_Config  main.o
    0x08001d52   0x08001d52   0x00000002   PAD
    0x08001d54   0x08001d54   0x0000005c   Code   RO         3742    i.SystemInit        system_stm32f0xx.o
    0x08001db0   0x08001db0   0x00000094   Code   RO         1648    i.TIM_Base_SetConfig  stm32f0xx_hal_tim.o
    0x08001e44   0x08001e44   0x00000016   Code   RO         1655    i.TIM_ETR_SetConfig  stm32f0xx_hal_tim.o
    0x08001e5a   0x08001e5a   0x00000010   Code   RO         1656    i.TIM_ITRx_SetConfig  stm32f0xx_hal_tim.o
    0x08001e6a   0x08001e6a   0x00000022   Code   RO         1662    i.TIM_TI1_ConfigInputStage  stm32f0xx_hal_tim.o
    0x08001e8c   0x08001e8c   0x00000026   Code   RO         1664    i.TIM_TI2_ConfigInputStage  stm32f0xx_hal_tim.o
    0x08001eb2   0x08001eb2   0x000000ca   Code   RO         2477    i.UART_AdvFeatureConfig  stm32f0xx_hal_uart.o
    0x08001f7c   0x08001f7c   0x00000074   Code   RO         2478    i.UART_CheckIdleState  stm32f0xx_hal_uart.o
    0x08001ff0   0x08001ff0   0x00000014   Code   RO         2479    i.UART_DMAAbortOnError  stm32f0xx_hal_uart.o
    0x08002004   0x08002004   0x0000001e   Code   RO         2489    i.UART_EndRxTransfer  stm32f0xx_hal_uart.o
    0x08002022   0x08002022   0x0000001a   Code   RO         2490    i.UART_EndTransmit_IT  stm32f0xx_hal_uart.o
    0x0800203c   0x0800203c   0x0000007a   Code   RO         2492    i.UART_Receive_IT   stm32f0xx_hal_uart.o
    0x080020b6   0x080020b6   0x00000002   PAD
    0x080020b8   0x080020b8   0x0000015c   Code   RO         2493    i.UART_SetConfig    stm32f0xx_hal_uart.o
    0x08002214   0x08002214   0x00000066   Code   RO         2494    i.UART_Transmit_IT  stm32f0xx_hal_uart.o
    0x0800227a   0x0800227a   0x00000062   Code   RO         2495    i.UART_WaitOnFlagUntilTimeout  stm32f0xx_hal_uart.o
    0x080022dc   0x080022dc   0x00000010   Code   RO          581    i.USART3_4_IRQHandler  stm32f0xx_it.o
    0x080022ec   0x080022ec   0x00000020   Code   RO         3875    i.__0printf$3       mc_p.l(printf3.o)
    0x0800230c   0x0800230c   0x0000001a   Code   RO          327    i.__ARM_common_switch8  ps2kb.o
    0x08002326   0x08002326   0x0000000e   Code   RO         4117    i.__scatterload_copy  mc_p.l(handlers.o)
    0x08002334   0x08002334   0x00000002   Code   RO         4118    i.__scatterload_null  mc_p.l(handlers.o)
    0x08002336   0x08002336   0x0000000e   Code   RO         4119    i.__scatterload_zeroinit  mc_p.l(handlers.o)
    0x08002344   0x08002344   0x000001cc   Code   RO         3882    i._printf_core      mc_p.l(printf3.o)
    0x08002510   0x08002510   0x00000008   Code   RO          448    i.byte_to_int16_t   main.o
    0x08002518   0x08002518   0x00000014   Code   RO           12    i.delay_us          delay_us.o
    0x0800252c   0x0800252c   0x00000010   Code   RO           13    i.delay_us_init     delay_us.o
    0x0800253c   0x0800253c   0x00000018   Code   RO          449    i.fputc             main.o
    0x08002554   0x08002554   0x000000b4   Code   RO          257    i.keyboard_reply    ps2kb.o
    0x08002608   0x08002608   0x000000d0   Code   RO          450    i.main              main.o
    0x080026d8   0x080026d8   0x0000006c   Code   RO         4048    i.malloc            mc_p.l(malloc.o)
    0x08002744   0x08002744   0x00000020   Code   RO          708    i.mcp4451_is_available  mcp4451.o
    0x08002764   0x08002764   0x0000002c   Code   RO          709    i.mcp4451_reset     mcp4451.o
    0x08002790   0x08002790   0x00000010   Code   RO           14    i.micros            delay_us.o
    0x080027a0   0x080027a0   0x00000030   Code   RO          149    i.ps2kb_buf_add     helpers.o
    0x080027d0   0x080027d0   0x00000020   Code   RO          150    i.ps2kb_buf_init    helpers.o
    0x080027f0   0x080027f0   0x0000001c   Code   RO          152    i.ps2kb_buf_is_full  helpers.o
    0x0800280c   0x0800280c   0x00000020   Code   RO          153    i.ps2kb_buf_peek    helpers.o
    0x0800282c   0x0800282c   0x00000018   Code   RO          154    i.ps2kb_buf_pop     helpers.o
    0x08002844   0x08002844   0x0000001c   Code   RO          155    i.ps2kb_buf_reset   helpers.o
    0x08002860   0x08002860   0x00000044   Code   RO          259    i.ps2kb_get_bus_status  ps2kb.o
    0x080028a4   0x080028a4   0x0000001c   Code   RO          260    i.ps2kb_init        ps2kb.o
    0x080028c0   0x080028c0   0x00000144   Code   RO          261    i.ps2kb_press_key   ps2kb.o
    0x08002a04   0x08002a04   0x000000fc   Code   RO          262    i.ps2kb_read        ps2kb.o
    0x08002b00   0x08002b00   0x00000020   Code   RO          263    i.ps2kb_release_lines  ps2kb.o
    0x08002b20   0x08002b20   0x00000010   Code   RO          264    i.ps2kb_reset       ps2kb.o
    0x08002b30   0x08002b30   0x00000090   Code   RO          451    i.ps2kb_update      main.o
    0x08002bc0   0x08002bc0   0x00000044   Code   RO          265    i.ps2kb_write       ps2kb.o
    0x08002c04   0x08002c04   0x00000120   Code   RO          266    i.ps2kb_write_nowait  ps2kb.o
    0x08002d24   0x08002d24   0x00000032   Code   RO          156    i.ps2mouse_buf_add  helpers.o
    0x08002d56   0x08002d56   0x00000018   Code   RO          157    i.ps2mouse_buf_init  helpers.o
    0x08002d6e   0x08002d6e   0x0000001c   Code   RO          159    i.ps2mouse_buf_is_full  helpers.o
    0x08002d8a   0x08002d8a   0x00000016   Code   RO          160    i.ps2mouse_buf_peek  helpers.o
    0x08002da0   0x08002da0   0x00000018   Code   RO          161    i.ps2mouse_buf_pop  helpers.o
    0x08002db8   0x08002db8   0x00000016   Code   RO          162    i.ps2mouse_buf_reset  helpers.o
    0x08002dce   0x08002dce   0x00000002   PAD
    0x08002dd0   0x08002dd0   0x00000060   Code   RO          338    i.ps2mouse_get_bus_status  ps2mouse.o
    0x08002e30   0x08002e30   0x000000ac   Code   RO          339    i.ps2mouse_get_outgoing_data  ps2mouse.o
    0x08002edc   0x08002edc   0x00000198   Code   RO          340    i.ps2mouse_host_req_reply  ps2mouse.o
    0x08003074   0x08003074   0x0000001c   Code   RO          341    i.ps2mouse_init     ps2mouse.o
    0x08003090   0x08003090   0x000000f8   Code   RO          342    i.ps2mouse_read     ps2mouse.o
    0x08003188   0x08003188   0x00000020   Code   RO          343    i.ps2mouse_release_lines  ps2mouse.o
    0x080031a8   0x080031a8   0x00000018   Code   RO          344    i.ps2mouse_reset    ps2mouse.o
    0x080031c0   0x080031c0   0x00000024   Code   RO          345    i.ps2mouse_restore_defaults  ps2mouse.o
    0x080031e4   0x080031e4   0x00000026   Code   RO          346    i.ps2mouse_send_update  ps2mouse.o
    0x0800320a   0x0800320a   0x00000002   PAD
    0x0800320c   0x0800320c   0x00000064   Code   RO          452    i.ps2mouse_update   main.o
    0x08003270   0x08003270   0x00000026   Code   RO          347    i.ps2mouse_wait_for_idle  ps2mouse.o
    0x08003296   0x08003296   0x0000001a   Code   RO          348    i.ps2mouse_write    ps2mouse.o
    0x080032b0   0x080032b0   0x00000022   Code   RO          349    i.ps2mouse_write_delay_start  ps2mouse.o
    0x080032d2   0x080032d2   0x00000002   PAD
    0x080032d4   0x080032d4   0x00000120   Code   RO          350    i.ps2mouse_write_nowait  ps2mouse.o
    0x080033f4   0x080033f4   0x00000010   Code   RO          351    i.reset_accumulators  ps2mouse.o
    0x08003404   0x08003404   0x00000078   Code   RO          454    i.spi_error_dump_reboot  main.o
    0x0800347c   0x0800347c   0x00000079   Data   RO          267    .constdata          ps2kb.o
    0x080034f5   0x080034f5   0x00000037   Data   RO          460    .constdata          main.o
    0x0800352c   0x0800352c   0x00000010   Data   RO         3743    .constdata          system_stm32f0xx.o
    0x0800353c   0x0800353c   0x00000008   Data   RO         3744    .constdata          system_stm32f0xx.o
    0x08003544   0x08003544   0x00000020   Data   RO         4115    Region$$Table       anon$$obj.o


    Execution Region RW_IRAM1 (Exec base: 0x20000000, Load base: 0x08003564, Size: 0x000008b8, Max: 0x00004000, ABSOLUTE)

    Exec Addr    Load Addr    Size         Type   Attr      Idx    E Section Name        Object

    0x20000000   0x08003564   0x00000004   Data   RW           15    .data               delay_us.o
    0x20000004   0x08003568   0x00000014   Data   RW          268    .data               ps2kb.o
    0x20000018   0x0800357c   0x00000020   Data   RW          352    .data               ps2mouse.o
    0x20000038   0x0800359c   0x00000018   Data   RW          461    .data               main.o
    0x20000050   0x080035b4   0x00000004   Data   RW         3038    .data               stm32f0xx_hal.o
    0x20000054   0x080035b8   0x00000004   Data   RW         3745    .data               system_stm32f0xx.o
    0x20000058   0x080035bc   0x00000004   Data   RW         4089    .data               mc_p.l(stdout.o)
    0x2000005c   0x080035c0   0x00000004   Data   RW         4092    .data               mc_p.l(mvars.o)
    0x20000060   0x080035c4   0x00000004   Data   RW         4093    .data               mc_p.l(mvars.o)
    0x20000064        -       0x00000251   Zero   RW          455    .bss                main.o
    0x200002b5   0x080035c8   0x00000003   PAD
    0x200002b8        -       0x00000200   Zero   RW            2    HEAP                startup_stm32f072xb.o
    0x200004b8        -       0x00000400   Zero   RW            1    STACK               startup_stm32f072xb.o


==============================================================================

Image component sizes


      Code (inc. data)   RO Data    RW Data    ZI Data      Debug   Object Name

        52         10          0          4          0     505155   delay_us.o
       362          0          0          0          0       8148   helpers.o
      1640        206         55         24        593      17289   main.o
        76         12          0          0          0        947   mcp4451.o
      1282         78        121         20          0       8086   ps2kb.o
      1484         72          0         32          0      11410   ps2mouse.o
        28          8        192          0       1536        628   startup_stm32f072xb.o
       122         18          0          4          0       3603   stm32f0xx_hal.o
       178         28          0          0          0      10499   stm32f0xx_hal_cortex.o
        72          0          0          0          0       1095   stm32f0xx_hal_dma.o
       398         36          0          0          0       4019   stm32f0xx_hal_gpio.o
       536          8          0          0          0       4963   stm32f0xx_hal_i2c.o
       146          0          0          0          0       1895   stm32f0xx_hal_i2c_ex.o
       408         48          0          0          0       3412   stm32f0xx_hal_msp.o
      1504        102          0          0          0       5149   stm32f0xx_hal_rcc.o
       288         14          0          0          0       1500   stm32f0xx_hal_rcc_ex.o
      1350         20          0          0          0      10474   stm32f0xx_hal_spi.o
       572         24          0          0          0       6420   stm32f0xx_hal_tim.o
        72          0          0          0          0       1268   stm32f0xx_hal_tim_ex.o
      1684         50          0          0          0      11109   stm32f0xx_hal_uart.o
         2          0          0          0          0        976   stm32f0xx_hal_uart_ex.o
        62         12          0          0          0       3420   stm32f0xx_it.o
        92         16         24          4          0       1131   system_stm32f0xx.o

    ----------------------------------------------------------------------
     12442        762        424         88       2132     622596   Object Totals
         0          0         32          0          0          0   (incl. Generated)
        32          0          0          0          3          0   (incl. Padding)

    ----------------------------------------------------------------------

      Code (inc. data)   RO Data    RW Data    ZI Data      Debug   Library Member Name

         0          0          0          0          0          0   entry.o
         0          0          0          0          0          0   entry10a.o
         0          0          0          0          0          0   entry11a.o
         8          4          0          0          0          0   entry2.o
         4          0          0          0          0          0   entry5.o
         0          0          0          0          0          0   entry7b.o
         0          0          0          0          0          0   entry8b.o
         8          4          0          0          0          0   entry9a.o
        30          0          0          0          0          0   handlers.o
        36          8          0          0          0         68   init.o
       108         16          0          0          0         76   malloc.o
        36          0          0          0          0         60   memcpya.o
        36          0          0          0          0        100   memseta.o
         0          0          0          8          0          0   mvars.o
       492         12          0          0          0        168   printf3.o
         0          0          0          4          0          0   stdout.o
        44          0          0          0          0         72   uidiv.o

    ----------------------------------------------------------------------
       802         44          0         12          0        544   Library Totals
         0          0          0          0          0          0   (incl. Padding)

    ----------------------------------------------------------------------

      Code (inc. data)   RO Data    RW Data    ZI Data      Debug   Library Name

       802         44          0         12          0        544   mc_p.l

    ----------------------------------------------------------------------
       802         44          0         12          0        544   Library Totals

    ----------------------------------------------------------------------

==============================================================================


      Code (inc. data)   RO Data    RW Data    ZI Data      Debug   

     13244        806        424        100       2132     617264   Grand Totals
     13244        806        424        100       2132     617264   ELF Image Totals
     13244        806        424        100          0          0   ROM Totals

==============================================================================

    Total RO  Size (Code + RO Data)                13668 (  13.35kB)
    Total RW  Size (RW Data + ZI Data)              2232 (   2.18kB)
    Total ROM Size (Code + RO Data + RW Data)      13768 (  13.45kB)

==============================================================================

