<html>
<body>
<pre>
<h1>µVision Build Log</h1>
<h2>Tool Versions:</h2>
IDE-Version: µVision V5.29.0.0
Copyright (C) 2019 ARM Ltd and ARM Germany GmbH. All rights reserved.
License Information: deku nukem, dekunukem, LIC=7N0AE-5G7PR-SPLG1-Q3EZ5-YXSRG-4MU7E
 
Tool Versions:
Toolchain:       MDK-ARM Cortex-M0/M0+ 256K for ST  Version: 5.29.0.0
Toolchain Path:  C:\Keil_v5\ARM\ARMCC\Bin
C Compiler:      Armcc.exe V5.06 update 6 (build 750)
Assembler:       Armasm.exe V5.06 update 6 (build 750)
Linker/Locator:  ArmLink.exe V5.06 update 6 (build 750)
Library Manager: ArmAr.exe V5.06 update 6 (build 750)
Hex Converter:   FromElf.exe V5.06 update 6 (build 750)
CPU DLL:         SARMCM3.DLL V5.29.0.0
Dialog DLL:      DARMCM1.DLL V1.19.2.0
Target DLL:      STLink\ST-LINKIII-KEIL_SWO.dll V3.0.7.0
Dialog DLL:      TARMCM1.DLL V1.14.1.0
 
<h2>Project:</h2>
C:\Users\allen\Desktop\repos\usb2ps2\firmware\ibmpc\MDK-ARM\ibmpc.uvprojx
Project File Date:  05/13/2022

<h2>Output:</h2>
*** Using Compiler 'V5.06 update 6 (build 750)', folder: 'C:\Keil_v5\ARM\ARMCC\Bin'
Build target 'ibmpc'
assembling startup_stm32f072xb.s...
compiling xt_kb.c...
compiling stm32f0xx_hal_i2c_ex.c...
compiling mcp4451.c...
compiling ps2kb.c...
compiling stm32f0xx_it.c...
compiling delay_us.c...
compiling helpers.c...
compiling stm32f0xx_hal_msp.c...
compiling ps2mouse.c...
..\Src\ps2mouse.c(157): warning:  #1182-D: a declaration cannot have a label
    uint32_t ps2mouse_wait_start = HAL_GetTick();
..\Src\ps2mouse.c: 1 warning, 0 errors
compiling main.c...
../Src/main.c(518): warning:  #188-D: enumerated type mixed with another type
      HAL_GPIO_WritePin(GAMEPAD_B1_GPIO_Port, GAMEPAD_B1_Pin, !(this_gamepad_event->button_1));
../Src/main.c(519): warning:  #188-D: enumerated type mixed with another type
      HAL_GPIO_WritePin(GAMEPAD_B2_GPIO_Port, GAMEPAD_B2_Pin, !(this_gamepad_event->button_2));
../Src/main.c(520): warning:  #188-D: enumerated type mixed with another type
      HAL_GPIO_WritePin(GAMEPAD_B3_GPIO_Port, GAMEPAD_B3_Pin, !(this_gamepad_event->button_3));
../Src/main.c(521): warning:  #188-D: enumerated type mixed with another type
      HAL_GPIO_WritePin(GAMEPAD_B4_GPIO_Port, GAMEPAD_B4_Pin, !(this_gamepad_event->button_4));
../Src/main.c: 4 warnings, 0 errors
compiling stm32f0xx_hal_i2c.c...
compiling stm32f0xx_hal_iwdg.c...
compiling stm32f0xx_hal_uart_ex.c...
compiling stm32f0xx_hal.c...
compiling stm32f0xx_hal_spi_ex.c...
compiling stm32f0xx_hal_tim_ex.c...
compiling stm32f0xx_hal_uart.c...
compiling stm32f0xx_hal_gpio.c...
compiling stm32f0xx_hal_rcc_ex.c...
compiling stm32f0xx_hal_spi.c...
compiling stm32f0xx_hal_dma.c...
compiling stm32f0xx_hal_rcc.c...
compiling stm32f0xx_hal_tim.c...
compiling stm32f0xx_hal_cortex.c...
compiling stm32f0xx_hal_flash.c...
compiling system_stm32f0xx.c...
compiling stm32f0xx_hal_pwr.c...
compiling stm32f0xx_hal_flash_ex.c...
compiling stm32f0xx_hal_pwr_ex.c...
linking...
Program Size: Code=17144 RO-data=768 RW-data=140 ZI-data=2324  
FromELF: creating hex file...
"ibmpc\ibmpc.axf" - 0 Error(s), 5 Warning(s).

<h2>Software Packages used:</h2>

Package Vendor: ARM
                http://www.keil.com/pack/ARM.CMSIS.5.6.0.pack
                ARM.CMSIS.5.6.0
                CMSIS (Cortex Microcontroller Software Interface Standard)
   * Component: CORE Version: 5.3.0

Package Vendor: Keil
                http://www.keil.com/pack/Keil.STM32F0xx_DFP.2.0.0.pack
                Keil.STM32F0xx_DFP.2.0.0
                STMicroelectronics STM32F0 Series Device Support, Drivers and Examples

<h2>Collection of Component include folders:</h2>
  .\RTE\_ibmpc
  C:\Users\allen\AppData\Local\Arm\Packs\ARM\CMSIS\5.6.0\CMSIS\Core\Include
  C:\Users\allen\AppData\Local\Arm\Packs\Keil\STM32F0xx_DFP\2.0.0\Drivers\CMSIS\Device\ST\STM32F0xx\Include

<h2>Collection of Component Files used:</h2>

   * Component: ARM::CMSIS:CORE:5.3.0
Build Time Elapsed:  00:00:10
</pre>
</body>
</html>
